Archive member included to satisfy reference by file (symbol)

d:/program files (x86)/gnu arm embedded toolchain/10 2021.10/bin/../lib/gcc/arm-none-eabi/10.3.1/../../../../arm-none-eabi/lib/thumb/v7-m/nofp\libc.a(lib_a-exit.o)
                              d:/program files (x86)/gnu arm embedded toolchain/10 2021.10/bin/../lib/gcc/arm-none-eabi/10.3.1/../../../../arm-none-eabi/lib/thumb/v7-m/nofp/crt0.o (exit)
d:/program files (x86)/gnu arm embedded toolchain/10 2021.10/bin/../lib/gcc/arm-none-eabi/10.3.1/../../../../arm-none-eabi/lib/thumb/v7-m/nofp\libc.a(lib_a-impure.o)
                              d:/program files (x86)/gnu arm embedded toolchain/10 2021.10/bin/../lib/gcc/arm-none-eabi/10.3.1/../../../../arm-none-eabi/lib/thumb/v7-m/nofp\libc.a(lib_a-exit.o) (_global_impure_ptr)
d:/program files (x86)/gnu arm embedded toolchain/10 2021.10/bin/../lib/gcc/arm-none-eabi/10.3.1/../../../../arm-none-eabi/lib/thumb/v7-m/nofp\libc.a(lib_a-init.o)
                              d:/program files (x86)/gnu arm embedded toolchain/10 2021.10/bin/../lib/gcc/arm-none-eabi/10.3.1/../../../../arm-none-eabi/lib/thumb/v7-m/nofp/crt0.o (__libc_init_array)
d:/program files (x86)/gnu arm embedded toolchain/10 2021.10/bin/../lib/gcc/arm-none-eabi/10.3.1/../../../../arm-none-eabi/lib/thumb/v7-m/nofp\libc.a(lib_a-memset.o)
                              d:/program files (x86)/gnu arm embedded toolchain/10 2021.10/bin/../lib/gcc/arm-none-eabi/10.3.1/../../../../arm-none-eabi/lib/thumb/v7-m/nofp/crt0.o (memset)
d:/program files (x86)/gnu arm embedded toolchain/10 2021.10/bin/../lib/gcc/arm-none-eabi/10.3.1/../../../../arm-none-eabi/lib/thumb/v7-m/nofp\libc.a(lib_a-strlen-stub.o)
                              build/usart.o (strlen)
d:/program files (x86)/gnu arm embedded toolchain/10 2021.10/bin/../lib/gcc/arm-none-eabi/10.3.1/../../../../arm-none-eabi/lib/thumb/v7-m/nofp\libc.a(lib_a-vsprintf.o)
                              build/usart.o (vsprintf)
d:/program files (x86)/gnu arm embedded toolchain/10 2021.10/bin/../lib/gcc/arm-none-eabi/10.3.1/../../../../arm-none-eabi/lib/thumb/v7-m/nofp\libc.a(lib_a-__call_atexit.o)
                              d:/program files (x86)/gnu arm embedded toolchain/10 2021.10/bin/../lib/gcc/arm-none-eabi/10.3.1/../../../../arm-none-eabi/lib/thumb/v7-m/nofp\libc.a(lib_a-exit.o) (__call_exitprocs)
d:/program files (x86)/gnu arm embedded toolchain/10 2021.10/bin/../lib/gcc/arm-none-eabi/10.3.1/../../../../arm-none-eabi/lib/thumb/v7-m/nofp\libc.a(lib_a-atexit.o)
                              d:/program files (x86)/gnu arm embedded toolchain/10 2021.10/bin/../lib/gcc/arm-none-eabi/10.3.1/../../../../arm-none-eabi/lib/thumb/v7-m/nofp\libc.a(lib_a-__call_atexit.o) (atexit)
d:/program files (x86)/gnu arm embedded toolchain/10 2021.10/bin/../lib/gcc/arm-none-eabi/10.3.1/../../../../arm-none-eabi/lib/thumb/v7-m/nofp\libc.a(lib_a-fini.o)
                              d:/program files (x86)/gnu arm embedded toolchain/10 2021.10/bin/../lib/gcc/arm-none-eabi/10.3.1/../../../../arm-none-eabi/lib/thumb/v7-m/nofp\libc.a(lib_a-__call_atexit.o) (__libc_fini_array)
d:/program files (x86)/gnu arm embedded toolchain/10 2021.10/bin/../lib/gcc/arm-none-eabi/10.3.1/../../../../arm-none-eabi/lib/thumb/v7-m/nofp\libc.a(lib_a-lock.o)
                              d:/program files (x86)/gnu arm embedded toolchain/10 2021.10/bin/../lib/gcc/arm-none-eabi/10.3.1/../../../../arm-none-eabi/lib/thumb/v7-m/nofp\libc.a(lib_a-__call_atexit.o) (__retarget_lock_acquire_recursive)
d:/program files (x86)/gnu arm embedded toolchain/10 2021.10/bin/../lib/gcc/arm-none-eabi/10.3.1/../../../../arm-none-eabi/lib/thumb/v7-m/nofp\libc.a(lib_a-svfprintf.o)
                              d:/program files (x86)/gnu arm embedded toolchain/10 2021.10/bin/../lib/gcc/arm-none-eabi/10.3.1/../../../../arm-none-eabi/lib/thumb/v7-m/nofp\libc.a(lib_a-vsprintf.o) (_svfprintf_r)
d:/program files (x86)/gnu arm embedded toolchain/10 2021.10/bin/../lib/gcc/arm-none-eabi/10.3.1/../../../../arm-none-eabi/lib/thumb/v7-m/nofp\libc.a(lib_a-__atexit.o)
                              d:/program files (x86)/gnu arm embedded toolchain/10 2021.10/bin/../lib/gcc/arm-none-eabi/10.3.1/../../../../arm-none-eabi/lib/thumb/v7-m/nofp\libc.a(lib_a-atexit.o) (__register_exitproc)
d:/program files (x86)/gnu arm embedded toolchain/10 2021.10/bin/../lib/gcc/arm-none-eabi/10.3.1/../../../../arm-none-eabi/lib/thumb/v7-m/nofp\libc.a(lib_a-dtoa.o)
                              d:/program files (x86)/gnu arm embedded toolchain/10 2021.10/bin/../lib/gcc/arm-none-eabi/10.3.1/../../../../arm-none-eabi/lib/thumb/v7-m/nofp\libc.a(lib_a-svfprintf.o) (_dtoa_r)
d:/program files (x86)/gnu arm embedded toolchain/10 2021.10/bin/../lib/gcc/arm-none-eabi/10.3.1/../../../../arm-none-eabi/lib/thumb/v7-m/nofp\libc.a(lib_a-freer.o)
[...]
Memory Configuration

Name             Origin             Length             Attributes
RAM              0x20000000         0x0000c000         xrw
FLASH            0x08000000         0x00040000         xr
*default*        0x00000000         0xffffffff

Linker script and memory map

LOAD d:/program files (x86)/gnu arm embedded toolchain/10 2021.10/bin/../lib/gcc/arm-none-eabi/10.3.1/thumb/v7-m/nofp/crti.o
LOAD d:/program files (x86)/gnu arm embedded toolchain/10 2021.10/bin/../lib/gcc/arm-none-eabi/10.3.1/thumb/v7-m/nofp/crtbegin.o
LOAD d:/program files (x86)/gnu arm embedded toolchain/10 2021.10/bin/../lib/gcc/arm-none-eabi/10.3.1/../../../../arm-none-eabi/lib/thumb/v7-m/nofp/crt0.o
LOAD build/main.o
LOAD build/gpio.o
LOAD build/tim.o
LOAD build/jy62.o
LOAD build/zigbee_edc24.o
LOAD build/stm32f1xx_it.o
LOAD build/stm32f1xx_hal_msp.o
LOAD build/stm32f1xx_hal_gpio_ex.o
LOAD build/stm32f1xx_hal_tim.o
LOAD build/stm32f1xx_hal_tim_ex.o
LOAD build/stm32f1xx_hal.o
LOAD build/stm32f1xx_hal_rcc.o
LOAD build/stm32f1xx_hal_rcc_ex.o
LOAD build/stm32f1xx_hal_gpio.o
LOAD build/stm32f1xx_hal_dma.o
LOAD build/stm32f1xx_hal_cortex.o
LOAD build/stm32f1xx_hal_pwr.o
LOAD build/stm32f1xx_hal_flash.o
LOAD build/stm32f1xx_hal_flash_ex.o
LOAD build/stm32f1xx_hal_exti.o
LOAD build/system_stm32f1xx.o
LOAD build/dma.o
LOAD build/usart.o
LOAD build/stm32f1xx_hal_uart.o
LOAD build/startup_stm32f103xe.o
LOAD d:/program files (x86)/gnu arm embedded toolchain/10 2021.10/bin/../lib/gcc/arm-none-eabi/10.3.1/../../../../arm-none-eabi/lib/thumb/v7-m/nofp\libc.a
LOAD d:/program files (x86)/gnu arm embedded toolchain/10 2021.10/bin/../lib/gcc/arm-none-eabi/10.3.1/../../../../arm-none-eabi/lib/thumb/v7-m/nofp\libm.a
LOAD d:/program files (x86)/gnu arm embedded toolchain/10 2021.10/bin/../lib/gcc/arm-none-eabi/10.3.1/../../../../arm-none-eabi/lib/thumb/v7-m/nofp\libnosys.a
START GROUP
LOAD d:/program files (x86)/gnu arm embedded toolchain/10 2021.10/bin/../lib/gcc/arm-none-eabi/10.3.1/thumb/v7-m/nofp\libgcc.a
LOAD d:/program files (x86)/gnu arm embedded toolchain/10 2021.10/bin/../lib/gcc/arm-none-eabi/10.3.1/../../../../arm-none-eabi/lib/thumb/v7-m/nofp\libc.a
END GROUP
START GROUP
LOAD d:/program files (x86)/gnu arm embedded toolchain/10 2021.10/bin/../lib/gcc/arm-none-eabi/10.3.1/thumb/v7-m/nofp\libgcc.a
LOAD d:/program files (x86)/gnu arm embedded toolchain/10 2021.10/bin/../lib/gcc/arm-none-eabi/10.3.1/../../../../arm-none-eabi/lib/thumb/v7-m/nofp\libc.a
LOAD d:/program files (x86)/gnu arm embedded toolchain/10 2021.10/bin/../lib/gcc/arm-none-eabi/10.3.1/../../../../arm-none-eabi/lib/thumb/v7-m/nofp\libnosys.a
END GROUP
LOAD d:/program files (x86)/gnu arm embedded toolchain/10 2021.10/bin/../lib/gcc/arm-none-eabi/10.3.1/thumb/v7-m/nofp/crtend.o
LOAD d:/program files (x86)/gnu arm embedded toolchain/10 2021.10/bin/../lib/gcc/arm-none-eabi/10.3.1/thumb/v7-m/nofp/crtn.o
                0x2000c000                _estack = (ORIGIN (RAM) + LENGTH (RAM))
                0x00000200                _Min_Heap_Size = 0x200
                0x00000400                _Min_Stack_Size = 0x400

.isr_vector     0x08000000      0x1e4
                0x08000000                . = ALIGN (0x4)
 *(.isr_vector)
 .isr_vector    0x08000000      0x1e4 build/startup_stm32f103xe.o
                0x08000000                g_pfnVectors
                0x080001e4                . = ALIGN (0x4)

.text           0x080001e8     0xca84
                0x080001e8                . = ALIGN (0x4)
 *(.text)
 .text          0x080001e8       0x40 d:/program files (x86)/gnu arm embedded toolchain/10 2021.10/bin/../lib/gcc/arm-none-eabi/10.3.1/thumb/v7-m/nofp/crtbegin.o
 .text          0x08000228       0xec d:/program files (x86)/gnu arm embedded toolchain/10 2021.10/bin/../lib/gcc/arm-none-eabi/10.3.1/../../../../arm-none-eabi/lib/thumb/v7-m/nofp\libc.a(lib_a-memcpy.o)
                0x08000228                memcpy
 .text          0x08000314      0x378 d:/program files (x86)/gnu arm embedded toolchain/10 2021.10/bin/../lib/gcc/arm-none-eabi/10.3.1/thumb/v7-m/nofp\libgcc.a(_arm_addsubdf3.o)
                0x08000314                __aeabi_drsub
                0x0800031c                __aeabi_dsub
                0x0800031c                __subdf3
                0x08000320                __aeabi_dadd
                0x08000320                __adddf3
                0x08000598                __floatunsidf
                0x08000598                __aeabi_ui2d
                0x080005b8                __floatsidf
                0x080005b8                __aeabi_i2d
                0x080005dc                __aeabi_f2d
                0x080005dc                __extendsfdf2
                0x08000620                __floatundidf
                0x08000620                __aeabi_ul2d
                0x08000630                __floatdidf
                0x08000630                __aeabi_l2d
 .text          0x0800068c      0x424 d:/program files (x86)/gnu arm embedded toolchain/10 2021.10/bin/../lib/gcc/arm-none-eabi/10.3.1/thumb/v7-m/nofp\libgcc.a(_arm_muldivdf3.o)
                0x0800068c                __aeabi_dmul
                0x0800068c                __muldf3
                0x080008e0                __divdf3
                0x080008e0                __aeabi_ddiv
 .text          0x08000ab0      0x110 d:/program files (x86)/gnu arm embedded toolchain/10 2021.10/bin/../lib/gcc/arm-none-eabi/10.3.1/thumb/v7-m/nofp\libgcc.a(_arm_cmpdf2.o)
                0x08000ab0                __gtdf2
                0x08000ab0                __gedf2
                0x08000ab8                __ltdf2
                0x08000ab8                __ledf2
                0x08000ac0                __nedf2
                0x08000ac0                __eqdf2
                0x08000ac0                __cmpdf2
                0x08000b3c                __aeabi_cdrcmple
                0x08000b4c                __aeabi_cdcmpeq
                0x08000b4c                __aeabi_cdcmple
                0x08000b5c                __aeabi_dcmpeq
                0x08000b70                __aeabi_dcmplt
                0x08000b84                __aeabi_dcmple
                0x08000b98                __aeabi_dcmpge
                0x08000bac                __aeabi_dcmpgt
 .text          0x08000bc0       0x2c d:/program files (x86)/gnu arm embedded toolchain/10 2021.10/bin/../lib/gcc/arm-none-eabi/10.3.1/thumb/v7-m/nofp\libgcc.a(_arm_unorddf2.o)
                0x08000bc0                __unorddf2
                0x08000bc0                __aeabi_dcmpun
 .text          0x08000bec       0x50 d:/program files (x86)/gnu arm embedded toolchain/10 2021.10/bin/../lib/gcc/arm-none-eabi/10.3.1/thumb/v7-m/nofp\libgcc.a(_arm_fixdfsi.o)
                0x08000bec                __aeabi_d2iz
                0x08000bec                __fixdfsi
 .text          0x08000c3c       0xa0 d:/program files (x86)/gnu arm embedded toolchain/10 2021.10/bin/../lib/gcc/arm-none-eabi/10.3.1/thumb/v7-m/nofp\libgcc.a(_arm_truncdfsf2.o)
                0x08000c3c                __truncdfsf2
                0x08000c3c                __aeabi_d2f
 .text          0x08000cdc      0x21c d:/program files (x86)/gnu arm embedded toolchain/10 2021.10/bin/../lib/gcc/arm-none-eabi/10.3.1/thumb/v7-m/nofp\libgcc.a(_arm_addsubsf3.o)
                0x08000cdc                __aeabi_frsub
                0x08000ce4                __subsf3
                0x08000ce4                __aeabi_fsub
                0x08000ce8                __aeabi_fadd
                0x08000ce8                __addsf3
                0x08000e48                __aeabi_ui2f
                0x08000e48                __floatunsisf
                0x08000e50                __aeabi_i2f
                0x08000e50                __floatsisf
                0x08000e6c                __aeabi_ul2f
                0x08000e6c                __floatundisf
                0x08000e7c                __aeabi_l2f
                0x08000e7c                __floatdisf
 .text          0x08000ef8      0x2a0 d:/program files (x86)/gnu arm embedded toolchain/10 2021.10/bin/../lib/gcc/arm-none-eabi/10.3.1/thumb/v7-m/nofp\libgcc.a(_arm_muldivsf3.o)
                0x08000ef8                __mulsf3
                0x08000ef8                __aeabi_fmul
                0x08001060                __aeabi_fdiv
                0x08001060                __divsf3
 .text          0x08001198       0xec d:/program files (x86)/gnu arm embedded toolchain/10 2021.10/bin/../lib/gcc/arm-none-eabi/10.3.1/thumb/v7-m/nofp\libgcc.a(_arm_cmpsf2.o)
                0x08001198                __gesf2
                0x08001198                __gtsf2
                0x080011a0                __lesf2
                0x080011a0                __ltsf2
                0x080011a8                __nesf2
                0x080011a8                __eqsf2
                0x080011a8                __cmpsf2
                0x08001208                __aeabi_cfrcmple
                0x08001210                __aeabi_cfcmpeq
                0x08001210                __aeabi_cfcmple
                0x08001220                __aeabi_fcmpeq
                0x08001234                __aeabi_fcmplt
                0x08001248                __aeabi_fcmple
                0x0800125c                __aeabi_fcmpge
                0x08001270                __aeabi_fcmpgt
 .text          0x08001284       0x4c d:/program files (x86)/gnu arm embedded toolchain/10 2021.10/bin/../lib/gcc/arm-none-eabi/10.3.1/thumb/v7-m/nofp\libgcc.a(_arm_fixsfsi.o)
                0x08001284                __aeabi_f2iz
                0x08001284                __fixsfsi
 .text          0x080012d0       0x40 d:/program files (x86)/gnu arm embedded toolchain/10 2021.10/bin/../lib/gcc/arm-none-eabi/10.3.1/thumb/v7-m/nofp\libgcc.a(_arm_fixunssfsi.o)
                0x080012d0                __fixunssfsi
                0x080012d0                __aeabi_f2uiz
 .text          0x08001310       0x30 d:/program files (x86)/gnu arm embedded toolchain/10 2021.10/bin/../lib/gcc/arm-none-eabi/10.3.1/thumb/v7-m/nofp\libgcc.a(_aeabi_uldivmod.o)
                0x08001310                __aeabi_uldivmod
 .text          0x08001340      0x2d4 d:/program files (x86)/gnu arm embedded toolchain/10 2021.10/bin/../lib/gcc/arm-none-eabi/10.3.1/thumb/v7-m/nofp\libgcc.a(_udivmoddi4.o)
                0x08001340                __udivmoddi4
 .text          0x08001614        0x4 d:/program files (x86)/gnu arm embedded toolchain/10 2021.10/bin/../lib/gcc/arm-none-eabi/10.3.1/thumb/v7-m/nofp\libgcc.a(_dvmd_tls.o)
                0x08001614                __aeabi_idiv0
                0x08001614                __aeabi_ldiv0
 *(.text*)
 .text.PID      0x08001618       0x78 build/main.o
                0x08001618                PID
 .text.SetGoal  0x08001690       0x14 build/main.o
                0x08001690                SetGoal
 .text.ReSetGoal
                0x080016a4       0xb0 build/main.o
                0x080016a4                ReSetGoal
 *fill*         0x08001754        0x4 
 .text.HAL_TIM_PeriodElapsedCallback
                0x08001758      0x278 build/main.o
                0x08001758                HAL_TIM_PeriodElapsedCallback
 .text.GetPosition
                0x080019d0       0x24 build/main.o
                0x080019d0                GetPosition
 .text.sqr      0x080019f4        0x6 build/main.o
                0x080019f4                sqr
 .text.calc_euclid2
                0x080019fa       0x26 build/main.o
                0x080019fa                calc_euclid2
 .text.Touch    0x08001a20       0x2e build/main.o
                0x08001a20                Touch
 *fill*         0x08001a4e        0x2 
 .text.delete_orderbyid
                0x08001a50       0x70 build/main.o
                0x08001a50                delete_orderbyid
 .text.InterAct
                0x08001ac0      0x108 build/main.o
                0x08001ac0                InterAct
 .text.Solve1   0x08001bc8      0x3ac build/main.o
                0x08001bc8                Solve1
 .text.Error_Handler
                0x08001f74        0x4 build/main.o
                0x08001f74                Error_Handler
 .text.SystemClock_Config
                0x08001f78       0x64 build/main.o
                0x08001f78                SystemClock_Config
 .text.main     0x08001fdc      0x138 build/main.o
                0x08001fdc                main
 .text.MX_GPIO_Init
                0x08002114       0xb4 build/gpio.o
                0x08002114                MX_GPIO_Init
 .text.MX_TIM1_Init
                0x080021c8       0x70 build/tim.o
                0x080021c8                MX_TIM1_Init
 .text.MX_TIM2_Init
                0x08002238       0x64 build/tim.o
                0x08002238                MX_TIM2_Init
 .text.MX_TIM3_Init
                0x0800229c       0x64 build/tim.o
                0x0800229c                MX_TIM3_Init
 .text.MX_TIM4_Init
                0x08002300       0x64 build/tim.o
                0x08002300                MX_TIM4_Init
 .text.MX_TIM5_Init
                0x08002364       0x64 build/tim.o
                0x08002364                MX_TIM5_Init
 .text.HAL_TIM_Base_MspInit
                0x080023c8       0x60 build/tim.o
                0x080023c8                HAL_TIM_Base_MspInit
 .text.HAL_TIM_Encoder_MspInit
                0x08002428      0x154 build/tim.o
                0x08002428                HAL_TIM_Encoder_MspInit
 .text.HAL_TIM_MspPostInit
                0x0800257c       0x50 build/tim.o
                0x0800257c                HAL_TIM_MspPostInit
 .text.MX_TIM8_Init
                0x080025cc      0x120 build/tim.o
                0x080025cc                MX_TIM8_Init
 .text.jy62_Init
                0x080026ec       0x18 build/jy62.o
                0x080026ec                jy62_Init
 .text.SetBaud  0x08002704       0x3c build/jy62.o
                0x08002704                SetBaud
 .text.SetHorizontal
                0x08002740       0x1c build/jy62.o
                0x08002740                SetHorizontal
 .text.InitAngle
                0x0800275c       0x1c build/jy62.o
                0x0800275c                InitAngle
 .text.Calibrate
                0x08002778       0x1c build/jy62.o
                0x08002778                Calibrate
 .text.SleepOrAwake
                0x08002794       0x1c build/jy62.o
                0x08002794                SleepOrAwake
 .text.GetYaw   0x080027b0        0xc build/jy62.o
                0x080027b0                GetYaw
 .text.DecodeAngle
                0x080027bc       0x68 build/jy62.o
                0x080027bc                DecodeAngle
 *fill*         0x08002824        0x4 
 .text.DecodeAccelerate
                0x08002828       0xa8 build/jy62.o
                0x08002828                DecodeAccelerate
 .text.DecodeVelocity
                0x080028d0       0x68 build/jy62.o
                0x080028d0                DecodeVelocity
 .text.DecodeTemperature
                0x08002938       0x44 build/jy62.o
                0x08002938                DecodeTemperature
 .text.Decode   0x0800297c       0x30 build/jy62.o
                0x0800297c                Decode
 .text.jy62MessageRecord
                0x080029ac       0x94 build/jy62.o
                0x080029ac                jy62MessageRecord
 .text.CalculateChecksum
                0x08002a40       0x16 build/zigbee_edc24.o
 .text.change_float_data
                0x08002a56        0x4 build/zigbee_edc24.o
 *fill*         0x08002a5a        0x2 
 .text.HAL_UART_ErrorCallback
                0x08002a5c       0x30 build/zigbee_edc24.o
                0x08002a5c                HAL_UART_ErrorCallback
 .text.HAL_UARTEx_RxEventCallback
                0x08002a8c       0x1c build/zigbee_edc24.o
                0x08002a8c                HAL_UARTEx_RxEventCallback
 .text.zigbee_Init
                0x08002aa8       0x50 build/zigbee_edc24.o
                0x08002aa8                zigbee_Init
 .text.zigbeeMessageRecord
                0x08002af8       0xd4 build/zigbee_edc24.o
                0x08002af8                zigbeeMessageRecord
 .text.getGameTime
                0x08002bcc        0xc build/zigbee_edc24.o
                0x08002bcc                getGameTime
 .text.getVehiclePos
                0x08002bd8       0x34 build/zigbee_edc24.o
                0x08002bd8                getVehiclePos
 .text.getOrderNum
                0x08002c0c        0xc build/zigbee_edc24.o
                0x08002c0c                getOrderNum
 .text.getOneOrder
                0x08002c18       0x54 build/zigbee_edc24.o
                0x08002c18                getOneOrder
 .text.getLatestPendingOrder
                0x08002c6c       0x54 build/zigbee_edc24.o
                0x08002c6c                getLatestPendingOrder
 .text.getGameStage
                0x08002cc0        0xc build/zigbee_edc24.o
                0x08002cc0                getGameStage
 .text.reqGameInfo
                0x08002ccc       0x1c build/zigbee_edc24.o
                0x08002ccc                reqGameInfo
 .text.setChargingPile
                0x08002ce8       0x1c build/zigbee_edc24.o
                0x08002ce8                setChargingPile
 .text.NMI_Handler
                0x08002d04        0x2 build/stm32f1xx_it.o
                0x08002d04                NMI_Handler
 .text.HardFault_Handler
                0x08002d06        0x2 build/stm32f1xx_it.o
                0x08002d06                HardFault_Handler
 .text.MemManage_Handler
                0x08002d08        0x2 build/stm32f1xx_it.o
                0x08002d08                MemManage_Handler
 .text.BusFault_Handler
                0x08002d0a        0x2 build/stm32f1xx_it.o
                0x08002d0a                BusFault_Handler
 .text.UsageFault_Handler
                0x08002d0c        0x2 build/stm32f1xx_it.o
                0x08002d0c                UsageFault_Handler
 .text.SVC_Handler
                0x08002d0e        0x2 build/stm32f1xx_it.o
                0x08002d0e                SVC_Handler
 .text.DebugMon_Handler
                0x08002d10        0x2 build/stm32f1xx_it.o
                0x08002d10                DebugMon_Handler
 .text.PendSV_Handler
                0x08002d12        0x2 build/stm32f1xx_it.o
                0x08002d12                PendSV_Handler
 .text.SysTick_Handler
                0x08002d14        0x8 build/stm32f1xx_it.o
                0x08002d14                SysTick_Handler
 .text.DMA1_Channel3_IRQHandler
                0x08002d1c       0x10 build/stm32f1xx_it.o
                0x08002d1c                DMA1_Channel3_IRQHandler
 .text.DMA1_Channel6_IRQHandler
                0x08002d2c       0x10 build/stm32f1xx_it.o
                0x08002d2c                DMA1_Channel6_IRQHandler
 .text.TIM1_UP_IRQHandler
                0x08002d3c       0x10 build/stm32f1xx_it.o
                0x08002d3c                TIM1_UP_IRQHandler
 .text.USART2_IRQHandler
                0x08002d4c       0x10 build/stm32f1xx_it.o
                0x08002d4c                USART2_IRQHandler
 .text.USART3_IRQHandler
                0x08002d5c       0x10 build/stm32f1xx_it.o
                0x08002d5c                USART3_IRQHandler
 .text.HAL_MspInit
                0x08002d6c       0x44 build/stm32f1xx_hal_msp.o
                0x08002d6c                HAL_MspInit
 .text.TIM_OC1_SetConfig
                0x08002db0       0x68 build/stm32f1xx_hal_tim.o
 .text.TIM_OC3_SetConfig
                0x08002e18       0x70 build/stm32f1xx_hal_tim.o
 .text.TIM_OC4_SetConfig
                0x08002e88       0x50 build/stm32f1xx_hal_tim.o
 .text.TIM_TI1_ConfigInputStage
                0x08002ed8       0x24 build/stm32f1xx_hal_tim.o
 .text.TIM_TI2_ConfigInputStage
                0x08002efc       0x26 build/stm32f1xx_hal_tim.o
 .text.TIM_ITRx_SetConfig
                0x08002f22       0x10 build/stm32f1xx_hal_tim.o
 *fill*         0x08002f32        0x2 
 .text.HAL_TIM_Base_Start_IT
                0x08002f34       0x78 build/stm32f1xx_hal_tim.o
                0x08002f34                HAL_TIM_Base_Start_IT
 .text.HAL_TIM_PWM_MspInit
                0x08002fac        0x2 build/stm32f1xx_hal_tim.o
                0x08002fac                HAL_TIM_PWM_MspInit
 .text.HAL_TIM_OC_DelayElapsedCallback
                0x08002fae        0x2 build/stm32f1xx_hal_tim.o
                0x08002fae                HAL_TIM_OC_DelayElapsedCallback
 .text.HAL_TIM_IC_CaptureCallback
                0x08002fb0        0x2 build/stm32f1xx_hal_tim.o
                0x08002fb0                HAL_TIM_IC_CaptureCallback
 .text.HAL_TIM_PWM_PulseFinishedCallback
                0x08002fb2        0x2 build/stm32f1xx_hal_tim.o
                0x08002fb2                HAL_TIM_PWM_PulseFinishedCallback
 .text.HAL_TIM_TriggerCallback
                0x08002fb4        0x2 build/stm32f1xx_hal_tim.o
                0x08002fb4                HAL_TIM_TriggerCallback
 .text.HAL_TIM_IRQHandler
                0x08002fb6      0x17a build/stm32f1xx_hal_tim.o
                0x08002fb6                HAL_TIM_IRQHandler
 .text.TIM_Base_SetConfig
                0x08003130       0x98 build/stm32f1xx_hal_tim.o
                0x08003130                TIM_Base_SetConfig
 .text.HAL_TIM_Base_Init
                0x080031c8       0x58 build/stm32f1xx_hal_tim.o
                0x080031c8                HAL_TIM_Base_Init
 .text.HAL_TIM_PWM_Init
                0x08003220       0x58 build/stm32f1xx_hal_tim.o
                0x08003220                HAL_TIM_PWM_Init
 .text.HAL_TIM_Encoder_Init
                0x08003278       0xb8 build/stm32f1xx_hal_tim.o
                0x08003278                HAL_TIM_Encoder_Init
 .text.TIM_OC2_SetConfig
                0x08003330       0x70 build/stm32f1xx_hal_tim.o
                0x08003330                TIM_OC2_SetConfig
 .text.HAL_TIM_PWM_ConfigChannel
                0x080033a0       0xd0 build/stm32f1xx_hal_tim.o
                0x080033a0                HAL_TIM_PWM_ConfigChannel
 .text.TIM_ETR_SetConfig
                0x08003470       0x18 build/stm32f1xx_hal_tim.o
                0x08003470                TIM_ETR_SetConfig
 .text.HAL_TIM_ConfigClockSource
                0x08003488       0xda build/stm32f1xx_hal_tim.o
                0x08003488                HAL_TIM_ConfigClockSource
 .text.TIM_CCxChannelCmd
                0x08003562       0x1e build/stm32f1xx_hal_tim.o
                0x08003562                TIM_CCxChannelCmd
 .text.HAL_TIM_PWM_Start
                0x08003580       0xf4 build/stm32f1xx_hal_tim.o
                0x08003580                HAL_TIM_PWM_Start
 .text.HAL_TIM_Encoder_Start
                0x08003674       0xcc build/stm32f1xx_hal_tim.o
                0x08003674                HAL_TIM_Encoder_Start
 .text.HAL_TIMEx_MasterConfigSynchronization
                0x08003740       0x7c build/stm32f1xx_hal_tim_ex.o
                0x08003740                HAL_TIMEx_MasterConfigSynchronization
 .text.HAL_TIMEx_ConfigBreakDeadTime
                0x080037bc       0x52 build/stm32f1xx_hal_tim_ex.o
                0x080037bc                HAL_TIMEx_ConfigBreakDeadTime
 .text.HAL_TIMEx_CommutCallback
                0x0800380e        0x2 build/stm32f1xx_hal_tim_ex.o
                0x0800380e                HAL_TIMEx_CommutCallback
 .text.HAL_TIMEx_BreakCallback
                0x08003810        0x2 build/stm32f1xx_hal_tim_ex.o
                0x08003810                HAL_TIMEx_BreakCallback
 *fill*         0x08003812        0x2 
 .text.HAL_InitTick
                0x08003814       0x4c build/stm32f1xx_hal.o
                0x08003814                HAL_InitTick
 .text.HAL_Init
                0x08003860       0x24 build/stm32f1xx_hal.o
                0x08003860                HAL_Init
 .text.HAL_IncTick
                0x08003884       0x18 build/stm32f1xx_hal.o
                0x08003884                HAL_IncTick
 .text.HAL_GetTick
                0x0800389c        0xc build/stm32f1xx_hal.o
                0x0800389c                HAL_GetTick
 .text.HAL_Delay
                0x080038a8       0x28 build/stm32f1xx_hal.o
                0x080038a8                HAL_Delay
 .text.RCC_Delay
                0x080038d0       0x2c build/stm32f1xx_hal_rcc.o
 .text.HAL_RCC_OscConfig
                0x080038fc      0x410 build/stm32f1xx_hal_rcc.o
                0x080038fc                HAL_RCC_OscConfig
 .text.HAL_RCC_GetSysClockFreq
                0x08003d0c       0x70 build/stm32f1xx_hal_rcc.o
                0x08003d0c                HAL_RCC_GetSysClockFreq
 .text.HAL_RCC_ClockConfig
                0x08003d7c      0x16c build/stm32f1xx_hal_rcc.o
                0x08003d7c                HAL_RCC_ClockConfig
 .text.HAL_RCC_GetHCLKFreq
                0x08003ee8        0xc build/stm32f1xx_hal_rcc.o
                0x08003ee8                HAL_RCC_GetHCLKFreq
 .text.HAL_RCC_GetPCLK1Freq
                0x08003ef4       0x20 build/stm32f1xx_hal_rcc.o
                0x08003ef4                HAL_RCC_GetPCLK1Freq
 .text.HAL_RCC_GetPCLK2Freq
                0x08003f14       0x20 build/stm32f1xx_hal_rcc.o
                0x08003f14                HAL_RCC_GetPCLK2Freq
 .text.HAL_GPIO_Init
                0x08003f34      0x240 build/stm32f1xx_hal_gpio.o
                0x08003f34                HAL_GPIO_Init
 .text.HAL_GPIO_WritePin
                0x08004174        0xc build/stm32f1xx_hal_gpio.o
                0x08004174                HAL_GPIO_WritePin
 .text.DMA_SetConfig
                0x08004180       0x2c build/stm32f1xx_hal_dma.o
 .text.HAL_DMA_Init
                0x080041ac       0x98 build/stm32f1xx_hal_dma.o
                0x080041ac                HAL_DMA_Init
 .text.HAL_DMA_Start_IT
                0x08004244       0x74 build/stm32f1xx_hal_dma.o
                0x08004244                HAL_DMA_Start_IT
 .text.HAL_DMA_Abort
                0x080042b8       0x44 build/stm32f1xx_hal_dma.o
                0x080042b8                HAL_DMA_Abort
 .text.HAL_DMA_Abort_IT
                0x080042fc      0x168 build/stm32f1xx_hal_dma.o
                0x080042fc                HAL_DMA_Abort_IT
 .text.HAL_DMA_IRQHandler
                0x08004464      0x2ec build/stm32f1xx_hal_dma.o
                0x08004464                HAL_DMA_IRQHandler
 .text.HAL_NVIC_SetPriorityGrouping
                0x08004750       0x24 build/stm32f1xx_hal_cortex.o
                0x08004750                HAL_NVIC_SetPriorityGrouping
 .text.HAL_NVIC_SetPriority
                0x08004774       0x70 build/stm32f1xx_hal_cortex.o
                0x08004774                HAL_NVIC_SetPriority
 .text.HAL_NVIC_EnableIRQ
                0x080047e4       0x1c build/stm32f1xx_hal_cortex.o
                0x080047e4                HAL_NVIC_EnableIRQ
 .text.HAL_SYSTICK_Config
                0x08004800       0x28 build/stm32f1xx_hal_cortex.o
                0x08004800                HAL_SYSTICK_Config
 .text.SystemInit
                0x08004828        0x2 build/system_stm32f1xx.o
                0x08004828                SystemInit
 *fill*         0x0800482a        0x2 
 .text.MX_DMA_Init
                0x0800482c       0x44 build/dma.o
                0x0800482c                MX_DMA_Init
 .text.MX_USART1_UART_Init
                0x08004870       0x34 build/usart.o
                0x08004870                MX_USART1_UART_Init
 .text.MX_USART2_UART_Init
                0x080048a4       0x34 build/usart.o
                0x080048a4                MX_USART2_UART_Init
 .text.MX_USART3_UART_Init
                0x080048d8       0x34 build/usart.o
                0x080048d8                MX_USART3_UART_Init
 .text.HAL_UART_MspInit
                0x0800490c      0x1b8 build/usart.o
                0x0800490c                HAL_UART_MspInit
 .text.HAL_UART_RxCpltCallback
                0x08004ac4       0x14 build/usart.o
                0x08004ac4                HAL_UART_RxCpltCallback
 .text.u1_printf
                0x08004ad8       0x38 build/usart.o
                0x08004ad8                u1_printf
 .text.UART_EndTxTransfer
                0x08004b10       0x12 build/stm32f1xx_hal_uart.o
 .text.UART_EndRxTransfer
                0x08004b22       0x32 build/stm32f1xx_hal_uart.o
 .text.UART_Transmit_IT
                0x08004b54       0x60 build/stm32f1xx_hal_uart.o
 .text.UART_SetConfig
                0x08004bb4       0x94 build/stm32f1xx_hal_uart.o
 .text.UART_WaitOnFlagUntilTimeout
                0x08004c48       0x6c build/stm32f1xx_hal_uart.o
 .text.HAL_UART_Init
                0x08004cb4       0x5e build/stm32f1xx_hal_uart.o
                0x08004cb4                HAL_UART_Init
 .text.HAL_UART_Transmit
                0x08004d12       0xd8 build/stm32f1xx_hal_uart.o
                0x08004d12                HAL_UART_Transmit
 .text.HAL_UART_TxCpltCallback
                0x08004dea        0x2 build/stm32f1xx_hal_uart.o
                0x08004dea                HAL_UART_TxCpltCallback
 .text.UART_EndTransmit_IT
                0x08004dec       0x1a build/stm32f1xx_hal_uart.o
 .text.HAL_UART_RxHalfCpltCallback
                0x08004e06        0x2 build/stm32f1xx_hal_uart.o
                0x08004e06                HAL_UART_RxHalfCpltCallback
 .text.UART_DMAError
                0x08004e08       0x58 build/stm32f1xx_hal_uart.o
 .text.UART_DMAAbortOnError
                0x08004e60       0x10 build/stm32f1xx_hal_uart.o
 .text.UART_Receive_IT
                0x08004e70       0xd4 build/stm32f1xx_hal_uart.o
 .text.HAL_UART_IRQHandler
                0x08004f44      0x204 build/stm32f1xx_hal_uart.o
                0x08004f44                HAL_UART_IRQHandler
 .text.UART_DMARxHalfCplt
                0x08005148       0x1a build/stm32f1xx_hal_uart.o
 .text.UART_DMAReceiveCplt
                0x08005162       0x5e build/stm32f1xx_hal_uart.o
 .text.UART_Start_Receive_DMA
                0x080051c0       0x78 build/stm32f1xx_hal_uart.o
                0x080051c0                UART_Start_Receive_DMA
 .text.HAL_UART_Receive_DMA
                0x08005238       0x38 build/stm32f1xx_hal_uart.o
                0x08005238                HAL_UART_Receive_DMA
 .text.HAL_UARTEx_ReceiveToIdle_DMA
                0x08005270       0x60 build/stm32f1xx_hal_uart.o
                0x08005270                HAL_UARTEx_ReceiveToIdle_DMA
 .text.Reset_Handler
                0x080052d0       0x48 build/startup_stm32f103xe.o
                0x080052d0                Reset_Handler
 .text.Default_Handler
                0x08005318        0x2 build/startup_stm32f103xe.o
                0x08005318                RTC_Alarm_IRQHandler
                0x08005318                EXTI2_IRQHandler
                0x08005318                TIM8_TRG_COM_IRQHandler
                0x08005318                TIM8_CC_IRQHandler
                0x08005318                TIM1_CC_IRQHandler
                0x08005318                TIM6_IRQHandler
                0x08005318                PVD_IRQHandler
                0x08005318                SDIO_IRQHandler
                0x08005318                EXTI3_IRQHandler
                0x08005318                EXTI0_IRQHandler
                0x08005318                I2C2_EV_IRQHandler
                0x08005318                ADC1_2_IRQHandler
                0x08005318                SPI1_IRQHandler
                0x08005318                TAMPER_IRQHandler
                0x08005318                TIM8_UP_IRQHandler
                0x08005318                DMA2_Channel2_IRQHandler
                0x08005318                DMA1_Channel4_IRQHandler
                0x08005318                RTC_IRQHandler
                0x08005318                DMA1_Channel7_IRQHandler
                0x08005318                CAN1_RX1_IRQHandler
                0x08005318                UART5_IRQHandler
                0x08005318                ADC3_IRQHandler
                0x08005318                TIM4_IRQHandler
                0x08005318                DMA2_Channel1_IRQHandler
                0x08005318                I2C1_EV_IRQHandler
                0x08005318                UART4_IRQHandler
                0x08005318                TIM3_IRQHandler
                0x08005318                RCC_IRQHandler
                0x08005318                TIM1_TRG_COM_IRQHandler
                0x08005318                DMA1_Channel1_IRQHandler
                0x08005318                Default_Handler
                0x08005318                EXTI15_10_IRQHandler
                0x08005318                TIM7_IRQHandler
                0x08005318                TIM5_IRQHandler
                0x08005318                EXTI9_5_IRQHandler
                0x08005318                SPI2_IRQHandler
                0x08005318                DMA1_Channel5_IRQHandler
                0x08005318                EXTI4_IRQHandler
                0x08005318                USB_LP_CAN1_RX0_IRQHandler
                0x08005318                USB_HP_CAN1_TX_IRQHandler
                0x08005318                FSMC_IRQHandler
                0x08005318                WWDG_IRQHandler
                0x08005318                TIM2_IRQHandler
                0x08005318                TIM1_BRK_IRQHandler
                0x08005318                EXTI1_IRQHandler
                0x08005318                DMA2_Channel4_5_IRQHandler
                0x08005318                I2C2_ER_IRQHandler
                0x08005318                DMA1_Channel2_IRQHandler
                0x08005318                TIM8_BRK_IRQHandler
                0x08005318                CAN1_SCE_IRQHandler
                0x08005318                FLASH_IRQHandler
                0x08005318                USART1_IRQHandler
                0x08005318                SPI3_IRQHandler
                0x08005318                I2C1_ER_IRQHandler
                0x08005318                USBWakeUp_IRQHandler
                0x08005318                DMA2_Channel3_IRQHandler
 *fill*         0x0800531a        0x2 
 .text.__libc_init_array
                0x0800531c       0x48 d:/program files (x86)/gnu arm embedded toolchain/10 2021.10/bin/../lib/gcc/arm-none-eabi/10.3.1/../../../../arm-none-eabi/lib/thumb/v7-m/nofp\libc.a(lib_a-init.o)
                0x0800531c                __libc_init_array
 .text.memset   0x08005364       0xa4 d:/program files (x86)/gnu arm embedded toolchain/10 2021.10/bin/../lib/gcc/arm-none-eabi/10.3.1/../../../../arm-none-eabi/lib/thumb/v7-m/nofp\libc.a(lib_a-memset.o)
                0x08005364                memset
 .text.strlen   0x08005408       0x5c d:/program files (x86)/gnu arm embedded toolchain/10 2021.10/bin/../lib/gcc/arm-none-eabi/10.3.1/../../../../arm-none-eabi/lib/thumb/v7-m/nofp\libc.a(lib_a-strlen-stub.o)
                0x08005408                strlen
 .text.vsprintf
                0x08005464       0x38 d:/program files (x86)/gnu arm embedded toolchain/10 2021.10/bin/../lib/gcc/arm-none-eabi/10.3.1/../../../../arm-none-eabi/lib/thumb/v7-m/nofp\libc.a(lib_a-vsprintf.o)
                0x08005464                vsprintf
 .text.startup.register_fini
                0x0800549c       0x14 d:/program files (x86)/gnu arm embedded toolchain/10 2021.10/bin/../lib/gcc/arm-none-eabi/10.3.1/../../../../arm-none-eabi/lib/thumb/v7-m/nofp\libc.a(lib_a-__call_atexit.o)
 .text.atexit   0x080054b0        0xc d:/program files (x86)/gnu arm embedded toolchain/10 2021.10/bin/../lib/gcc/arm-none-eabi/10.3.1/../../../../arm-none-eabi/lib/thumb/v7-m/nofp\libc.a(lib_a-atexit.o)
                0x080054b0                atexit
 .text.__libc_fini_array
                0x080054bc       0x2c d:/program files (x86)/gnu arm embedded toolchain/10 2021.10/bin/../lib/gcc/arm-none-eabi/10.3.1/../../../../arm-none-eabi/lib/thumb/v7-m/nofp\libc.a(lib_a-fini.o)
                0x080054bc                __libc_fini_array
 .text.__retarget_lock_init_recursive
                0x080054e8        0x4 d:/program files (x86)/gnu arm embedded toolchain/10 2021.10/bin/../lib/gcc/arm-none-eabi/10.3.1/../../../../arm-none-eabi/lib/thumb/v7-m/nofp\libc.a(lib_a-lock.o)
                0x080054e8                __retarget_lock_init_recursive
 .text.__retarget_lock_close_recursive
                0x080054ec        0x4 d:/program files (x86)/gnu arm embedded toolchain/10 2021.10/bin/../lib/gcc/arm-none-eabi/10.3.1/../../../../arm-none-eabi/lib/thumb/v7-m/nofp\libc.a(lib_a-lock.o)
                0x080054ec                __retarget_lock_close_recursive
 .text.__retarget_lock_acquire_recursive
                0x080054f0        0x4 d:/program files (x86)/gnu arm embedded toolchain/10 2021.10/bin/../lib/gcc/arm-none-eabi/10.3.1/../../../../arm-none-eabi/lib/thumb/v7-m/nofp\libc.a(lib_a-lock.o)
                0x080054f0                __retarget_lock_acquire_recursive
 .text.__retarget_lock_release_recursive
                0x080054f4        0x4 d:/program files (x86)/gnu arm embedded toolchain/10 2021.10/bin/../lib/gcc/arm-none-eabi/10.3.1/../../../../arm-none-eabi/lib/thumb/v7-m/nofp\libc.a(lib_a-lock.o)
                0x080054f4                __retarget_lock_release_recursive
 .text._svfprintf_r
                0x080054f8     0x1aa4 d:/program files (x86)/gnu arm embedded toolchain/10 2021.10/bin/../lib/gcc/arm-none-eabi/10.3.1/../../../../arm-none-eabi/lib/thumb/v7-m/nofp\libc.a(lib_a-svfprintf.o)
                0x080054f8                _svfprintf_r
 .text.__register_exitproc
                0x08006f9c       0x8c d:/program files (x86)/gnu arm embedded toolchain/10 2021.10/bin/../lib/gcc/arm-none-eabi/10.3.1/../../../../arm-none-eabi/lib/thumb/v7-m/nofp\libc.a(lib_a-__atexit.o)
                0x08006f9c                __register_exitproc
 .text.quorem   0x08007028      0x12c d:/program files (x86)/gnu arm embedded toolchain/10 2021.10/bin/../lib/gcc/arm-none-eabi/10.3.1/../../../../arm-none-eabi/lib/thumb/v7-m/nofp\libc.a(lib_a-dtoa.o)
 *fill*         0x08007154        0x4 
 .text._dtoa_r  0x08007158      0xecc d:/program files (x86)/gnu arm embedded toolchain/10 2021.10/bin/../lib/gcc/arm-none-eabi/10.3.1/../../../../arm-none-eabi/lib/thumb/v7-m/nofp\libc.a(lib_a-dtoa.o)
                0x08007158                _dtoa_r
 .text._malloc_trim_r
                0x08008024       0xa0 d:/program files (x86)/gnu arm embedded toolchain/10 2021.10/bin/../lib/gcc/arm-none-eabi/10.3.1/../../../../arm-none-eabi/lib/thumb/v7-m/nofp\libc.a(lib_a-freer.o)
                0x08008024                _malloc_trim_r
 .text._free_r  0x080080c4      0x200 d:/program files (x86)/gnu arm embedded toolchain/10 2021.10/bin/../lib/gcc/arm-none-eabi/10.3.1/../../../../arm-none-eabi/lib/thumb/v7-m/nofp\libc.a(lib_a-freer.o)
                0x080080c4                _free_r
 .text._localeconv_r
                0x080082c4        0x8 d:/program files (x86)/gnu arm embedded toolchain/10 2021.10/bin/../lib/gcc/arm-none-eabi/10.3.1/../../../../arm-none-eabi/lib/thumb/v7-m/nofp\libc.a(lib_a-localeconv.o)
                0x080082c4                _localeconv_r
 .text._malloc_r
                0x080082cc      0x558 d:/program files (x86)/gnu arm embedded toolchain/10 2021.10/bin/../lib/gcc/arm-none-eabi/10.3.1/../../../../arm-none-eabi/lib/thumb/v7-m/nofp\libc.a(lib_a-mallocr.o)
                0x080082cc                _malloc_r
 .text.memchr   0x08008824       0x90 d:/program files (x86)/gnu arm embedded toolchain/10 2021.10/bin/../lib/gcc/arm-none-eabi/10.3.1/../../../../arm-none-eabi/lib/thumb/v7-m/nofp\libc.a(lib_a-memchr-stub.o)
                0x08008824                memchr
 .text.__malloc_lock
                0x080088b4        0xc d:/program files (x86)/gnu arm embedded toolchain/10 2021.10/bin/../lib/gcc/arm-none-eabi/10.3.1/../../../../arm-none-eabi/lib/thumb/v7-m/nofp\libc.a(lib_a-mlock.o)
                0x080088b4                __malloc_lock
 .text.__malloc_unlock
                0x080088c0        0xc d:/program files (x86)/gnu arm embedded toolchain/10 2021.10/bin/../lib/gcc/arm-none-eabi/10.3.1/../../../../arm-none-eabi/lib/thumb/v7-m/nofp\libc.a(lib_a-mlock.o)
                0x080088c0                __malloc_unlock
 .text._Balloc  0x080088cc       0x4c d:/program files (x86)/gnu arm embedded toolchain/10 2021.10/bin/../lib/gcc/arm-none-eabi/10.3.1/../../../../arm-none-eabi/lib/thumb/v7-m/nofp\libc.a(lib_a-mprec.o)
                0x080088cc                _Balloc
 .text._Bfree   0x08008918       0x14 d:/program files (x86)/gnu arm embedded toolchain/10 2021.10/bin/../lib/gcc/arm-none-eabi/10.3.1/../../../../arm-none-eabi/lib/thumb/v7-m/nofp\libc.a(lib_a-mprec.o)
                0x08008918                _Bfree
 .text.__multadd
                0x0800892c       0xa4 d:/program files (x86)/gnu arm embedded toolchain/10 2021.10/bin/../lib/gcc/arm-none-eabi/10.3.1/../../../../arm-none-eabi/lib/thumb/v7-m/nofp\libc.a(lib_a-mprec.o)
                0x0800892c                __multadd
 .text.__hi0bits
                0x080089d0       0x40 d:/program files (x86)/gnu arm embedded toolchain/10 2021.10/bin/../lib/gcc/arm-none-eabi/10.3.1/../../../../arm-none-eabi/lib/thumb/v7-m/nofp\libc.a(lib_a-mprec.o)
                0x080089d0                __hi0bits
 .text.__lo0bits
                0x08008a10       0x58 d:/program files (x86)/gnu arm embedded toolchain/10 2021.10/bin/../lib/gcc/arm-none-eabi/10.3.1/../../../../arm-none-eabi/lib/thumb/v7-m/nofp\libc.a(lib_a-mprec.o)
                0x08008a10                __lo0bits
 .text.__i2b    0x08008a68       0x5c d:/program files (x86)/gnu arm embedded toolchain/10 2021.10/bin/../lib/gcc/arm-none-eabi/10.3.1/../../../../arm-none-eabi/lib/thumb/v7-m/nofp\libc.a(lib_a-mprec.o)
                0x08008a68                __i2b
 .text.__multiply
                0x08008ac4      0x15c d:/program files (x86)/gnu arm embedded toolchain/10 2021.10/bin/../lib/gcc/arm-none-eabi/10.3.1/../../../../arm-none-eabi/lib/thumb/v7-m/nofp\libc.a(lib_a-mprec.o)
                0x08008ac4                __multiply
 .text.__pow5mult
                0x08008c20       0xb8 d:/program files (x86)/gnu arm embedded toolchain/10 2021.10/bin/../lib/gcc/arm-none-eabi/10.3.1/../../../../arm-none-eabi/lib/thumb/v7-m/nofp\libc.a(lib_a-mprec.o)
                0x08008c20                __pow5mult
 .text.__lshift
                0x08008cd8       0xec d:/program files (x86)/gnu arm embedded toolchain/10 2021.10/bin/../lib/gcc/arm-none-eabi/10.3.1/../../../../arm-none-eabi/lib/thumb/v7-m/nofp\libc.a(lib_a-mprec.o)
                0x08008cd8                __lshift
 .text.__mcmp   0x08008dc4       0x40 d:/program files (x86)/gnu arm embedded toolchain/10 2021.10/bin/../lib/gcc/arm-none-eabi/10.3.1/../../../../arm-none-eabi/lib/thumb/v7-m/nofp\libc.a(lib_a-mprec.o)
                0x08008dc4                __mcmp
 .text.__mdiff  0x08008e04      0x14c d:/program files (x86)/gnu arm embedded toolchain/10 2021.10/bin/../lib/gcc/arm-none-eabi/10.3.1/../../../../arm-none-eabi/lib/thumb/v7-m/nofp\libc.a(lib_a-mprec.o)
                0x08008e04                __mdiff
 .text.__d2b    0x08008f50       0xc4 d:/program files (x86)/gnu arm embedded toolchain/10 2021.10/bin/../lib/gcc/arm-none-eabi/10.3.1/../../../../arm-none-eabi/lib/thumb/v7-m/nofp\libc.a(lib_a-mprec.o)
                0x08008f50                __d2b
 .text.frexp    0x08009014       0x70 d:/program files (x86)/gnu arm embedded toolchain/10 2021.10/bin/../lib/gcc/arm-none-eabi/10.3.1/../../../../arm-none-eabi/lib/thumb/v7-m/nofp\libc.a(lib_a-s_frexp.o)
                0x08009014                frexp
 .text._sbrk_r  0x08009084       0x24 d:/program files (x86)/gnu arm embedded toolchain/10 2021.10/bin/../lib/gcc/arm-none-eabi/10.3.1/../../../../arm-none-eabi/lib/thumb/v7-m/nofp\libc.a(lib_a-sbrkr.o)
                0x08009084                _sbrk_r
 .text.strncpy  0x080090a8       0x68 d:/program files (x86)/gnu arm embedded toolchain/10 2021.10/bin/../lib/gcc/arm-none-eabi/10.3.1/../../../../arm-none-eabi/lib/thumb/v7-m/nofp\libc.a(lib_a-strncpy.o)
                0x080090a8                strncpy
 .text.__ssprint_r
                0x08009110       0xfc d:/program files (x86)/gnu arm embedded toolchain/10 2021.10/bin/../lib/gcc/arm-none-eabi/10.3.1/../../../../arm-none-eabi/lib/thumb/v7-m/nofp\libc.a(lib_a-svfiprintf.o)
                0x08009110                __ssprint_r
 .text.__assert_func
                0x0800920c       0x40 d:/program files (x86)/gnu arm embedded toolchain/10 2021.10/bin/../lib/gcc/arm-none-eabi/10.3.1/../../../../arm-none-eabi/lib/thumb/v7-m/nofp\libc.a(lib_a-assert.o)
                0x0800920c                __assert_func
 .text._calloc_r
                0x0800924c       0x78 d:/program files (x86)/gnu arm embedded toolchain/10 2021.10/bin/../lib/gcc/arm-none-eabi/10.3.1/../../../../arm-none-eabi/lib/thumb/v7-m/nofp\libc.a(lib_a-callocr.o)
                0x0800924c                _calloc_r
 .text.__errno  0x080092c4        0xc d:/program files (x86)/gnu arm embedded toolchain/10 2021.10/bin/../lib/gcc/arm-none-eabi/10.3.1/../../../../arm-none-eabi/lib/thumb/v7-m/nofp\libc.a(lib_a-errno.o)
                0x080092c4                __errno
 .text.fiprintf
                0x080092d0       0x28 d:/program files (x86)/gnu arm embedded toolchain/10 2021.10/bin/../lib/gcc/arm-none-eabi/10.3.1/../../../../arm-none-eabi/lib/thumb/v7-m/nofp\libc.a(lib_a-fiprintf.o)
                0x080092d0                fiprintf
 .text.__locale_mb_cur_max
                0x080092f8        0xc d:/program files (x86)/gnu arm embedded toolchain/10 2021.10/bin/../lib/gcc/arm-none-eabi/10.3.1/../../../../arm-none-eabi/lib/thumb/v7-m/nofp\libc.a(lib_a-locale.o)
                0x080092f8                __locale_mb_cur_max
 .text.__ascii_mbtowc
                0x08009304       0x2c d:/program files (x86)/gnu arm embedded toolchain/10 2021.10/bin/../lib/gcc/arm-none-eabi/10.3.1/../../../../arm-none-eabi/lib/thumb/v7-m/nofp\libc.a(lib_a-mbtowc_r.o)
                0x08009304                __ascii_mbtowc
 .text.memmove  0x08009330       0xf8 d:/program files (x86)/gnu arm embedded toolchain/10 2021.10/bin/../lib/gcc/arm-none-eabi/10.3.1/../../../../arm-none-eabi/lib/thumb/v7-m/nofp\libc.a(lib_a-memmove.o)
                0x08009330                memmove
 .text._realloc_r
                0x08009428      0x3dc d:/program files (x86)/gnu arm embedded toolchain/10 2021.10/bin/../lib/gcc/arm-none-eabi/10.3.1/../../../../arm-none-eabi/lib/thumb/v7-m/nofp\libc.a(lib_a-reallocr.o)
                0x08009428                _realloc_r
 .text.__sprint_r.part.0
                0x08009804       0x78 d:/program files (x86)/gnu arm embedded toolchain/10 2021.10/bin/../lib/gcc/arm-none-eabi/10.3.1/../../../../arm-none-eabi/lib/thumb/v7-m/nofp\libc.a(lib_a-vfiprintf.o)
 .text._vfiprintf_r
                0x0800987c      0xd98 d:/program files (x86)/gnu arm embedded toolchain/10 2021.10/bin/../lib/gcc/arm-none-eabi/10.3.1/../../../../arm-none-eabi/lib/thumb/v7-m/nofp\libc.a(lib_a-vfiprintf.o)
                0x0800987c                _vfiprintf_r
 .text.__sbprintf
                0x0800a614       0x84 d:/program files (x86)/gnu arm embedded toolchain/10 2021.10/bin/../lib/gcc/arm-none-eabi/10.3.1/../../../../arm-none-eabi/lib/thumb/v7-m/nofp\libc.a(lib_a-vfiprintf.o)
 .text.__ascii_wctomb
                0x0800a698       0x1c d:/program files (x86)/gnu arm embedded toolchain/10 2021.10/bin/../lib/gcc/arm-none-eabi/10.3.1/../../../../arm-none-eabi/lib/thumb/v7-m/nofp\libc.a(lib_a-wctomb_r.o)
                0x0800a698                __ascii_wctomb
 .text.__swsetup_r
                0x0800a6b4       0xd4 d:/program files (x86)/gnu arm embedded toolchain/10 2021.10/bin/../lib/gcc/arm-none-eabi/10.3.1/../../../../arm-none-eabi/lib/thumb/v7-m/nofp\libc.a(lib_a-wsetup.o)
                0x0800a6b4                __swsetup_r
 .text.abort    0x0800a788       0x10 d:/program files (x86)/gnu arm embedded toolchain/10 2021.10/bin/../lib/gcc/arm-none-eabi/10.3.1/../../../../arm-none-eabi/lib/thumb/v7-m/nofp\libc.a(lib_a-abort.o)
                0x0800a788                abort
 .text.__sflush_r
                0x0800a798      0x124 d:/program files (x86)/gnu arm embedded toolchain/10 2021.10/bin/../lib/gcc/arm-none-eabi/10.3.1/../../../../arm-none-eabi/lib/thumb/v7-m/nofp\libc.a(lib_a-fflush.o)
                0x0800a798                __sflush_r
 .text._fflush_r
                0x0800a8bc       0x5c d:/program files (x86)/gnu arm embedded toolchain/10 2021.10/bin/../lib/gcc/arm-none-eabi/10.3.1/../../../../arm-none-eabi/lib/thumb/v7-m/nofp\libc.a(lib_a-fflush.o)
                0x0800a8bc                _fflush_r
 .text._cleanup_r
                0x0800a918        0xc d:/program files (x86)/gnu arm embedded toolchain/10 2021.10/bin/../lib/gcc/arm-none-eabi/10.3.1/../../../../arm-none-eabi/lib/thumb/v7-m/nofp\libc.a(lib_a-findfp.o)
                0x0800a918                _cleanup_r
 .text.__sinit  0x0800a924      0x10c d:/program files (x86)/gnu arm embedded toolchain/10 2021.10/bin/../lib/gcc/arm-none-eabi/10.3.1/../../../../arm-none-eabi/lib/thumb/v7-m/nofp\libc.a(lib_a-findfp.o)
                0x0800a924                __sinit
 .text.__sfp_lock_acquire
                0x0800aa30        0xc d:/program files (x86)/gnu arm embedded toolchain/10 2021.10/bin/../lib/gcc/arm-none-eabi/10.3.1/../../../../arm-none-eabi/lib/thumb/v7-m/nofp\libc.a(lib_a-findfp.o)
                0x0800aa30                __sfp_lock_acquire
 .text.__sfp_lock_release
                0x0800aa3c        0xc d:/program files (x86)/gnu arm embedded toolchain/10 2021.10/bin/../lib/gcc/arm-none-eabi/10.3.1/../../../../arm-none-eabi/lib/thumb/v7-m/nofp\libc.a(lib_a-findfp.o)
                0x0800aa3c                __sfp_lock_release
 .text.__fputwc
                0x0800aa48       0xa0 d:/program files (x86)/gnu arm embedded toolchain/10 2021.10/bin/../lib/gcc/arm-none-eabi/10.3.1/../../../../arm-none-eabi/lib/thumb/v7-m/nofp\libc.a(lib_a-fputwc.o)
                0x0800aa48                __fputwc
 .text._fputwc_r
                0x0800aae8       0x68 d:/program files (x86)/gnu arm embedded toolchain/10 2021.10/bin/../lib/gcc/arm-none-eabi/10.3.1/../../../../arm-none-eabi/lib/thumb/v7-m/nofp\libc.a(lib_a-fputwc.o)
                0x0800aae8                _fputwc_r
 .text.__sfvwrite_r
                0x0800ab50      0x2f0 d:/program files (x86)/gnu arm embedded toolchain/10 2021.10/bin/../lib/gcc/arm-none-eabi/10.3.1/../../../../arm-none-eabi/lib/thumb/v7-m/nofp\libc.a(lib_a-fvwrite.o)
                0x0800ab50                __sfvwrite_r
 .text._fwalk_reent
                0x0800ae40       0x48 d:/program files (x86)/gnu arm embedded toolchain/10 2021.10/bin/../lib/gcc/arm-none-eabi/10.3.1/../../../../arm-none-eabi/lib/thumb/v7-m/nofp\libc.a(lib_a-fwalk.o)
                0x0800ae40                _fwalk_reent
 .text.__smakebuf_r
                0x0800ae88       0xe0 d:/program files (x86)/gnu arm embedded toolchain/10 2021.10/bin/../lib/gcc/arm-none-eabi/10.3.1/../../../../arm-none-eabi/lib/thumb/v7-m/nofp\libc.a(lib_a-makebuf.o)
                0x0800ae88                __smakebuf_r
 .text.raise    0x0800af68       0x5c d:/program files (x86)/gnu arm embedded toolchain/10 2021.10/bin/../lib/gcc/arm-none-eabi/10.3.1/../../../../arm-none-eabi/lib/thumb/v7-m/nofp\libc.a(lib_a-signal.o)
                0x0800af68                raise
 .text._kill_r  0x0800afc4       0x28 d:/program files (x86)/gnu arm embedded toolchain/10 2021.10/bin/../lib/gcc/arm-none-eabi/10.3.1/../../../../arm-none-eabi/lib/thumb/v7-m/nofp\libc.a(lib_a-signalr.o)
                0x0800afc4                _kill_r
 .text._getpid_r
                0x0800afec        0x4 d:/program files (x86)/gnu arm embedded toolchain/10 2021.10/bin/../lib/gcc/arm-none-eabi/10.3.1/../../../../arm-none-eabi/lib/thumb/v7-m/nofp\libc.a(lib_a-signalr.o)
                0x0800afec                _getpid_r
 .text.__sread  0x0800aff0       0x24 d:/program files (x86)/gnu arm embedded toolchain/10 2021.10/bin/../lib/gcc/arm-none-eabi/10.3.1/../../../../arm-none-eabi/lib/thumb/v7-m/nofp\libc.a(lib_a-stdio.o)
                0x0800aff0                __sread
 .text.__swrite
                0x0800b014       0x40 d:/program files (x86)/gnu arm embedded toolchain/10 2021.10/bin/../lib/gcc/arm-none-eabi/10.3.1/../../../../arm-none-eabi/lib/thumb/v7-m/nofp\libc.a(lib_a-stdio.o)
                0x0800b014                __swrite
 .text.__sseek  0x0800b054       0x20 d:/program files (x86)/gnu arm embedded toolchain/10 2021.10/bin/../lib/gcc/arm-none-eabi/10.3.1/../../../../arm-none-eabi/lib/thumb/v7-m/nofp\libc.a(lib_a-stdio.o)
                0x0800b054                __sseek
 .text.__sclose
                0x0800b074        0x8 d:/program files (x86)/gnu arm embedded toolchain/10 2021.10/bin/../lib/gcc/arm-none-eabi/10.3.1/../../../../arm-none-eabi/lib/thumb/v7-m/nofp\libc.a(lib_a-stdio.o)
                0x0800b074                __sclose
 .text.__swbuf_r
                0x0800b07c       0xb0 d:/program files (x86)/gnu arm embedded toolchain/10 2021.10/bin/../lib/gcc/arm-none-eabi/10.3.1/../../../../arm-none-eabi/lib/thumb/v7-m/nofp\libc.a(lib_a-wbuf.o)
                0x0800b07c                __swbuf_r
 .text._wcrtomb_r
                0x0800b12c       0x3c d:/program files (x86)/gnu arm embedded toolchain/10 2021.10/bin/../lib/gcc/arm-none-eabi/10.3.1/../../../../arm-none-eabi/lib/thumb/v7-m/nofp\libc.a(lib_a-wcrtomb.o)
                0x0800b12c                _wcrtomb_r
 .text._write_r
                0x0800b168       0x2c d:/program files (x86)/gnu arm embedded toolchain/10 2021.10/bin/../lib/gcc/arm-none-eabi/10.3.1/../../../../arm-none-eabi/lib/thumb/v7-m/nofp\libc.a(lib_a-writer.o)
                0x0800b168                _write_r
 .text._close_r
                0x0800b194       0x24 d:/program files (x86)/gnu arm embedded toolchain/10 2021.10/bin/../lib/gcc/arm-none-eabi/10.3.1/../../../../arm-none-eabi/lib/thumb/v7-m/nofp\libc.a(lib_a-closer.o)
                0x0800b194                _close_r
 .text._fclose_r
                0x0800b1b8       0xcc d:/program files (x86)/gnu arm embedded toolchain/10 2021.10/bin/../lib/gcc/arm-none-eabi/10.3.1/../../../../arm-none-eabi/lib/thumb/v7-m/nofp\libc.a(lib_a-fclose.o)
                0x0800b1b8                _fclose_r
 .text._fstat_r
                0x0800b284       0x28 d:/program files (x86)/gnu arm embedded toolchain/10 2021.10/bin/../lib/gcc/arm-none-eabi/10.3.1/../../../../arm-none-eabi/lib/thumb/v7-m/nofp\libc.a(lib_a-fstatr.o)
                0x0800b284                _fstat_r
 .text._isatty_r
                0x0800b2ac       0x24 d:/program files (x86)/gnu arm embedded toolchain/10 2021.10/bin/../lib/gcc/arm-none-eabi/10.3.1/../../../../arm-none-eabi/lib/thumb/v7-m/nofp\libc.a(lib_a-isattyr.o)
                0x0800b2ac                _isatty_r
 .text._lseek_r
                0x0800b2d0       0x2c d:/program files (x86)/gnu arm embedded toolchain/10 2021.10/bin/../lib/gcc/arm-none-eabi/10.3.1/../../../../arm-none-eabi/lib/thumb/v7-m/nofp\libc.a(lib_a-lseekr.o)
                0x0800b2d0                _lseek_r
 .text._read_r  0x0800b2fc       0x2c d:/program files (x86)/gnu arm embedded toolchain/10 2021.10/bin/../lib/gcc/arm-none-eabi/10.3.1/../../../../arm-none-eabi/lib/thumb/v7-m/nofp\libc.a(lib_a-readr.o)
                0x0800b2fc                _read_r
 .text.cos      0x0800b328       0xa4 d:/program files (x86)/gnu arm embedded toolchain/10 2021.10/bin/../lib/gcc/arm-none-eabi/10.3.1/../../../../arm-none-eabi/lib/thumb/v7-m/nofp\libm.a(lib_a-s_cos.o)
                0x0800b328                cos
 .text.sin      0x0800b3cc       0xb0 d:/program files (x86)/gnu arm embedded toolchain/10 2021.10/bin/../lib/gcc/arm-none-eabi/10.3.1/../../../../arm-none-eabi/lib/thumb/v7-m/nofp\libm.a(lib_a-s_sin.o)
                0x0800b3cc                sin
 .text.atan2    0x0800b47c        0x4 d:/program files (x86)/gnu arm embedded toolchain/10 2021.10/bin/../lib/gcc/arm-none-eabi/10.3.1/../../../../arm-none-eabi/lib/thumb/v7-m/nofp\libm.a(lib_a-w_atan2.o)
                0x0800b47c                atan2
 .text.__ieee754_atan2
                0x0800b480      0x194 d:/program files (x86)/gnu arm embedded toolchain/10 2021.10/bin/../lib/gcc/arm-none-eabi/10.3.1/../../../../arm-none-eabi/lib/thumb/v7-m/nofp\libm.a(lib_a-e_atan2.o)
                0x0800b480                __ieee754_atan2
 *fill*         0x0800b614        0x4 
 .text.__ieee754_rem_pio2
                0x0800b618      0x454 d:/program files (x86)/gnu arm embedded toolchain/10 2021.10/bin/../lib/gcc/arm-none-eabi/10.3.1/../../../../arm-none-eabi/lib/thumb/v7-m/nofp\libm.a(lib_a-e_rem_pio2.o)
                0x0800b618                __ieee754_rem_pio2
 *fill*         0x0800ba6c        0x4 
 .text.__kernel_cos
                0x0800ba70      0x250 d:/program files (x86)/gnu arm embedded toolchain/10 2021.10/bin/../lib/gcc/arm-none-eabi/10.3.1/../../../../arm-none-eabi/lib/thumb/v7-m/nofp\libm.a(lib_a-k_cos.o)
                0x0800ba70                __kernel_cos
 .text.__kernel_rem_pio2
                0x0800bcc0      0x850 d:/program files (x86)/gnu arm embedded toolchain/10 2021.10/bin/../lib/gcc/arm-none-eabi/10.3.1/../../../../arm-none-eabi/lib/thumb/v7-m/nofp\libm.a(lib_a-k_rem_pio2.o)
                0x0800bcc0                __kernel_rem_pio2
 .text.__kernel_sin
                0x0800c510      0x184 d:/program files (x86)/gnu arm embedded toolchain/10 2021.10/bin/../lib/gcc/arm-none-eabi/10.3.1/../../../../arm-none-eabi/lib/thumb/v7-m/nofp\libm.a(lib_a-k_sin.o)
                0x0800c510                __kernel_sin
 *fill*         0x0800c694        0x4 
 .text.atan     0x0800c698      0x31c d:/program files (x86)/gnu arm embedded toolchain/10 2021.10/bin/../lib/gcc/arm-none-eabi/10.3.1/../../../../arm-none-eabi/lib/thumb/v7-m/nofp\libm.a(lib_a-s_atan.o)
                0x0800c698                atan
 .text.fabs     0x0800c9b4        0x8 d:/program files (x86)/gnu arm embedded toolchain/10 2021.10/bin/../lib/gcc/arm-none-eabi/10.3.1/../../../../arm-none-eabi/lib/thumb/v7-m/nofp\libm.a(lib_a-s_fabs.o)
                0x0800c9b4                fabs
 *fill*         0x0800c9bc        0x4 
 .text.floor    0x0800c9c0       0xf8 d:/program files (x86)/gnu arm embedded toolchain/10 2021.10/bin/../lib/gcc/arm-none-eabi/10.3.1/../../../../arm-none-eabi/lib/thumb/v7-m/nofp\libm.a(lib_a-s_floor.o)
                0x0800c9c0                floor
 .text.scalbn   0x0800cab8       0xfc d:/program files (x86)/gnu arm embedded toolchain/10 2021.10/bin/../lib/gcc/arm-none-eabi/10.3.1/../../../../arm-none-eabi/lib/thumb/v7-m/nofp\libm.a(lib_a-s_scalbn.o)
                0x0800cab8                scalbn
 .text._close   0x0800cbb4       0x10 d:/program files (x86)/gnu arm embedded toolchain/10 2021.10/bin/../lib/gcc/arm-none-eabi/10.3.1/../../../../arm-none-eabi/lib/thumb/v7-m/nofp\libnosys.a(close.o)
                0x0800cbb4                _close
 .text._fstat   0x0800cbc4       0x10 d:/program files (x86)/gnu arm embedded toolchain/10 2021.10/bin/../lib/gcc/arm-none-eabi/10.3.1/../../../../arm-none-eabi/lib/thumb/v7-m/nofp\libnosys.a(fstat.o)
                0x0800cbc4                _fstat
 .text._getpid  0x0800cbd4       0x10 d:/program files (x86)/gnu arm embedded toolchain/10 2021.10/bin/../lib/gcc/arm-none-eabi/10.3.1/../../../../arm-none-eabi/lib/thumb/v7-m/nofp\libnosys.a(getpid.o)
                0x0800cbd4                _getpid
 .text._isatty  0x0800cbe4       0x10 d:/program files (x86)/gnu arm embedded toolchain/10 2021.10/bin/../lib/gcc/arm-none-eabi/10.3.1/../../../../arm-none-eabi/lib/thumb/v7-m/nofp\libnosys.a(isatty.o)
                0x0800cbe4                _isatty
 .text._kill    0x0800cbf4       0x10 d:/program files (x86)/gnu arm embedded toolchain/10 2021.10/bin/../lib/gcc/arm-none-eabi/10.3.1/../../../../arm-none-eabi/lib/thumb/v7-m/nofp\libnosys.a(kill.o)
                0x0800cbf4                _kill
 .text._lseek   0x0800cc04       0x10 d:/program files (x86)/gnu arm embedded toolchain/10 2021.10/bin/../lib/gcc/arm-none-eabi/10.3.1/../../../../arm-none-eabi/lib/thumb/v7-m/nofp\libnosys.a(lseek.o)
                0x0800cc04                _lseek
 .text._read    0x0800cc14       0x10 d:/program files (x86)/gnu arm embedded toolchain/10 2021.10/bin/../lib/gcc/arm-none-eabi/10.3.1/../../../../arm-none-eabi/lib/thumb/v7-m/nofp\libnosys.a(read.o)
                0x0800cc14                _read
 .text._sbrk    0x0800cc24       0x1c d:/program files (x86)/gnu arm embedded toolchain/10 2021.10/bin/../lib/gcc/arm-none-eabi/10.3.1/../../../../arm-none-eabi/lib/thumb/v7-m/nofp\libnosys.a(sbrk.o)
                0x0800cc24                _sbrk
 .text._write   0x0800cc40       0x10 d:/program files (x86)/gnu arm embedded toolchain/10 2021.10/bin/../lib/gcc/arm-none-eabi/10.3.1/../../../../arm-none-eabi/lib/thumb/v7-m/nofp\libnosys.a(write.o)
                0x0800cc40                _write
 .text._exit    0x0800cc50        0x4 d:/program files (x86)/gnu arm embedded toolchain/10 2021.10/bin/../lib/gcc/arm-none-eabi/10.3.1/../../../../arm-none-eabi/lib/thumb/v7-m/nofp\libnosys.a(_exit.o)
                0x0800cc50                _exit
 *(.glue_7)
 .glue_7        0x0800cc54        0x0 linker stubs
 *(.glue_7t)
 .glue_7t       0x0800cc54        0x0 linker stubs
 *(.eh_frame)
 .eh_frame      0x0800cc54        0x0 d:/program files (x86)/gnu arm embedded toolchain/10 2021.10/bin/../lib/gcc/arm-none-eabi/10.3.1/thumb/v7-m/nofp/crtbegin.o
 *(.init)
 .init          0x0800cc54        0x4 d:/program files (x86)/gnu arm embedded toolchain/10 2021.10/bin/../lib/gcc/arm-none-eabi/10.3.1/thumb/v7-m/nofp/crti.o
                0x0800cc54                _init
 .init          0x0800cc58        0x8 d:/program files (x86)/gnu arm embedded toolchain/10 2021.10/bin/../lib/gcc/arm-none-eabi/10.3.1/thumb/v7-m/nofp/crtn.o
 *(.fini)
 .fini          0x0800cc60        0x4 d:/program files (x86)/gnu arm embedded toolchain/10 2021.10/bin/../lib/gcc/arm-none-eabi/10.3.1/thumb/v7-m/nofp/crti.o
                0x0800cc60                _fini
 .fini          0x0800cc64        0x8 d:/program files (x86)/gnu arm embedded toolchain/10 2021.10/bin/../lib/gcc/arm-none-eabi/10.3.1/thumb/v7-m/nofp/crtn.o
                0x0800cc6c                . = ALIGN (0x4)
                0x0800cc6c                _etext = .

.vfp11_veneer   0x0800cc6c        0x0
 .vfp11_veneer  0x0800cc6c        0x0 linker stubs

.v4_bx          0x0800cc6c        0x0
 .v4_bx         0x0800cc6c        0x0 linker stubs

.iplt           0x0800cc6c        0x0
 .iplt          0x0800cc6c        0x0 d:/program files (x86)/gnu arm embedded toolchain/10 2021.10/bin/../lib/gcc/arm-none-eabi/10.3.1/thumb/v7-m/nofp/crtbegin.o

.rodata         0x0800cc70      0x6a8
                0x0800cc70                . = ALIGN (0x4)
 *(.rodata)
 *(.rodata*)
 .rodata.delete_orderbyid.str1.4
                0x0800cc70        0xf build/main.o
 *fill*         0x0800cc7f        0x1 
 .rodata.InterAct.str1.4
                0x0800cc80       0x14 build/main.o
 .rodata.Solve1.str1.4
                0x0800cc94       0x11 build/main.o
 *fill*         0x0800cca5        0x3 
 .rodata.HAL_RCC_GetSysClockFreq.str1.4
                0x0800cca8       0x11 build/stm32f1xx_hal_rcc.o
 *fill*         0x0800ccb9        0x3 
 .rodata.AHBPrescTable
                0x0800ccbc       0x10 build/system_stm32f1xx.o
                0x0800ccbc                AHBPrescTable
 .rodata.APBPrescTable
                0x0800cccc        0x8 build/system_stm32f1xx.o
                0x0800cccc                APBPrescTable
 .rodata._global_impure_ptr
                0x0800ccd4        0x4 d:/program files (x86)/gnu arm embedded toolchain/10 2021.10/bin/../lib/gcc/arm-none-eabi/10.3.1/../../../../arm-none-eabi/lib/thumb/v7-m/nofp\libc.a(lib_a-impure.o)
                0x0800ccd4                _global_impure_ptr
 .rodata._svfprintf_r.str1.4
                0x0800ccd8       0x42 d:/program files (x86)/gnu arm embedded toolchain/10 2021.10/bin/../lib/gcc/arm-none-eabi/10.3.1/../../../../arm-none-eabi/lib/thumb/v7-m/nofp\libc.a(lib_a-svfprintf.o)
 *fill*         0x0800cd1a        0x2 
 .rodata.blanks.1
                0x0800cd1c       0x10 d:/program files (x86)/gnu arm embedded toolchain/10 2021.10/bin/../lib/gcc/arm-none-eabi/10.3.1/../../../../arm-none-eabi/lib/thumb/v7-m/nofp\libc.a(lib_a-svfprintf.o)
 .rodata.zeroes.0
                0x0800cd2c       0x10 d:/program files (x86)/gnu arm embedded toolchain/10 2021.10/bin/../lib/gcc/arm-none-eabi/10.3.1/../../../../arm-none-eabi/lib/thumb/v7-m/nofp\libc.a(lib_a-svfprintf.o)
 .rodata._dtoa_r.str1.4
                0x0800cd3c       0xa2 d:/program files (x86)/gnu arm embedded toolchain/10 2021.10/bin/../lib/gcc/arm-none-eabi/10.3.1/../../../../arm-none-eabi/lib/thumb/v7-m/nofp\libc.a(lib_a-dtoa.o)
                                 0xa6 (size before relaxing)
 *fill*         0x0800cdde        0x2 
 .rodata.__multadd.str1.4
                0x0800cde0       0x7f d:/program files (x86)/gnu arm embedded toolchain/10 2021.10/bin/../lib/gcc/arm-none-eabi/10.3.1/../../../../arm-none-eabi/lib/thumb/v7-m/nofp\libc.a(lib_a-mprec.o)
                                 0x93 (size before relaxing)
 *fill*         0x0800ce5f        0x1 
 .rodata.__mprec_bigtens
                0x0800ce60       0x28 d:/program files (x86)/gnu arm embedded toolchain/10 2021.10/bin/../lib/gcc/arm-none-eabi/10.3.1/../../../../arm-none-eabi/lib/thumb/v7-m/nofp\libc.a(lib_a-mprec.o)
                0x0800ce60                __mprec_bigtens
 .rodata.__mprec_tens
                0x0800ce88       0xc8 d:/program files (x86)/gnu arm embedded toolchain/10 2021.10/bin/../lib/gcc/arm-none-eabi/10.3.1/../../../../arm-none-eabi/lib/thumb/v7-m/nofp\libc.a(lib_a-mprec.o)
                0x0800ce88                __mprec_tens
 .rodata.p05.0  0x0800cf50        0xc d:/program files (x86)/gnu arm embedded toolchain/10 2021.10/bin/../lib/gcc/arm-none-eabi/10.3.1/../../../../arm-none-eabi/lib/thumb/v7-m/nofp\libc.a(lib_a-mprec.o)
 .rodata.__assert_func.str1.4
                0x0800cf5c       0x3f d:/program files (x86)/gnu arm embedded toolchain/10 2021.10/bin/../lib/gcc/arm-none-eabi/10.3.1/../../../../arm-none-eabi/lib/thumb/v7-m/nofp\libc.a(lib_a-assert.o)
                                 0x43 (size before relaxing)
 *fill*         0x0800cf9b        0x1 
 .rodata._setlocale_r.str1.4
                0x0800cf9c        0xa d:/program files (x86)/gnu arm embedded toolchain/10 2021.10/bin/../lib/gcc/arm-none-eabi/10.3.1/../../../../arm-none-eabi/lib/thumb/v7-m/nofp\libc.a(lib_a-locale.o)
                                  0xd (size before relaxing)
 *fill*         0x0800cfa6        0x2 
 .rodata.str1.4
                0x0800cfa8        0x2 d:/program files (x86)/gnu arm embedded toolchain/10 2021.10/bin/../lib/gcc/arm-none-eabi/10.3.1/../../../../arm-none-eabi/lib/thumb/v7-m/nofp\libc.a(lib_a-locale.o)
 .rodata._vfiprintf_r.str1.4
                0x0800cfaa       0x2f d:/program files (x86)/gnu arm embedded toolchain/10 2021.10/bin/../lib/gcc/arm-none-eabi/10.3.1/../../../../arm-none-eabi/lib/thumb/v7-m/nofp\libc.a(lib_a-vfiprintf.o)
 *fill*         0x0800cfaa        0x2 
 .rodata.blanks.1
                0x0800cfac       0x10 d:/program files (x86)/gnu arm embedded toolchain/10 2021.10/bin/../lib/gcc/arm-none-eabi/10.3.1/../../../../arm-none-eabi/lib/thumb/v7-m/nofp\libc.a(lib_a-vfiprintf.o)
 .rodata.zeroes.0
                0x0800cfbc       0x10 d:/program files (x86)/gnu arm embedded toolchain/10 2021.10/bin/../lib/gcc/arm-none-eabi/10.3.1/../../../../arm-none-eabi/lib/thumb/v7-m/nofp\libc.a(lib_a-vfiprintf.o)
 .rodata._ctype_
                0x0800cfcc      0x101 d:/program files (x86)/gnu arm embedded toolchain/10 2021.10/bin/../lib/gcc/arm-none-eabi/10.3.1/../../../../arm-none-eabi/lib/thumb/v7-m/nofp\libc.a(lib_a-ctype_.o)
                0x0800cfcc                _ctype_
 *fill*         0x0800d0cd        0x3 
 .rodata.CSWTCH.8
                0x0800d0d0       0x18 d:/program files (x86)/gnu arm embedded toolchain/10 2021.10/bin/../lib/gcc/arm-none-eabi/10.3.1/../../../../arm-none-eabi/lib/thumb/v7-m/nofp\libm.a(lib_a-e_atan2.o)
 .rodata.CSWTCH.9
                0x0800d0e8       0x18 d:/program files (x86)/gnu arm embedded toolchain/10 2021.10/bin/../lib/gcc/arm-none-eabi/10.3.1/../../../../arm-none-eabi/lib/thumb/v7-m/nofp\libm.a(lib_a-e_atan2.o)
 .rodata.npio2_hw
                0x0800d100       0x80 d:/program files (x86)/gnu arm embedded toolchain/10 2021.10/bin/../lib/gcc/arm-none-eabi/10.3.1/../../../../arm-none-eabi/lib/thumb/v7-m/nofp\libm.a(lib_a-e_rem_pio2.o)
 .rodata.two_over_pi
                0x0800d180      0x108 d:/program files (x86)/gnu arm embedded toolchain/10 2021.10/bin/../lib/gcc/arm-none-eabi/10.3.1/../../../../arm-none-eabi/lib/thumb/v7-m/nofp\libm.a(lib_a-e_rem_pio2.o)
 .rodata.PIo2   0x0800d288       0x40 d:/program files (x86)/gnu arm embedded toolchain/10 2021.10/bin/../lib/gcc/arm-none-eabi/10.3.1/../../../../arm-none-eabi/lib/thumb/v7-m/nofp\libm.a(lib_a-k_rem_pio2.o)
 .rodata.init_jk
                0x0800d2c8       0x10 d:/program files (x86)/gnu arm embedded toolchain/10 2021.10/bin/../lib/gcc/arm-none-eabi/10.3.1/../../../../arm-none-eabi/lib/thumb/v7-m/nofp\libm.a(lib_a-k_rem_pio2.o)
 .rodata.atanhi
                0x0800d2d8       0x20 d:/program files (x86)/gnu arm embedded toolchain/10 2021.10/bin/../lib/gcc/arm-none-eabi/10.3.1/../../../../arm-none-eabi/lib/thumb/v7-m/nofp\libm.a(lib_a-s_atan.o)
 .rodata.atanlo
                0x0800d2f8       0x20 d:/program files (x86)/gnu arm embedded toolchain/10 2021.10/bin/../lib/gcc/arm-none-eabi/10.3.1/../../../../arm-none-eabi/lib/thumb/v7-m/nofp\libm.a(lib_a-s_atan.o)
                0x0800d318                . = ALIGN (0x4)

.ARM.extab
 *(.ARM.extab* .gnu.linkonce.armextab.*)

.ARM            0x0800d318        0x8
                0x0800d318                __exidx_start = .
 *(.ARM.exidx*)
 .ARM.exidx     0x0800d318        0x8 d:/program files (x86)/gnu arm embedded toolchain/10 2021.10/bin/../lib/gcc/arm-none-eabi/10.3.1/thumb/v7-m/nofp\libgcc.a(_udivmoddi4.o)
                0x0800d320                __exidx_end = .

.rel.dyn        0x0800d320        0x0
 .rel.iplt      0x0800d320        0x0 d:/program files (x86)/gnu arm embedded toolchain/10 2021.10/bin/../lib/gcc/arm-none-eabi/10.3.1/thumb/v7-m/nofp/crtbegin.o

.preinit_array  0x0800d320        0x0
                0x0800d320                PROVIDE (__preinit_array_start = .)
 *(.preinit_array*)
                0x0800d320                PROVIDE (__preinit_array_end = .)

.init_array     0x0800d320        0x8
                0x0800d320                PROVIDE (__init_array_start = .)
 *(SORT_BY_NAME(.init_array.*))
 .init_array.00000
                0x0800d320        0x4 d:/program files (x86)/gnu arm embedded toolchain/10 2021.10/bin/../lib/gcc/arm-none-eabi/10.3.1/../../../../arm-none-eabi/lib/thumb/v7-m/nofp\libc.a(lib_a-__call_atexit.o)
 *(.init_array*)
 .init_array    0x0800d324        0x4 d:/program files (x86)/gnu arm embedded toolchain/10 2021.10/bin/../lib/gcc/arm-none-eabi/10.3.1/thumb/v7-m/nofp/crtbegin.o
                0x0800d328                PROVIDE (__init_array_end = .)

.fini_array     0x0800d328        0x4
                0x0800d328                PROVIDE (__fini_array_start = .)
 *(SORT_BY_NAME(.fini_array.*))
 *(.fini_array*)
 .fini_array    0x0800d328        0x4 d:/program files (x86)/gnu arm embedded toolchain/10 2021.10/bin/../lib/gcc/arm-none-eabi/10.3.1/thumb/v7-m/nofp/crtbegin.o
                0x0800d32c                PROVIDE (__fini_array_end = .)
                0x0800d32c                _sidata = LOADADDR (.data)

.data           0x20000000      0x9e8 load address 0x0800d32c
                0x20000000                . = ALIGN (0x4)
                0x20000000                _sdata = .
 *(.data)
 *(.data*)
 .data.centerpos
                0x20000000        0x4 build/main.o
                0x20000000                centerpos
 .data.tarid.1  0x20000004        0x4 build/main.o
 .data.ulti_goal
                0x20000008        0x4 build/main.o
                0x20000008                ulti_goal
 .data.calibrateAcce
                0x2000000c        0x3 build/jy62.o
                0x2000000c                calibrateAcce
 *fill*         0x2000000f        0x1 
 .data.initAngle
                0x20000010        0x3 build/jy62.o
                0x20000010                initAngle
 *fill*         0x20000013        0x1 
 .data.setBaud115200
                0x20000014        0x3 build/jy62.o
                0x20000014                setBaud115200
 *fill*         0x20000017        0x1 
 .data.setHorizontal
                0x20000018        0x3 build/jy62.o
                0x20000018                setHorizontal
 *fill*         0x2000001b        0x1 
 .data.sleepAndAwake
                0x2000001c        0x3 build/jy62.o
                0x2000001c                sleepAndAwake
 *fill*         0x2000001f        0x1 
 .data.zigbeeSend
                0x20000020        0xc build/zigbee_edc24.o
                0x20000020                zigbeeSend
 .data.uwTickFreq
                0x2000002c        0x1 build/stm32f1xx_hal.o
                0x2000002c                uwTickFreq
 *fill*         0x2000002d        0x3 
 .data.uwTickPrio
                0x20000030        0x4 build/stm32f1xx_hal.o
                0x20000030                uwTickPrio
 .data.SystemCoreClock
                0x20000034        0x4 build/system_stm32f1xx.o
                0x20000034                SystemCoreClock
 .data._impure_ptr
                0x20000038        0x4 d:/program files (x86)/gnu arm embedded toolchain/10 2021.10/bin/../lib/gcc/arm-none-eabi/10.3.1/../../../../arm-none-eabi/lib/thumb/v7-m/nofp\libc.a(lib_a-impure.o)
                0x20000038                _impure_ptr
 *fill*         0x2000003c        0x4 
 .data.impure_data
                0x20000040      0x428 d:/program files (x86)/gnu arm embedded toolchain/10 2021.10/bin/../lib/gcc/arm-none-eabi/10.3.1/../../../../arm-none-eabi/lib/thumb/v7-m/nofp\libc.a(lib_a-impure.o)
 .data.__atexit_recursive_mutex
                0x20000468        0x4 d:/program files (x86)/gnu arm embedded toolchain/10 2021.10/bin/../lib/gcc/arm-none-eabi/10.3.1/../../../../arm-none-eabi/lib/thumb/v7-m/nofp\libc.a(lib_a-__call_atexit.o)
                0x20000468                __atexit_recursive_mutex
 .data.__malloc_av_
                0x2000046c      0x408 d:/program files (x86)/gnu arm embedded toolchain/10 2021.10/bin/../lib/gcc/arm-none-eabi/10.3.1/../../../../arm-none-eabi/lib/thumb/v7-m/nofp\libc.a(lib_a-mallocr.o)
                0x2000046c                __malloc_av_
 .data.__malloc_sbrk_base
                0x20000874        0x4 d:/program files (x86)/gnu arm embedded toolchain/10 2021.10/bin/../lib/gcc/arm-none-eabi/10.3.1/../../../../arm-none-eabi/lib/thumb/v7-m/nofp\libc.a(lib_a-mallocr.o)
                0x20000874                __malloc_sbrk_base
 .data.__malloc_trim_threshold
                0x20000878        0x4 d:/program files (x86)/gnu arm embedded toolchain/10 2021.10/bin/../lib/gcc/arm-none-eabi/10.3.1/../../../../arm-none-eabi/lib/thumb/v7-m/nofp\libc.a(lib_a-mallocr.o)
                0x20000878                __malloc_trim_threshold
 .data.__global_locale
                0x2000087c      0x16c d:/program files (x86)/gnu arm embedded toolchain/10 2021.10/bin/../lib/gcc/arm-none-eabi/10.3.1/../../../../arm-none-eabi/lib/thumb/v7-m/nofp\libc.a(lib_a-locale.o)
                0x2000087c                __global_locale
                0x200009e8                . = ALIGN (0x4)
                0x200009e8                _edata = .

.igot.plt       0x200009e8        0x0 load address 0x0800dd14
 .igot.plt      0x200009e8        0x0 d:/program files (x86)/gnu arm embedded toolchain/10 2021.10/bin/../lib/gcc/arm-none-eabi/10.3.1/thumb/v7-m/nofp/crtbegin.o
                0x200009e8                . = ALIGN (0x4)

.bss            0x200009e8     0x67a8 load address 0x0800dd14
                0x200009e8                _sbss = .
                0x200009e8                __bss_start__ = _sbss
 *(.bss)
 .bss           0x200009e8       0x1c d:/program files (x86)/gnu arm embedded toolchain/10 2021.10/bin/../lib/gcc/arm-none-eabi/10.3.1/thumb/v7-m/nofp/crtbegin.o
 *(.bss*)
 .bss.Theta     0x20000a04        0x4 build/main.o
                0x20000a04                Theta
 .bss.V         0x20000a08        0x4 build/main.o
                0x20000a08                V
 .bss.candidate
                0x20000a0c      0x190 build/main.o
                0x20000a0c                candidate
 .bss.candidate_dis
                0x20000b9c      0x190 build/main.o
                0x20000b9c                candidate_dis
 .bss.candidate_id
                0x20000d2c      0x190 build/main.o
                0x20000d2c                candidate_id
 .bss.candidate_type
                0x20000ebc      0x190 build/main.o
                0x20000ebc                candidate_type
 .bss.cc.0      0x2000104c        0x4 build/main.o
 .bss.cc.3      0x20001050        0x4 build/main.o
 .bss.cnt_order
                0x20001054        0x4 build/main.o
                0x20001054                cnt_order
 .bss.del_order
                0x20001058      0x3e8 build/main.o
                0x20001058                del_order
 .bss.delta     0x20001440        0x4 build/main.o
                0x20001440                delta
 .bss.getTime   0x20001444      0x190 build/main.o
                0x20001444                getTime
 .bss.history_orders
                0x200015d4     0x4e20 build/main.o
                0x200015d4                history_orders
 .bss.is_mapped.2
                0x200063f4        0x4 build/main.o
 .bss.orders    0x200063f8      0x7d0 build/main.o
                0x200063f8                orders
 .bss.p1        0x20006bc8       0x18 build/main.o
                0x20006bc8                p1
 .bss.p2        0x20006be0       0x18 build/main.o
                0x20006be0                p2
 .bss.p3        0x20006bf8       0x18 build/main.o
                0x20006bf8                p3
 .bss.p4        0x20006c10       0x18 build/main.o
                0x20006c10                p4
 .bss.htim1     0x20006c28       0x48 build/tim.o
                0x20006c28                htim1
 .bss.htim2     0x20006c70       0x48 build/tim.o
                0x20006c70                htim2
 .bss.htim3     0x20006cb8       0x48 build/tim.o
                0x20006cb8                htim3
 .bss.htim4     0x20006d00       0x48 build/tim.o
                0x20006d00                htim4
 .bss.htim5     0x20006d48       0x48 build/tim.o
                0x20006d48                htim5
 .bss.htim8     0x20006d90       0x48 build/tim.o
                0x20006d90                htim8
 .bss.Accelerate
                0x20006dd8        0xc build/jy62.o
                0x20006dd8                Accelerate
 .bss.Angle     0x20006de4        0xc build/jy62.o
                0x20006de4                Angle
 .bss.Temperature
                0x20006df0        0x4 build/jy62.o
                0x20006df0                Temperature
 .bss.Velocity  0x20006df4        0xc build/jy62.o
                0x20006df4                Velocity
 .bss.i.1       0x20006e00        0x1 build/jy62.o
 *fill*         0x20006e01        0x3 
 .bss.jy62Message
                0x20006e04        0xb build/jy62.o
                0x20006e04                jy62Message
 *fill*         0x20006e0f        0x1 
 .bss.jy62Receive
                0x20006e10        0xb build/jy62.o
                0x20006e10                jy62Receive
 *fill*         0x20006e1b        0x1 
 .bss.jy62_huart
                0x20006e1c        0x4 build/jy62.o
                0x20006e1c                jy62_huart
 .bss.sum.0     0x20006e20        0x1 build/jy62.o
 *fill*         0x20006e21        0x3 
 .bss.gameInfoMessage
                0x20006e24       0x64 build/zigbee_edc24.o
                0x20006e24                gameInfoMessage
 .bss.gameStatusMessage
                0x20006e88       0x96 build/zigbee_edc24.o
                0x20006e88                gameStatusMessage
 .bss.receive_flag
                0x20006f1e        0x1 build/zigbee_edc24.o
                0x20006f1e                receive_flag
 *fill*         0x20006f1f        0x1 
 .bss.zigbeeMessage
                0x20006f20       0xc8 build/zigbee_edc24.o
                0x20006f20                zigbeeMessage
 .bss.zigbee_huart
                0x20006fe8        0x4 build/zigbee_edc24.o
                0x20006fe8                zigbee_huart
 .bss.uwTick    0x20006fec        0x4 build/stm32f1xx_hal.o
                0x20006fec                uwTick
 .bss.hdma_usart2_rx
                0x20006ff0       0x44 build/usart.o
                0x20006ff0                hdma_usart2_rx
 .bss.hdma_usart3_rx
                0x20007034       0x44 build/usart.o
                0x20007034                hdma_usart3_rx
 .bss.huart1    0x20007078       0x44 build/usart.o
                0x20007078                huart1
 .bss.huart2    0x200070bc       0x44 build/usart.o
                0x200070bc                huart2
 .bss.huart3    0x20007100       0x44 build/usart.o
                0x20007100                huart3
 .bss.__lock___atexit_recursive_mutex
                0x20007144        0x1 d:/program files (x86)/gnu arm embedded toolchain/10 2021.10/bin/../lib/gcc/arm-none-eabi/10.3.1/../../../../arm-none-eabi/lib/thumb/v7-m/nofp\libc.a(lib_a-lock.o)
                0x20007144                __lock___atexit_recursive_mutex
 *fill*         0x20007145        0x3 
 .bss.__lock___malloc_recursive_mutex
                0x20007148        0x1 d:/program files (x86)/gnu arm embedded toolchain/10 2021.10/bin/../lib/gcc/arm-none-eabi/10.3.1/../../../../arm-none-eabi/lib/thumb/v7-m/nofp\libc.a(lib_a-lock.o)
                0x20007148                __lock___malloc_recursive_mutex
 *fill*         0x20007149        0x3 
 .bss.__lock___sfp_recursive_mutex
                0x2000714c        0x1 d:/program files (x86)/gnu arm embedded toolchain/10 2021.10/bin/../lib/gcc/arm-none-eabi/10.3.1/../../../../arm-none-eabi/lib/thumb/v7-m/nofp\libc.a(lib_a-lock.o)
                0x2000714c                __lock___sfp_recursive_mutex
 *fill*         0x2000714d        0x3 
 .bss.__lock___sinit_recursive_mutex
                0x20007150        0x1 d:/program files (x86)/gnu arm embedded toolchain/10 2021.10/bin/../lib/gcc/arm-none-eabi/10.3.1/../../../../arm-none-eabi/lib/thumb/v7-m/nofp\libc.a(lib_a-lock.o)
                0x20007150                __lock___sinit_recursive_mutex
 *fill*         0x20007151        0x3 
 .bss.__malloc_current_mallinfo
                0x20007154       0x28 d:/program files (x86)/gnu arm embedded toolchain/10 2021.10/bin/../lib/gcc/arm-none-eabi/10.3.1/../../../../arm-none-eabi/lib/thumb/v7-m/nofp\libc.a(lib_a-mallocr.o)
                0x20007154                __malloc_current_mallinfo
 .bss.__malloc_max_sbrked_mem
                0x2000717c        0x4 d:/program files (x86)/gnu arm embedded toolchain/10 2021.10/bin/../lib/gcc/arm-none-eabi/10.3.1/../../../../arm-none-eabi/lib/thumb/v7-m/nofp\libc.a(lib_a-mallocr.o)
                0x2000717c                __malloc_max_sbrked_mem
 .bss.__malloc_max_total_mem
                0x20007180        0x4 d:/program files (x86)/gnu arm embedded toolchain/10 2021.10/bin/../lib/gcc/arm-none-eabi/10.3.1/../../../../arm-none-eabi/lib/thumb/v7-m/nofp\libc.a(lib_a-mallocr.o)
                0x20007180                __malloc_max_total_mem
 .bss.__malloc_top_pad
                0x20007184        0x4 d:/program files (x86)/gnu arm embedded toolchain/10 2021.10/bin/../lib/gcc/arm-none-eabi/10.3.1/../../../../arm-none-eabi/lib/thumb/v7-m/nofp\libc.a(lib_a-mallocr.o)
                0x20007184                __malloc_top_pad
 .bss.errno     0x20007188        0x4 d:/program files (x86)/gnu arm embedded toolchain/10 2021.10/bin/../lib/gcc/arm-none-eabi/10.3.1/../../../../arm-none-eabi/lib/thumb/v7-m/nofp\libc.a(lib_a-reent.o)
                0x20007188                errno
 .bss.heap_end.0
                0x2000718c        0x4 d:/program files (x86)/gnu arm embedded toolchain/10 2021.10/bin/../lib/gcc/arm-none-eabi/10.3.1/../../../../arm-none-eabi/lib/thumb/v7-m/nofp\libnosys.a(sbrk.o)
 *(COMMON)
                0x20007190                . = ALIGN (0x4)
                0x20007190                _ebss = .
                0x20007190                __bss_end__ = _ebss

._user_heap_stack
                0x20007190      0x600 load address 0x0800dd14
                0x20007190                . = ALIGN (0x8)
                0x20007190                PROVIDE (end = .)
                [!provide]                PROVIDE (_end = .)
                0x20007390                . = (. + _Min_Heap_Size)
 *fill*         0x20007190      0x200 
                0x20007790                . = (. + _Min_Stack_Size)
 *fill*         0x20007390      0x400 
                0x20007790                . = ALIGN (0x8)

/DISCARD/
 libc.a(*)
 libm.a(*)
 libgcc.a(*)

.ARM.attributes
                0x00000000       0x29
 *(.ARM.attributes)
 .ARM.attributes
                0x00000000       0x1d d:/program files (x86)/gnu arm embedded toolchain/10 2021.10/bin/../lib/gcc/arm-none-eabi/10.3.1/thumb/v7-m/nofp/crti.o
 .ARM.attributes
                0x0000001d       0x2d d:/program files (x86)/gnu arm embedded toolchain/10 2021.10/bin/../lib/gcc/arm-none-eabi/10.3.1/thumb/v7-m/nofp/crtbegin.o
 .ARM.attributes
                0x0000004a       0x2d build/main.o
 .ARM.attributes
                0x00000077       0x2d build/gpio.o
 .ARM.attributes
                0x000000a4       0x2d build/tim.o
 .ARM.attributes
                0x000000d1       0x2d build/jy62.o
 .ARM.attributes
                0x000000fe       0x2d build/zigbee_edc24.o
 .ARM.attributes
                0x0000012b       0x2d build/stm32f1xx_it.o
 .ARM.attributes
                0x00000158       0x2d build/stm32f1xx_hal_msp.o
 .ARM.attributes
                0x00000185       0x2d build/stm32f1xx_hal_tim.o
 .ARM.attributes
                0x000001b2       0x2d build/stm32f1xx_hal_tim_ex.o
 .ARM.attributes
                0x000001df       0x2d build/stm32f1xx_hal.o
 .ARM.attributes
                0x0000020c       0x2d build/stm32f1xx_hal_rcc.o
 .ARM.attributes
                0x00000239       0x2d build/stm32f1xx_hal_gpio.o
 .ARM.attributes
                0x00000266       0x2d build/stm32f1xx_hal_dma.o
 .ARM.attributes
                0x00000293       0x2d build/stm32f1xx_hal_cortex.o
 .ARM.attributes
                0x000002c0       0x2d build/system_stm32f1xx.o
 .ARM.attributes
                0x000002ed       0x2d build/dma.o
 .ARM.attributes
                0x0000031a       0x2d build/usart.o
 .ARM.attributes
                0x00000347       0x2d build/stm32f1xx_hal_uart.o
 .ARM.attributes
                0x00000374       0x21 build/startup_stm32f103xe.o
 .ARM.attributes
                0x00000395       0x2d d:/program files (x86)/gnu arm embedded toolchain/10 2021.10/bin/../lib/gcc/arm-none-eabi/10.3.1/../../../../arm-none-eabi/lib/thumb/v7-m/nofp\libc.a(lib_a-impure.o)
 .ARM.attributes
                0x000003c2       0x2d d:/program files (x86)/gnu arm embedded toolchain/10 2021.10/bin/../lib/gcc/arm-none-eabi/10.3.1/../../../../arm-none-eabi/lib/thumb/v7-m/nofp\libc.a(lib_a-init.o)
 .ARM.attributes
                0x000003ef       0x2d d:/program files (x86)/gnu arm embedded toolchain/10 2021.10/bin/../lib/gcc/arm-none-eabi/10.3.1/../../../../arm-none-eabi/lib/thumb/v7-m/nofp\libc.a(lib_a-memset.o)
 .ARM.attributes
                0x0000041c       0x2d d:/program files (x86)/gnu arm embedded toolchain/10 2021.10/bin/../lib/gcc/arm-none-eabi/10.3.1/../../../../arm-none-eabi/lib/thumb/v7-m/nofp\libc.a(lib_a-strlen-stub.o)
 .ARM.attributes
                0x00000449       0x2d d:/program files (x86)/gnu arm embedded toolchain/10 2021.10/bin/../lib/gcc/arm-none-eabi/10.3.1/../../../../arm-none-eabi/lib/thumb/v7-m/nofp\libc.a(lib_a-vsprintf.o)
 .ARM.attributes
                0x00000476       0x2d d:/program files (x86)/gnu arm embedded toolchain/10 2021.10/bin/../lib/gcc/arm-none-eabi/10.3.1/../../../../arm-none-eabi/lib/thumb/v7-m/nofp\libc.a(lib_a-__call_atexit.o)
 .ARM.attributes
                0x000004a3       0x2d d:/program files (x86)/gnu arm embedded toolchain/10 2021.10/bin/../lib/gcc/arm-none-eabi/10.3.1/../../../../arm-none-eabi/lib/thumb/v7-m/nofp\libc.a(lib_a-atexit.o)
 .ARM.attributes
                0x000004d0       0x2d d:/program files (x86)/gnu arm embedded toolchain/10 2021.10/bin/../lib/gcc/arm-none-eabi/10.3.1/../../../../arm-none-eabi/lib/thumb/v7-m/nofp\libc.a(lib_a-fini.o)
 .ARM.attributes
                0x000004fd       0x2d d:/program files (x86)/gnu arm embedded toolchain/10 2021.10/bin/../lib/gcc/arm-none-eabi/10.3.1/../../../../arm-none-eabi/lib/thumb/v7-m/nofp\libc.a(lib_a-lock.o)
 .ARM.attributes
                0x0000052a       0x2d d:/program files (x86)/gnu arm embedded toolchain/10 2021.10/bin/../lib/gcc/arm-none-eabi/10.3.1/../../../../arm-none-eabi/lib/thumb/v7-m/nofp\libc.a(lib_a-svfprintf.o)
 .ARM.attributes
                0x00000557       0x2d d:/program files (x86)/gnu arm embedded toolchain/10 2021.10/bin/../lib/gcc/arm-none-eabi/10.3.1/../../../../arm-none-eabi/lib/thumb/v7-m/nofp\libc.a(lib_a-__atexit.o)
 .ARM.attributes
                0x00000584       0x2d d:/program files (x86)/gnu arm embedded toolchain/10 2021.10/bin/../lib/gcc/arm-none-eabi/10.3.1/../../../../arm-none-eabi/lib/thumb/v7-m/nofp\libc.a(lib_a-dtoa.o)
 .ARM.attributes
                0x000005b1       0x2d d:/program files (x86)/gnu arm embedded toolchain/10 2021.10/bin/../lib/gcc/arm-none-eabi/10.3.1/../../../../arm-none-eabi/lib/thumb/v7-m/nofp\libc.a(lib_a-freer.o)
 .ARM.attributes
                0x000005de       0x2d d:/program files (x86)/gnu arm embedded toolchain/10 2021.10/bin/../lib/gcc/arm-none-eabi/10.3.1/../../../../arm-none-eabi/lib/thumb/v7-m/nofp\libc.a(lib_a-localeconv.o)
 .ARM.attributes
                0x0000060b       0x2d d:/program files (x86)/gnu arm embedded toolchain/10 2021.10/bin/../lib/gcc/arm-none-eabi/10.3.1/../../../../arm-none-eabi/lib/thumb/v7-m/nofp\libc.a(lib_a-mallocr.o)
 .ARM.attributes
                0x00000638       0x2d d:/program files (x86)/gnu arm embedded toolchain/10 2021.10/bin/../lib/gcc/arm-none-eabi/10.3.1/../../../../arm-none-eabi/lib/thumb/v7-m/nofp\libc.a(lib_a-memchr-stub.o)
 .ARM.attributes
                0x00000665       0x1b d:/program files (x86)/gnu arm embedded toolchain/10 2021.10/bin/../lib/gcc/arm-none-eabi/10.3.1/../../../../arm-none-eabi/lib/thumb/v7-m/nofp\libc.a(lib_a-memcpy.o)
 .ARM.attributes
                0x00000680       0x2d d:/program files (x86)/gnu arm embedded toolchain/10 2021.10/bin/../lib/gcc/arm-none-eabi/10.3.1/../../../../arm-none-eabi/lib/thumb/v7-m/nofp\libc.a(lib_a-mlock.o)
 .ARM.attributes
                0x000006ad       0x2d d:/program files (x86)/gnu arm embedded toolchain/10 2021.10/bin/../lib/gcc/arm-none-eabi/10.3.1/../../../../arm-none-eabi/lib/thumb/v7-m/nofp\libc.a(lib_a-mprec.o)
 .ARM.attributes
                0x000006da       0x2d d:/program files (x86)/gnu arm embedded toolchain/10 2021.10/bin/../lib/gcc/arm-none-eabi/10.3.1/../../../../arm-none-eabi/lib/thumb/v7-m/nofp\libc.a(lib_a-s_frexp.o)
 .ARM.attributes
                0x00000707       0x2d d:/program files (x86)/gnu arm embedded toolchain/10 2021.10/bin/../lib/gcc/arm-none-eabi/10.3.1/../../../../arm-none-eabi/lib/thumb/v7-m/nofp\libc.a(lib_a-sbrkr.o)
 .ARM.attributes
                0x00000734       0x2d d:/program files (x86)/gnu arm embedded toolchain/10 2021.10/bin/../lib/gcc/arm-none-eabi/10.3.1/../../../../arm-none-eabi/lib/thumb/v7-m/nofp\libc.a(lib_a-strncpy.o)
 .ARM.attributes
                0x00000761       0x2d d:/program files (x86)/gnu arm embedded toolchain/10 2021.10/bin/../lib/gcc/arm-none-eabi/10.3.1/../../../../arm-none-eabi/lib/thumb/v7-m/nofp\libc.a(lib_a-svfiprintf.o)
 .ARM.attributes
                0x0000078e       0x2d d:/program files (x86)/gnu arm embedded toolchain/10 2021.10/bin/../lib/gcc/arm-none-eabi/10.3.1/../../../../arm-none-eabi/lib/thumb/v7-m/nofp\libc.a(lib_a-assert.o)
 .ARM.attributes
                0x000007bb       0x2d d:/program files (x86)/gnu arm embedded toolchain/10 2021.10/bin/../lib/gcc/arm-none-eabi/10.3.1/../../../../arm-none-eabi/lib/thumb/v7-m/nofp\libc.a(lib_a-callocr.o)
 .ARM.attributes
                0x000007e8       0x2d d:/program files (x86)/gnu arm embedded toolchain/10 2021.10/bin/../lib/gcc/arm-none-eabi/10.3.1/../../../../arm-none-eabi/lib/thumb/v7-m/nofp\libc.a(lib_a-errno.o)
 .ARM.attributes
                0x00000815       0x2d d:/program files (x86)/gnu arm embedded toolchain/10 2021.10/bin/../lib/gcc/arm-none-eabi/10.3.1/../../../../arm-none-eabi/lib/thumb/v7-m/nofp\libc.a(lib_a-fiprintf.o)
 .ARM.attributes
                0x00000842       0x2d d:/program files (x86)/gnu arm embedded toolchain/10 2021.10/bin/../lib/gcc/arm-none-eabi/10.3.1/../../../../arm-none-eabi/lib/thumb/v7-m/nofp\libc.a(lib_a-locale.o)
 .ARM.attributes
                0x0000086f       0x2d d:/program files (x86)/gnu arm embedded toolchain/10 2021.10/bin/../lib/gcc/arm-none-eabi/10.3.1/../../../../arm-none-eabi/lib/thumb/v7-m/nofp\libc.a(lib_a-mbtowc_r.o)
 .ARM.attributes
                0x0000089c       0x2d d:/program files (x86)/gnu arm embedded toolchain/10 2021.10/bin/../lib/gcc/arm-none-eabi/10.3.1/../../../../arm-none-eabi/lib/thumb/v7-m/nofp\libc.a(lib_a-memmove.o)
 .ARM.attributes
                0x000008c9       0x2d d:/program files (x86)/gnu arm embedded toolchain/10 2021.10/bin/../lib/gcc/arm-none-eabi/10.3.1/../../../../arm-none-eabi/lib/thumb/v7-m/nofp\libc.a(lib_a-reallocr.o)
 .ARM.attributes
                0x000008f6       0x2d d:/program files (x86)/gnu arm embedded toolchain/10 2021.10/bin/../lib/gcc/arm-none-eabi/10.3.1/../../../../arm-none-eabi/lib/thumb/v7-m/nofp\libc.a(lib_a-reent.o)
 .ARM.attributes
                0x00000923       0x2d d:/program files (x86)/gnu arm embedded toolchain/10 2021.10/bin/../lib/gcc/arm-none-eabi/10.3.1/../../../../arm-none-eabi/lib/thumb/v7-m/nofp\libc.a(lib_a-vfiprintf.o)
 .ARM.attributes
                0x00000950       0x2d d:/program files (x86)/gnu arm embedded toolchain/10 2021.10/bin/../lib/gcc/arm-none-eabi/10.3.1/../../../../arm-none-eabi/lib/thumb/v7-m/nofp\libc.a(lib_a-wctomb_r.o)
 .ARM.attributes
                0x0000097d       0x2d d:/program files (x86)/gnu arm embedded toolchain/10 2021.10/bin/../lib/gcc/arm-none-eabi/10.3.1/../../../../arm-none-eabi/lib/thumb/v7-m/nofp\libc.a(lib_a-wsetup.o)
 .ARM.attributes