Archive member included to satisfy reference by file (symbol)

/Applications/ARM/bin/../lib/gcc/arm-none-eabi/10.3.1/../../../../arm-none-eabi/lib/thumb/v7-m/nofp/libc.a(lib_a-exit.o)
                              /Applications/ARM/bin/../lib/gcc/arm-none-eabi/10.3.1/../../../../arm-none-eabi/lib/thumb/v7-m/nofp/crt0.o (exit)
/Applications/ARM/bin/../lib/gcc/arm-none-eabi/10.3.1/../../../../arm-none-eabi/lib/thumb/v7-m/nofp/libc.a(lib_a-impure.o)
                              /Applications/ARM/bin/../lib/gcc/arm-none-eabi/10.3.1/../../../../arm-none-eabi/lib/thumb/v7-m/nofp/libc.a(lib_a-exit.o) (_global_impure_ptr)
/Applications/ARM/bin/../lib/gcc/arm-none-eabi/10.3.1/../../../../arm-none-eabi/lib/thumb/v7-m/nofp/libc.a(lib_a-init.o)
                              /Applications/ARM/bin/../lib/gcc/arm-none-eabi/10.3.1/../../../../arm-none-eabi/lib/thumb/v7-m/nofp/crt0.o (__libc_init_array)
/Applications/ARM/bin/../lib/gcc/arm-none-eabi/10.3.1/../../../../arm-none-eabi/lib/thumb/v7-m/nofp/libc.a(lib_a-memcpy.o)
                              build/main.o (memcpy)
/Applications/ARM/bin/../lib/gcc/arm-none-eabi/10.3.1/../../../../arm-none-eabi/lib/thumb/v7-m/nofp/libc.a(lib_a-memset.o)
                              /Applications/ARM/bin/../lib/gcc/arm-none-eabi/10.3.1/../../../../arm-none-eabi/lib/thumb/v7-m/nofp/crt0.o (memset)
/Applications/ARM/bin/../lib/gcc/arm-none-eabi/10.3.1/../../../../arm-none-eabi/lib/thumb/v7-m/nofp/libc.a(lib_a-strlen-stub.o)
                              build/usart.o (strlen)
/Applications/ARM/bin/../lib/gcc/arm-none-eabi/10.3.1/../../../../arm-none-eabi/lib/thumb/v7-m/nofp/libc.a(lib_a-vsprintf.o)
                              build/usart.o (vsprintf)
/Applications/ARM/bin/../lib/gcc/arm-none-eabi/10.3.1/../../../../arm-none-eabi/lib/thumb/v7-m/nofp/libc.a(lib_a-__call_atexit.o)
                              /Applications/ARM/bin/../lib/gcc/arm-none-eabi/10.3.1/../../../../arm-none-eabi/lib/thumb/v7-m/nofp/libc.a(lib_a-exit.o) (__call_exitprocs)
/Applications/ARM/bin/../lib/gcc/arm-none-eabi/10.3.1/../../../../arm-none-eabi/lib/thumb/v7-m/nofp/libc.a(lib_a-atexit.o)
                              /Applications/ARM/bin/../lib/gcc/arm-none-eabi/10.3.1/../../../../arm-none-eabi/lib/thumb/v7-m/nofp/libc.a(lib_a-__call_atexit.o) (atexit)
/Applications/ARM/bin/../lib/gcc/arm-none-eabi/10.3.1/../../../../arm-none-eabi/lib/thumb/v7-m/nofp/libc.a(lib_a-fini.o)
                              /Applications/ARM/bin/../lib/gcc/arm-none-eabi/10.3.1/../../../../arm-none-eabi/lib/thumb/v7-m/nofp/libc.a(lib_a-__call_atexit.o) (__libc_fini_array)
/Applications/ARM/bin/../lib/gcc/arm-none-eabi/10.3.1/../../../../arm-none-eabi/lib/thumb/v7-m/nofp/libc.a(lib_a-lock.o)
                              /Applications/ARM/bin/../lib/gcc/arm-none-eabi/10.3.1/../../../../arm-none-eabi/lib/thumb/v7-m/nofp/libc.a(lib_a-__call_atexit.o) (__retarget_lock_acquire_recursive)
/Applications/ARM/bin/../lib/gcc/arm-none-eabi/10.3.1/../../../../arm-none-eabi/lib/thumb/v7-m/nofp/libc.a(lib_a-svfprintf.o)
                              /Applications/ARM/bin/../lib/gcc/arm-none-eabi/10.3.1/../../../../arm-none-eabi/lib/thumb/v7-m/nofp/libc.a(lib_a-vsprintf.o) (_svfprintf_r)
/Applications/ARM/bin/../lib/gcc/arm-none-eabi/10.3.1/../../../../arm-none-eabi/lib/thumb/v7-m/nofp/libc.a(lib_a-__atexit.o)
                              /Applications/ARM/bin/../lib/gcc/arm-none-eabi/10.3.1/../../../../arm-none-eabi/lib/thumb/v7-m/nofp/libc.a(lib_a-atexit.o) (__register_exitproc)
/Applications/ARM/bin/../lib/gcc/arm-none-eabi/10.3.1/../../../../arm-none-eabi/lib/thumb/v7-m/nofp/libc.a(lib_a-dtoa.o)
                              /Applications/ARM/bin/../lib/gcc/arm-none-eabi/10.3.1/../../../../arm-none-eabi/lib/thumb/v7-m/nofp/libc.a(lib_a-svfprintf.o) (_dtoa_r)
/Applications/ARM/bin/../lib/gcc/arm-none-eabi/10.3.1/../../../../arm-none-eabi/lib/thumb/v7-m/nofp/libc.a(lib_a-freer.o)
                              /Applications/ARM/bin/../lib/gcc/arm-none-eabi/10.3.1/../../../../arm-none-eabi/lib/thumb/v7-m/nofp/libc.a(lib_a-svfprintf.o) (_free_r)
/Applications/ARM/bin/../lib/gcc/arm-none-eabi/10.3.1/../../../../arm-none-eabi/lib/thumb/v7-m/nofp/libc.a(lib_a-localeconv.o)
                              /Applications/ARM/bin/../lib/gcc/arm-none-eabi/10.3.1/../../../../arm-none-eabi/lib/thumb/v7-m/nofp/libc.a(lib_a-svfprintf.o) (_localeconv_r)
/Applications/ARM/bin/../lib/gcc/arm-none-eabi/10.3.1/../../../../arm-none-eabi/lib/thumb/v7-m/nofp/libc.a(lib_a-mallocr.o)
                              /Applications/ARM/bin/../lib/gcc/arm-none-eabi/10.3.1/../../../../arm-none-eabi/lib/thumb/v7-m/nofp/libc.a(lib_a-svfprintf.o) (_malloc_r)
/Applications/ARM/bin/../lib/gcc/arm-none-eabi/10.3.1/../../../../arm-none-eabi/lib/thumb/v7-m/nofp/libc.a(lib_a-memchr-stub.o)
                              /Applications/ARM/bin/../lib/gcc/arm-none-eabi/10.3.1/../../../../arm-none-eabi/lib/thumb/v7-m/nofp/libc.a(lib_a-svfprintf.o) (memchr)
[...]
Memory Configuration

Name             Origin             Length             Attributes
RAM              0x0000000020000000 0x000000000000c000 xrw
FLASH            0x0000000008000000 0x0000000000040000 xr
*default*        0x0000000000000000 0xffffffffffffffff

Linker script and memory map

LOAD /Applications/ARM/bin/../lib/gcc/arm-none-eabi/10.3.1/thumb/v7-m/nofp/crti.o
LOAD /Applications/ARM/bin/../lib/gcc/arm-none-eabi/10.3.1/thumb/v7-m/nofp/crtbegin.o
LOAD /Applications/ARM/bin/../lib/gcc/arm-none-eabi/10.3.1/../../../../arm-none-eabi/lib/thumb/v7-m/nofp/crt0.o
LOAD build/main.o
LOAD build/gpio.o
LOAD build/tim.o
LOAD build/jy62.o
LOAD build/zigbee_edc24.o
LOAD build/stm32f1xx_it.o
LOAD build/stm32f1xx_hal_msp.o
LOAD build/stm32f1xx_hal_gpio_ex.o
LOAD build/stm32f1xx_hal_tim.o
LOAD build/stm32f1xx_hal_tim_ex.o
LOAD build/stm32f1xx_hal.o
LOAD build/stm32f1xx_hal_rcc.o
LOAD build/stm32f1xx_hal_rcc_ex.o
LOAD build/stm32f1xx_hal_gpio.o
LOAD build/stm32f1xx_hal_dma.o
LOAD build/stm32f1xx_hal_cortex.o
LOAD build/stm32f1xx_hal_pwr.o
LOAD build/stm32f1xx_hal_flash.o
LOAD build/stm32f1xx_hal_flash_ex.o
LOAD build/stm32f1xx_hal_exti.o
LOAD build/system_stm32f1xx.o
LOAD build/dma.o
LOAD build/usart.o
LOAD build/stm32f1xx_hal_uart.o
LOAD build/startup_stm32f103xe.o
LOAD /Applications/ARM/bin/../lib/gcc/arm-none-eabi/10.3.1/../../../../arm-none-eabi/lib/thumb/v7-m/nofp/libc.a
LOAD /Applications/ARM/bin/../lib/gcc/arm-none-eabi/10.3.1/../../../../arm-none-eabi/lib/thumb/v7-m/nofp/libm.a
LOAD /Applications/ARM/bin/../lib/gcc/arm-none-eabi/10.3.1/../../../../arm-none-eabi/lib/thumb/v7-m/nofp/libnosys.a
START GROUP
LOAD /Applications/ARM/bin/../lib/gcc/arm-none-eabi/10.3.1/thumb/v7-m/nofp/libgcc.a
LOAD /Applications/ARM/bin/../lib/gcc/arm-none-eabi/10.3.1/../../../../arm-none-eabi/lib/thumb/v7-m/nofp/libc.a
END GROUP
START GROUP
LOAD /Applications/ARM/bin/../lib/gcc/arm-none-eabi/10.3.1/thumb/v7-m/nofp/libgcc.a
LOAD /Applications/ARM/bin/../lib/gcc/arm-none-eabi/10.3.1/../../../../arm-none-eabi/lib/thumb/v7-m/nofp/libc.a
LOAD /Applications/ARM/bin/../lib/gcc/arm-none-eabi/10.3.1/../../../../arm-none-eabi/lib/thumb/v7-m/nofp/libnosys.a
END GROUP
LOAD /Applications/ARM/bin/../lib/gcc/arm-none-eabi/10.3.1/thumb/v7-m/nofp/crtend.o
LOAD /Applications/ARM/bin/../lib/gcc/arm-none-eabi/10.3.1/thumb/v7-m/nofp/crtn.o
                0x000000002000c000                _estack = (ORIGIN (RAM) + LENGTH (RAM))
                0x0000000000000200                _Min_Heap_Size = 0x200
                0x0000000000000400                _Min_Stack_Size = 0x400

.isr_vector     0x0000000008000000      0x1e4
                0x0000000008000000                . = ALIGN (0x4)
 *(.isr_vector)
 .isr_vector    0x0000000008000000      0x1e4 build/startup_stm32f103xe.o
                0x0000000008000000                g_pfnVectors
                0x00000000080001e4                . = ALIGN (0x4)

.text           0x00000000080001e8     0x6c74
                0x00000000080001e8                . = ALIGN (0x4)
 *(.text)
 .text          0x00000000080001e8       0x40 /Applications/ARM/bin/../lib/gcc/arm-none-eabi/10.3.1/thumb/v7-m/nofp/crtbegin.o
 .text          0x0000000008000228      0x378 /Applications/ARM/bin/../lib/gcc/arm-none-eabi/10.3.1/thumb/v7-m/nofp/libgcc.a(_arm_addsubdf3.o)
                0x0000000008000228                __aeabi_drsub
                0x0000000008000230                __subdf3
                0x0000000008000230                __aeabi_dsub
                0x0000000008000234                __aeabi_dadd
                0x0000000008000234                __adddf3
                0x00000000080004ac                __aeabi_ui2d
                0x00000000080004ac                __floatunsidf
                0x00000000080004cc                __floatsidf
                0x00000000080004cc                __aeabi_i2d
                0x00000000080004f0                __extendsfdf2
                0x00000000080004f0                __aeabi_f2d
                0x0000000008000534                __aeabi_ul2d
                0x0000000008000534                __floatundidf
                0x0000000008000544                __aeabi_l2d
                0x0000000008000544                __floatdidf
 .text          0x00000000080005a0      0x424 /Applications/ARM/bin/../lib/gcc/arm-none-eabi/10.3.1/thumb/v7-m/nofp/libgcc.a(_arm_muldivdf3.o)
                0x00000000080005a0                __aeabi_dmul
                0x00000000080005a0                __muldf3
                0x00000000080007f4                __aeabi_ddiv
                0x00000000080007f4                __divdf3
 .text          0x00000000080009c4      0x110 /Applications/ARM/bin/../lib/gcc/arm-none-eabi/10.3.1/thumb/v7-m/nofp/libgcc.a(_arm_cmpdf2.o)
                0x00000000080009c4                __gedf2
                0x00000000080009c4                __gtdf2
                0x00000000080009cc                __ledf2
                0x00000000080009cc                __ltdf2
                0x00000000080009d4                __cmpdf2
                0x00000000080009d4                __eqdf2
                0x00000000080009d4                __nedf2
                0x0000000008000a50                __aeabi_cdrcmple
                0x0000000008000a60                __aeabi_cdcmple
                0x0000000008000a60                __aeabi_cdcmpeq
                0x0000000008000a70                __aeabi_dcmpeq
                0x0000000008000a84                __aeabi_dcmplt
                0x0000000008000a98                __aeabi_dcmple
                0x0000000008000aac                __aeabi_dcmpge
                0x0000000008000ac0                __aeabi_dcmpgt
 .text          0x0000000008000ad4       0x2c /Applications/ARM/bin/../lib/gcc/arm-none-eabi/10.3.1/thumb/v7-m/nofp/libgcc.a(_arm_unorddf2.o)
                0x0000000008000ad4                __aeabi_dcmpun
                0x0000000008000ad4                __unorddf2
 .text          0x0000000008000b00       0x50 /Applications/ARM/bin/../lib/gcc/arm-none-eabi/10.3.1/thumb/v7-m/nofp/libgcc.a(_arm_fixdfsi.o)
                0x0000000008000b00                __fixdfsi
                0x0000000008000b00                __aeabi_d2iz
 .text          0x0000000008000b50       0xa0 /Applications/ARM/bin/../lib/gcc/arm-none-eabi/10.3.1/thumb/v7-m/nofp/libgcc.a(_arm_truncdfsf2.o)
                0x0000000008000b50                __aeabi_d2f
                0x0000000008000b50                __truncdfsf2
 .text          0x0000000008000bf0      0x21c /Applications/ARM/bin/../lib/gcc/arm-none-eabi/10.3.1/thumb/v7-m/nofp/libgcc.a(_arm_addsubsf3.o)
                0x0000000008000bf0                __aeabi_frsub
                0x0000000008000bf8                __aeabi_fsub
                0x0000000008000bf8                __subsf3
                0x0000000008000bfc                __aeabi_fadd
                0x0000000008000bfc                __addsf3
                0x0000000008000d5c                __aeabi_ui2f
                0x0000000008000d5c                __floatunsisf
                0x0000000008000d64                __floatsisf
                0x0000000008000d64                __aeabi_i2f
                0x0000000008000d80                __aeabi_ul2f
                0x0000000008000d80                __floatundisf
                0x0000000008000d90                __aeabi_l2f
                0x0000000008000d90                __floatdisf
 .text          0x0000000008000e0c      0x2a0 /Applications/ARM/bin/../lib/gcc/arm-none-eabi/10.3.1/thumb/v7-m/nofp/libgcc.a(_arm_muldivsf3.o)
                0x0000000008000e0c                __mulsf3
                0x0000000008000e0c                __aeabi_fmul
                0x0000000008000f74                __divsf3
                0x0000000008000f74                __aeabi_fdiv
 .text          0x00000000080010ac       0xec /Applications/ARM/bin/../lib/gcc/arm-none-eabi/10.3.1/thumb/v7-m/nofp/libgcc.a(_arm_cmpsf2.o)
                0x00000000080010ac                __gesf2
                0x00000000080010ac                __gtsf2
                0x00000000080010b4                __ltsf2
                0x00000000080010b4                __lesf2
                0x00000000080010bc                __nesf2
                0x00000000080010bc                __eqsf2
                0x00000000080010bc                __cmpsf2
                0x000000000800111c                __aeabi_cfrcmple
                0x0000000008001124                __aeabi_cfcmpeq
                0x0000000008001124                __aeabi_cfcmple
                0x0000000008001134                __aeabi_fcmpeq
                0x0000000008001148                __aeabi_fcmplt
                0x000000000800115c                __aeabi_fcmple
                0x0000000008001170                __aeabi_fcmpge
                0x0000000008001184                __aeabi_fcmpgt
 .text          0x0000000008001198       0x4c /Applications/ARM/bin/../lib/gcc/arm-none-eabi/10.3.1/thumb/v7-m/nofp/libgcc.a(_arm_fixsfsi.o)
                0x0000000008001198                __fixsfsi
                0x0000000008001198                __aeabi_f2iz
 .text          0x00000000080011e4       0x40 /Applications/ARM/bin/../lib/gcc/arm-none-eabi/10.3.1/thumb/v7-m/nofp/libgcc.a(_arm_fixunssfsi.o)
                0x00000000080011e4                __aeabi_f2uiz
                0x00000000080011e4                __fixunssfsi
 *(.text*)
 .text.PID      0x0000000008001224       0x78 build/main.o
                0x0000000008001224                PID
 .text.SetGoal  0x000000000800129c       0x14 build/main.o
                0x000000000800129c                SetGoal
 .text.ReSetGoal
                0x00000000080012b0       0xa4 build/main.o
                0x00000000080012b0                ReSetGoal
 *fill*         0x0000000008001354        0x4 
 .text.HAL_TIM_PeriodElapsedCallback
                0x0000000008001358      0x2b4 build/main.o
                0x0000000008001358                HAL_TIM_PeriodElapsedCallback
 .text.GetPosition
                0x000000000800160c       0x24 build/main.o
                0x000000000800160c                GetPosition
 .text.updblock
                0x0000000008001630       0x1e build/main.o
                0x0000000008001630                updblock
 .text.max      0x000000000800164e        0x8 build/main.o
                0x000000000800164e                max
 .text.min      0x0000000008001656        0x8 build/main.o
                0x0000000008001656                min
 *fill*         0x000000000800165e        0x2 
 .text.calc_direct
                0x0000000008001660       0xac build/main.o
                0x0000000008001660                calc_direct
 .text.Pre_dis  0x000000000800170c       0xb8 build/main.o
                0x000000000800170c                Pre_dis
 .text.enblock  0x00000000080017c4       0x64 build/main.o
                0x00000000080017c4                enblock
 .text.Touch    0x0000000008001828       0x2e build/main.o
                0x0000000008001828                Touch
 .text.sqr      0x0000000008001856        0xa build/main.o
                0x0000000008001856                sqr
 .text.Solve1   0x0000000008001860      0x5cc build/main.o
                0x0000000008001860                Solve1
 .text.Error_Handler
                0x0000000008001e2c        0x4 build/main.o
                0x0000000008001e2c                Error_Handler
 .text.SystemClock_Config
                0x0000000008001e30       0x64 build/main.o
                0x0000000008001e30                SystemClock_Config
 .text.main     0x0000000008001e94      0x154 build/main.o
                0x0000000008001e94                main
 .text.MX_GPIO_Init
                0x0000000008001fe8       0xb4 build/gpio.o
                0x0000000008001fe8                MX_GPIO_Init
 .text.MX_TIM1_Init
                0x000000000800209c       0x70 build/tim.o
                0x000000000800209c                MX_TIM1_Init
 .text.MX_TIM2_Init
                0x000000000800210c       0x64 build/tim.o
                0x000000000800210c                MX_TIM2_Init
 .text.MX_TIM3_Init
                0x0000000008002170       0x64 build/tim.o
                0x0000000008002170                MX_TIM3_Init
 .text.MX_TIM4_Init
                0x00000000080021d4       0x64 build/tim.o
                0x00000000080021d4                MX_TIM4_Init
 .text.MX_TIM5_Init
                0x0000000008002238       0x64 build/tim.o
                0x0000000008002238                MX_TIM5_Init
 .text.HAL_TIM_Base_MspInit
                0x000000000800229c       0x60 build/tim.o
                0x000000000800229c                HAL_TIM_Base_MspInit
 .text.HAL_TIM_Encoder_MspInit
                0x00000000080022fc      0x154 build/tim.o
                0x00000000080022fc                HAL_TIM_Encoder_MspInit
 .text.HAL_TIM_MspPostInit
                0x0000000008002450       0x50 build/tim.o
                0x0000000008002450                HAL_TIM_MspPostInit
 .text.MX_TIM8_Init
                0x00000000080024a0      0x120 build/tim.o
                0x00000000080024a0                MX_TIM8_Init
 .text.jy62_Init
                0x00000000080025c0       0x18 build/jy62.o
                0x00000000080025c0                jy62_Init
 .text.SetBaud  0x00000000080025d8       0x3c build/jy62.o
                0x00000000080025d8                SetBaud
 .text.SetHorizontal
                0x0000000008002614       0x1c build/jy62.o
                0x0000000008002614                SetHorizontal
 .text.InitAngle
                0x0000000008002630       0x1c build/jy62.o
                0x0000000008002630                InitAngle
 .text.Calibrate
                0x000000000800264c       0x1c build/jy62.o
                0x000000000800264c                Calibrate
 .text.SleepOrAwake
                0x0000000008002668       0x1c build/jy62.o
                0x0000000008002668                SleepOrAwake
 .text.GetYaw   0x0000000008002684        0xc build/jy62.o
                0x0000000008002684                GetYaw
 .text.DecodeAngle
                0x0000000008002690       0x68 build/jy62.o
                0x0000000008002690                DecodeAngle
 .text.DecodeAccelerate
                0x00000000080026f8       0xa8 build/jy62.o
                0x00000000080026f8                DecodeAccelerate
 .text.DecodeVelocity
                0x00000000080027a0       0x68 build/jy62.o
                0x00000000080027a0                DecodeVelocity
 .text.DecodeTemperature
                0x0000000008002808       0x44 build/jy62.o
                0x0000000008002808                DecodeTemperature
 .text.Decode   0x000000000800284c       0x30 build/jy62.o
                0x000000000800284c                Decode
 .text.jy62MessageRecord
                0x000000000800287c       0x94 build/jy62.o
                0x000000000800287c                jy62MessageRecord
 .text.CalculateChecksum
                0x0000000008002910       0x16 build/zigbee_edc24.o
 .text.change_float_data
                0x0000000008002926        0x4 build/zigbee_edc24.o
 *fill*         0x000000000800292a        0x2 
 .text.HAL_UART_ErrorCallback
                0x000000000800292c       0x30 build/zigbee_edc24.o
                0x000000000800292c                HAL_UART_ErrorCallback
 .text.HAL_UARTEx_RxEventCallback
                0x000000000800295c       0x1c build/zigbee_edc24.o
                0x000000000800295c                HAL_UARTEx_RxEventCallback
 .text.zigbee_Init
                0x0000000008002978       0x50 build/zigbee_edc24.o
                0x0000000008002978                zigbee_Init
 .text.zigbeeMessageRecord
                0x00000000080029c8       0xd4 build/zigbee_edc24.o
                0x00000000080029c8                zigbeeMessageRecord
 .text.getGameTime
                0x0000000008002a9c        0xc build/zigbee_edc24.o
                0x0000000008002a9c                getGameTime
 .text.getGameStatus
                0x0000000008002aa8       0x10 build/zigbee_edc24.o
                0x0000000008002aa8                getGameStatus
 .text.getVehiclePos
                0x0000000008002ab8       0x34 build/zigbee_edc24.o
                0x0000000008002ab8                getVehiclePos
 .text.getOrderNum
                0x0000000008002aec        0xc build/zigbee_edc24.o
                0x0000000008002aec                getOrderNum
 .text.getOneOrder
                0x0000000008002af8       0x54 build/zigbee_edc24.o
                0x0000000008002af8                getOneOrder
 .text.getLatestPendingOrder
                0x0000000008002b4c       0x58 build/zigbee_edc24.o
                0x0000000008002b4c                getLatestPendingOrder
 .text.getGameStage
                0x0000000008002ba4        0xc build/zigbee_edc24.o
                0x0000000008002ba4                getGameStage
 .text.getOneBarrier
                0x0000000008002bb0       0x34 build/zigbee_edc24.o
                0x0000000008002bb0                getOneBarrier
 .text.getOwnChargingPileNum
                0x0000000008002be4        0xc build/zigbee_edc24.o
                0x0000000008002be4                getOwnChargingPileNum
 .text.reqGameInfo
                0x0000000008002bf0       0x1c build/zigbee_edc24.o
                0x0000000008002bf0                reqGameInfo
 .text.setChargingPile
                0x0000000008002c0c       0x1c build/zigbee_edc24.o
                0x0000000008002c0c                setChargingPile
 .text.NMI_Handler
                0x0000000008002c28        0x2 build/stm32f1xx_it.o
                0x0000000008002c28                NMI_Handler
 .text.HardFault_Handler
                0x0000000008002c2a        0x2 build/stm32f1xx_it.o
                0x0000000008002c2a                HardFault_Handler
 .text.MemManage_Handler
                0x0000000008002c2c        0x2 build/stm32f1xx_it.o
                0x0000000008002c2c                MemManage_Handler
 .text.BusFault_Handler
                0x0000000008002c2e        0x2 build/stm32f1xx_it.o
                0x0000000008002c2e                BusFault_Handler
 .text.UsageFault_Handler
                0x0000000008002c30        0x2 build/stm32f1xx_it.o
                0x0000000008002c30                UsageFault_Handler
 .text.SVC_Handler
                0x0000000008002c32        0x2 build/stm32f1xx_it.o
                0x0000000008002c32                SVC_Handler
 .text.DebugMon_Handler
                0x0000000008002c34        0x2 build/stm32f1xx_it.o
                0x0000000008002c34                DebugMon_Handler
 .text.PendSV_Handler
                0x0000000008002c36        0x2 build/stm32f1xx_it.o
                0x0000000008002c36                PendSV_Handler
 .text.SysTick_Handler
                0x0000000008002c38        0x8 build/stm32f1xx_it.o
                0x0000000008002c38                SysTick_Handler
 .text.DMA1_Channel3_IRQHandler
                0x0000000008002c40       0x10 build/stm32f1xx_it.o
                0x0000000008002c40                DMA1_Channel3_IRQHandler
 .text.DMA1_Channel6_IRQHandler
                0x0000000008002c50       0x10 build/stm32f1xx_it.o
                0x0000000008002c50                DMA1_Channel6_IRQHandler
 .text.TIM1_UP_IRQHandler
                0x0000000008002c60       0x10 build/stm32f1xx_it.o
                0x0000000008002c60                TIM1_UP_IRQHandler
 .text.USART2_IRQHandler
                0x0000000008002c70       0x10 build/stm32f1xx_it.o
                0x0000000008002c70                USART2_IRQHandler
 .text.USART3_IRQHandler
                0x0000000008002c80       0x10 build/stm32f1xx_it.o
                0x0000000008002c80                USART3_IRQHandler
 .text.HAL_MspInit
                0x0000000008002c90       0x44 build/stm32f1xx_hal_msp.o
                0x0000000008002c90                HAL_MspInit
 .text.TIM_OC1_SetConfig
                0x0000000008002cd4       0x68 build/stm32f1xx_hal_tim.o
 .text.TIM_OC3_SetConfig
                0x0000000008002d3c       0x70 build/stm32f1xx_hal_tim.o
 .text.TIM_OC4_SetConfig
                0x0000000008002dac       0x50 build/stm32f1xx_hal_tim.o
 .text.TIM_TI1_ConfigInputStage
                0x0000000008002dfc       0x24 build/stm32f1xx_hal_tim.o
 .text.TIM_TI2_ConfigInputStage
                0x0000000008002e20       0x26 build/stm32f1xx_hal_tim.o
 .text.TIM_ITRx_SetConfig
                0x0000000008002e46       0x10 build/stm32f1xx_hal_tim.o
 *fill*         0x0000000008002e56        0x2 
 .text.HAL_TIM_Base_Start_IT
                0x0000000008002e58       0x78 build/stm32f1xx_hal_tim.o
                0x0000000008002e58                HAL_TIM_Base_Start_IT
 .text.HAL_TIM_PWM_MspInit
                0x0000000008002ed0        0x2 build/stm32f1xx_hal_tim.o
                0x0000000008002ed0                HAL_TIM_PWM_MspInit
 .text.HAL_TIM_OC_DelayElapsedCallback
                0x0000000008002ed2        0x2 build/stm32f1xx_hal_tim.o
                0x0000000008002ed2                HAL_TIM_OC_DelayElapsedCallback
 .text.HAL_TIM_IC_CaptureCallback
                0x0000000008002ed4        0x2 build/stm32f1xx_hal_tim.o
                0x0000000008002ed4                HAL_TIM_IC_CaptureCallback
 .text.HAL_TIM_PWM_PulseFinishedCallback
                0x0000000008002ed6        0x2 build/stm32f1xx_hal_tim.o
                0x0000000008002ed6                HAL_TIM_PWM_PulseFinishedCallback
 .text.HAL_TIM_TriggerCallback
                0x0000000008002ed8        0x2 build/stm32f1xx_hal_tim.o
                0x0000000008002ed8                HAL_TIM_TriggerCallback
 .text.HAL_TIM_IRQHandler
                0x0000000008002eda      0x17a build/stm32f1xx_hal_tim.o
                0x0000000008002eda                HAL_TIM_IRQHandler
 .text.TIM_Base_SetConfig
                0x0000000008003054       0x98 build/stm32f1xx_hal_tim.o
                0x0000000008003054                TIM_Base_SetConfig
 .text.HAL_TIM_Base_Init
                0x00000000080030ec       0x58 build/stm32f1xx_hal_tim.o
                0x00000000080030ec                HAL_TIM_Base_Init
 .text.HAL_TIM_PWM_Init
                0x0000000008003144       0x58 build/stm32f1xx_hal_tim.o
                0x0000000008003144                HAL_TIM_PWM_Init
 .text.HAL_TIM_Encoder_Init
                0x000000000800319c       0xb8 build/stm32f1xx_hal_tim.o
                0x000000000800319c                HAL_TIM_Encoder_Init
 .text.TIM_OC2_SetConfig
                0x0000000008003254       0x70 build/stm32f1xx_hal_tim.o
                0x0000000008003254                TIM_OC2_SetConfig
 .text.HAL_TIM_PWM_ConfigChannel
                0x00000000080032c4       0xd0 build/stm32f1xx_hal_tim.o
                0x00000000080032c4                HAL_TIM_PWM_ConfigChannel
 .text.TIM_ETR_SetConfig
                0x0000000008003394       0x18 build/stm32f1xx_hal_tim.o
                0x0000000008003394                TIM_ETR_SetConfig
 .text.HAL_TIM_ConfigClockSource
                0x00000000080033ac       0xda build/stm32f1xx_hal_tim.o
                0x00000000080033ac                HAL_TIM_ConfigClockSource
 .text.TIM_CCxChannelCmd
                0x0000000008003486       0x1e build/stm32f1xx_hal_tim.o
                0x0000000008003486                TIM_CCxChannelCmd
 .text.HAL_TIM_PWM_Start
                0x00000000080034a4       0xf4 build/stm32f1xx_hal_tim.o
                0x00000000080034a4                HAL_TIM_PWM_Start
 .text.HAL_TIM_Encoder_Start
                0x0000000008003598       0xcc build/stm32f1xx_hal_tim.o
                0x0000000008003598                HAL_TIM_Encoder_Start
 .text.HAL_TIMEx_MasterConfigSynchronization
                0x0000000008003664       0x7c build/stm32f1xx_hal_tim_ex.o
                0x0000000008003664                HAL_TIMEx_MasterConfigSynchronization
 .text.HAL_TIMEx_ConfigBreakDeadTime
                0x00000000080036e0       0x52 build/stm32f1xx_hal_tim_ex.o
                0x00000000080036e0                HAL_TIMEx_ConfigBreakDeadTime
 .text.HAL_TIMEx_CommutCallback
                0x0000000008003732        0x2 build/stm32f1xx_hal_tim_ex.o
                0x0000000008003732                HAL_TIMEx_CommutCallback
 .text.HAL_TIMEx_BreakCallback
                0x0000000008003734        0x2 build/stm32f1xx_hal_tim_ex.o
                0x0000000008003734                HAL_TIMEx_BreakCallback
 *fill*         0x0000000008003736        0x2 
 .text.HAL_InitTick
                0x0000000008003738       0x4c build/stm32f1xx_hal.o
                0x0000000008003738                HAL_InitTick
 .text.HAL_Init
                0x0000000008003784       0x24 build/stm32f1xx_hal.o
                0x0000000008003784                HAL_Init
 .text.HAL_IncTick
                0x00000000080037a8       0x18 build/stm32f1xx_hal.o
                0x00000000080037a8                HAL_IncTick
 .text.HAL_GetTick
                0x00000000080037c0        0xc build/stm32f1xx_hal.o
                0x00000000080037c0                HAL_GetTick
 .text.HAL_Delay
                0x00000000080037cc       0x28 build/stm32f1xx_hal.o
                0x00000000080037cc                HAL_Delay
 .text.RCC_Delay
                0x00000000080037f4       0x2c build/stm32f1xx_hal_rcc.o
 .text.HAL_RCC_OscConfig
                0x0000000008003820      0x410 build/stm32f1xx_hal_rcc.o
                0x0000000008003820                HAL_RCC_OscConfig
 .text.HAL_RCC_GetSysClockFreq
                0x0000000008003c30       0x70 build/stm32f1xx_hal_rcc.o
                0x0000000008003c30                HAL_RCC_GetSysClockFreq
 .text.HAL_RCC_ClockConfig
                0x0000000008003ca0      0x16c build/stm32f1xx_hal_rcc.o
                0x0000000008003ca0                HAL_RCC_ClockConfig
 .text.HAL_RCC_GetHCLKFreq
                0x0000000008003e0c        0xc build/stm32f1xx_hal_rcc.o
                0x0000000008003e0c                HAL_RCC_GetHCLKFreq
 .text.HAL_RCC_GetPCLK1Freq
                0x0000000008003e18       0x20 build/stm32f1xx_hal_rcc.o
                0x0000000008003e18                HAL_RCC_GetPCLK1Freq
 .text.HAL_RCC_GetPCLK2Freq
                0x0000000008003e38       0x20 build/stm32f1xx_hal_rcc.o
                0x0000000008003e38                HAL_RCC_GetPCLK2Freq
 .text.HAL_GPIO_Init
                0x0000000008003e58      0x240 build/stm32f1xx_hal_gpio.o
                0x0000000008003e58                HAL_GPIO_Init
 .text.HAL_GPIO_WritePin
                0x0000000008004098        0xc build/stm32f1xx_hal_gpio.o
                0x0000000008004098                HAL_GPIO_WritePin
 .text.DMA_SetConfig
                0x00000000080040a4       0x2c build/stm32f1xx_hal_dma.o
 .text.HAL_DMA_Init
                0x00000000080040d0       0x98 build/stm32f1xx_hal_dma.o
                0x00000000080040d0                HAL_DMA_Init
 .text.HAL_DMA_Start_IT
                0x0000000008004168       0x74 build/stm32f1xx_hal_dma.o
                0x0000000008004168                HAL_DMA_Start_IT
 .text.HAL_DMA_Abort
                0x00000000080041dc       0x44 build/stm32f1xx_hal_dma.o
                0x00000000080041dc                HAL_DMA_Abort
 .text.HAL_DMA_Abort_IT
                0x0000000008004220      0x168 build/stm32f1xx_hal_dma.o
                0x0000000008004220                HAL_DMA_Abort_IT
 .text.HAL_DMA_IRQHandler
                0x0000000008004388      0x2ec build/stm32f1xx_hal_dma.o
                0x0000000008004388                HAL_DMA_IRQHandler
 .text.HAL_NVIC_SetPriorityGrouping
                0x0000000008004674       0x24 build/stm32f1xx_hal_cortex.o
                0x0000000008004674                HAL_NVIC_SetPriorityGrouping
 .text.HAL_NVIC_SetPriority
                0x0000000008004698       0x70 build/stm32f1xx_hal_cortex.o
                0x0000000008004698                HAL_NVIC_SetPriority
 .text.HAL_NVIC_EnableIRQ
                0x0000000008004708       0x1c build/stm32f1xx_hal_cortex.o
                0x0000000008004708                HAL_NVIC_EnableIRQ
 .text.HAL_SYSTICK_Config
                0x0000000008004724       0x28 build/stm32f1xx_hal_cortex.o
                0x0000000008004724                HAL_SYSTICK_Config
 .text.SystemInit
                0x000000000800474c        0x2 build/system_stm32f1xx.o
                0x000000000800474c                SystemInit
 *fill*         0x000000000800474e        0x2 
 .text.MX_DMA_Init
                0x0000000008004750       0x44 build/dma.o
                0x0000000008004750                MX_DMA_Init
 .text.MX_USART1_UART_Init
                0x0000000008004794       0x34 build/usart.o
                0x0000000008004794                MX_USART1_UART_Init
 .text.MX_USART2_UART_Init
                0x00000000080047c8       0x34 build/usart.o
                0x00000000080047c8                MX_USART2_UART_Init
 .text.MX_USART3_UART_Init
                0x00000000080047fc       0x34 build/usart.o
                0x00000000080047fc                MX_USART3_UART_Init
 .text.HAL_UART_MspInit
                0x0000000008004830      0x1b8 build/usart.o
                0x0000000008004830                HAL_UART_MspInit
 .text.HAL_UART_RxCpltCallback
                0x00000000080049e8       0x14 build/usart.o
                0x00000000080049e8                HAL_UART_RxCpltCallback
 .text.UART_EndTxTransfer
                0x00000000080049fc       0x12 build/stm32f1xx_hal_uart.o
 .text.UART_EndRxTransfer
                0x0000000008004a0e       0x32 build/stm32f1xx_hal_uart.o
 .text.UART_Transmit_IT
                0x0000000008004a40       0x60 build/stm32f1xx_hal_uart.o
 .text.UART_SetConfig
                0x0000000008004aa0       0x94 build/stm32f1xx_hal_uart.o
 .text.UART_WaitOnFlagUntilTimeout
                0x0000000008004b34       0x6c build/stm32f1xx_hal_uart.o
 .text.HAL_UART_Init
                0x0000000008004ba0       0x5e build/stm32f1xx_hal_uart.o
                0x0000000008004ba0                HAL_UART_Init
 .text.HAL_UART_Transmit
                0x0000000008004bfe       0xd8 build/stm32f1xx_hal_uart.o
                0x0000000008004bfe                HAL_UART_Transmit
 .text.HAL_UART_TxCpltCallback
                0x0000000008004cd6        0x2 build/stm32f1xx_hal_uart.o
                0x0000000008004cd6                HAL_UART_TxCpltCallback
 .text.UART_EndTransmit_IT
                0x0000000008004cd8       0x1a build/stm32f1xx_hal_uart.o
 .text.HAL_UART_RxHalfCpltCallback
                0x0000000008004cf2        0x2 build/stm32f1xx_hal_uart.o
                0x0000000008004cf2                HAL_UART_RxHalfCpltCallback
 .text.UART_DMAError
                0x0000000008004cf4       0x58 build/stm32f1xx_hal_uart.o
 .text.UART_DMAAbortOnError
                0x0000000008004d4c       0x10 build/stm32f1xx_hal_uart.o
 .text.UART_Receive_IT
                0x0000000008004d5c       0xd4 build/stm32f1xx_hal_uart.o
 .text.HAL_UART_IRQHandler
                0x0000000008004e30      0x204 build/stm32f1xx_hal_uart.o
                0x0000000008004e30                HAL_UART_IRQHandler
 .text.UART_DMARxHalfCplt
                0x0000000008005034       0x1a build/stm32f1xx_hal_uart.o
 .text.UART_DMAReceiveCplt
                0x000000000800504e       0x5e build/stm32f1xx_hal_uart.o
 .text.UART_Start_Receive_DMA
                0x00000000080050ac       0x78 build/stm32f1xx_hal_uart.o
                0x00000000080050ac                UART_Start_Receive_DMA
 .text.HAL_UART_Receive_DMA
                0x0000000008005124       0x38 build/stm32f1xx_hal_uart.o
                0x0000000008005124                HAL_UART_Receive_DMA
 .text.HAL_UARTEx_ReceiveToIdle_DMA
                0x000000000800515c       0x60 build/stm32f1xx_hal_uart.o
                0x000000000800515c                HAL_UARTEx_ReceiveToIdle_DMA
 .text.Reset_Handler
                0x00000000080051bc       0x48 build/startup_stm32f103xe.o
                0x00000000080051bc                Reset_Handler
 .text.Default_Handler
                0x0000000008005204        0x2 build/startup_stm32f103xe.o
                0x0000000008005204                DMA2_Channel3_IRQHandler
                0x0000000008005204                EXTI2_IRQHandler
                0x0000000008005204                TIM8_TRG_COM_IRQHandler
                0x0000000008005204                TIM8_CC_IRQHandler
                0x0000000008005204                TIM1_CC_IRQHandler
                0x0000000008005204                TIM6_IRQHandler
                0x0000000008005204                PVD_IRQHandler
                0x0000000008005204                SDIO_IRQHandler
                0x0000000008005204                EXTI3_IRQHandler
                0x0000000008005204                EXTI0_IRQHandler
                0x0000000008005204                I2C2_EV_IRQHandler
                0x0000000008005204                ADC1_2_IRQHandler
                0x0000000008005204                SPI1_IRQHandler
                0x0000000008005204                TAMPER_IRQHandler
                0x0000000008005204                TIM8_UP_IRQHandler
                0x0000000008005204                DMA2_Channel2_IRQHandler
                0x0000000008005204                DMA1_Channel4_IRQHandler
                0x0000000008005204                RTC_IRQHandler
                0x0000000008005204                DMA1_Channel7_IRQHandler
                0x0000000008005204                CAN1_RX1_IRQHandler
                0x0000000008005204                UART5_IRQHandler
                0x0000000008005204                ADC3_IRQHandler
                0x0000000008005204                TIM4_IRQHandler
                0x0000000008005204                DMA2_Channel1_IRQHandler
                0x0000000008005204                I2C1_EV_IRQHandler
                0x0000000008005204                UART4_IRQHandler
                0x0000000008005204                TIM3_IRQHandler
                0x0000000008005204                RCC_IRQHandler
                0x0000000008005204                TIM1_TRG_COM_IRQHandler
                0x0000000008005204                DMA1_Channel1_IRQHandler
                0x0000000008005204                Default_Handler
                0x0000000008005204                EXTI15_10_IRQHandler
                0x0000000008005204                TIM7_IRQHandler
                0x0000000008005204                TIM5_IRQHandler
                0x0000000008005204                EXTI9_5_IRQHandler
                0x0000000008005204                SPI2_IRQHandler
                0x0000000008005204                DMA1_Channel5_IRQHandler
                0x0000000008005204                EXTI4_IRQHandler
                0x0000000008005204                USB_LP_CAN1_RX0_IRQHandler
                0x0000000008005204                USB_HP_CAN1_TX_IRQHandler
                0x0000000008005204                FSMC_IRQHandler
                0x0000000008005204                WWDG_IRQHandler
                0x0000000008005204                TIM2_IRQHandler
                0x0000000008005204                TIM1_BRK_IRQHandler
                0x0000000008005204                EXTI1_IRQHandler
                0x0000000008005204                DMA2_Channel4_5_IRQHandler
                0x0000000008005204                I2C2_ER_IRQHandler
                0x0000000008005204                DMA1_Channel2_IRQHandler
                0x0000000008005204                TIM8_BRK_IRQHandler
                0x0000000008005204                CAN1_SCE_IRQHandler
                0x0000000008005204                FLASH_IRQHandler
                0x0000000008005204                USART1_IRQHandler
                0x0000000008005204                SPI3_IRQHandler
                0x0000000008005204                I2C1_ER_IRQHandler
                0x0000000008005204                USBWakeUp_IRQHandler
                0x0000000008005204                RTC_Alarm_IRQHandler
 *fill*         0x0000000008005206        0x2 
 .text.__libc_init_array
                0x0000000008005208       0x48 /Applications/ARM/bin/../lib/gcc/arm-none-eabi/10.3.1/../../../../arm-none-eabi/lib/thumb/v7-m/nofp/libc.a(lib_a-init.o)
                0x0000000008005208                __libc_init_array
 .text.memset   0x0000000008005250       0xa4 /Applications/ARM/bin/../lib/gcc/arm-none-eabi/10.3.1/../../../../arm-none-eabi/lib/thumb/v7-m/nofp/libc.a(lib_a-memset.o)
                0x0000000008005250                memset
 .text.startup.register_fini
                0x00000000080052f4       0x14 /Applications/ARM/bin/../lib/gcc/arm-none-eabi/10.3.1/../../../../arm-none-eabi/lib/thumb/v7-m/nofp/libc.a(lib_a-__call_atexit.o)
 .text.atexit   0x0000000008005308        0xc /Applications/ARM/bin/../lib/gcc/arm-none-eabi/10.3.1/../../../../arm-none-eabi/lib/thumb/v7-m/nofp/libc.a(lib_a-atexit.o)
                0x0000000008005308                atexit
 .text.__libc_fini_array
                0x0000000008005314       0x2c /Applications/ARM/bin/../lib/gcc/arm-none-eabi/10.3.1/../../../../arm-none-eabi/lib/thumb/v7-m/nofp/libc.a(lib_a-fini.o)
                0x0000000008005314                __libc_fini_array
 .text.__retarget_lock_acquire_recursive
                0x0000000008005340        0x4 /Applications/ARM/bin/../lib/gcc/arm-none-eabi/10.3.1/../../../../arm-none-eabi/lib/thumb/v7-m/nofp/libc.a(lib_a-lock.o)
                0x0000000008005340                __retarget_lock_acquire_recursive
 .text.__retarget_lock_release_recursive
                0x0000000008005344        0x4 /Applications/ARM/bin/../lib/gcc/arm-none-eabi/10.3.1/../../../../arm-none-eabi/lib/thumb/v7-m/nofp/libc.a(lib_a-lock.o)
                0x0000000008005344                __retarget_lock_release_recursive
 .text.__register_exitproc
                0x0000000008005348       0x8c /Applications/ARM/bin/../lib/gcc/arm-none-eabi/10.3.1/../../../../arm-none-eabi/lib/thumb/v7-m/nofp/libc.a(lib_a-__atexit.o)
                0x0000000008005348                __register_exitproc
 .text.__errno  0x00000000080053d4        0xc /Applications/ARM/bin/../lib/gcc/arm-none-eabi/10.3.1/../../../../arm-none-eabi/lib/thumb/v7-m/nofp/libc.a(lib_a-errno.o)
                0x00000000080053d4                __errno
 .text.cos      0x00000000080053e0       0xa4 /Applications/ARM/bin/../lib/gcc/arm-none-eabi/10.3.1/../../../../arm-none-eabi/lib/thumb/v7-m/nofp/libm.a(lib_a-s_cos.o)
                0x00000000080053e0                cos
 .text.sin      0x0000000008005484       0xb0 /Applications/ARM/bin/../lib/gcc/arm-none-eabi/10.3.1/../../../../arm-none-eabi/lib/thumb/v7-m/nofp/libm.a(lib_a-s_sin.o)
                0x0000000008005484                sin
 .text.atan2    0x0000000008005534        0x4 /Applications/ARM/bin/../lib/gcc/arm-none-eabi/10.3.1/../../../../arm-none-eabi/lib/thumb/v7-m/nofp/libm.a(lib_a-w_atan2.o)
                0x0000000008005534                atan2
 .text.sqrt     0x0000000008005538       0x50 /Applications/ARM/bin/../lib/gcc/arm-none-eabi/10.3.1/../../../../arm-none-eabi/lib/thumb/v7-m/nofp/libm.a(lib_a-w_sqrt.o)
                0x0000000008005538                sqrt
 .text.__ieee754_atan2
                0x0000000008005588      0x194 /Applications/ARM/bin/../lib/gcc/arm-none-eabi/10.3.1/../../../../arm-none-eabi/lib/thumb/v7-m/nofp/libm.a(lib_a-e_atan2.o)
                0x0000000008005588                __ieee754_atan2
 *fill*         0x000000000800571c        0x4 
 .text.__ieee754_rem_pio2
                0x0000000008005720      0x454 /Applications/ARM/bin/../lib/gcc/arm-none-eabi/10.3.1/../../../../arm-none-eabi/lib/thumb/v7-m/nofp/libm.a(lib_a-e_rem_pio2.o)
                0x0000000008005720                __ieee754_rem_pio2
 .text.__ieee754_sqrt
                0x0000000008005b74      0x18c /Applications/ARM/bin/../lib/gcc/arm-none-eabi/10.3.1/../../../../arm-none-eabi/lib/thumb/v7-m/nofp/libm.a(lib_a-e_sqrt.o)
                0x0000000008005b74                __ieee754_sqrt
 .text.__kernel_cos
                0x0000000008005d00      0x250 /Applications/ARM/bin/../lib/gcc/arm-none-eabi/10.3.1/../../../../arm-none-eabi/lib/thumb/v7-m/nofp/libm.a(lib_a-k_cos.o)
                0x0000000008005d00                __kernel_cos
 .text.__kernel_rem_pio2
                0x0000000008005f50      0x850 /Applications/ARM/bin/../lib/gcc/arm-none-eabi/10.3.1/../../../../arm-none-eabi/lib/thumb/v7-m/nofp/libm.a(lib_a-k_rem_pio2.o)
                0x0000000008005f50                __kernel_rem_pio2
 .text.__kernel_sin
                0x00000000080067a0      0x184 /Applications/ARM/bin/../lib/gcc/arm-none-eabi/10.3.1/../../../../arm-none-eabi/lib/thumb/v7-m/nofp/libm.a(lib_a-k_sin.o)
                0x00000000080067a0                __kernel_sin
 *fill*         0x0000000008006924        0x4 
 .text.atan     0x0000000008006928      0x31c /Applications/ARM/bin/../lib/gcc/arm-none-eabi/10.3.1/../../../../arm-none-eabi/lib/thumb/v7-m/nofp/libm.a(lib_a-s_atan.o)
                0x0000000008006928                atan
 .text.fabs     0x0000000008006c44        0x8 /Applications/ARM/bin/../lib/gcc/arm-none-eabi/10.3.1/../../../../arm-none-eabi/lib/thumb/v7-m/nofp/libm.a(lib_a-s_fabs.o)
                0x0000000008006c44                fabs
 *fill*         0x0000000008006c4c        0x4 
 .text.floor    0x0000000008006c50       0xf8 /Applications/ARM/bin/../lib/gcc/arm-none-eabi/10.3.1/../../../../arm-none-eabi/lib/thumb/v7-m/nofp/libm.a(lib_a-s_floor.o)
                0x0000000008006c50                floor
 .text.scalbn   0x0000000008006d48       0xfc /Applications/ARM/bin/../lib/gcc/arm-none-eabi/10.3.1/../../../../arm-none-eabi/lib/thumb/v7-m/nofp/libm.a(lib_a-s_scalbn.o)
                0x0000000008006d48                scalbn
 *(.glue_7)
 .glue_7        0x0000000008006e44        0x0 linker stubs
 *(.glue_7t)
 .glue_7t       0x0000000008006e44        0x0 linker stubs
 *(.eh_frame)
 .eh_frame      0x0000000008006e44        0x0 /Applications/ARM/bin/../lib/gcc/arm-none-eabi/10.3.1/thumb/v7-m/nofp/crtbegin.o
 *(.init)
 .init          0x0000000008006e44        0x4 /Applications/ARM/bin/../lib/gcc/arm-none-eabi/10.3.1/thumb/v7-m/nofp/crti.o
                0x0000000008006e44                _init
 .init          0x0000000008006e48        0x8 /Applications/ARM/bin/../lib/gcc/arm-none-eabi/10.3.1/thumb/v7-m/nofp/crtn.o
 *(.fini)
 .fini          0x0000000008006e50        0x4 /Applications/ARM/bin/../lib/gcc/arm-none-eabi/10.3.1/thumb/v7-m/nofp/crti.o
                0x0000000008006e50                _fini
 .fini          0x0000000008006e54        0x8 /Applications/ARM/bin/../lib/gcc/arm-none-eabi/10.3.1/thumb/v7-m/nofp/crtn.o
                0x0000000008006e5c                . = ALIGN (0x4)
                0x0000000008006e5c                _etext = .

.vfp11_veneer   0x0000000008006e5c        0x0
 .vfp11_veneer  0x0000000008006e5c        0x0 linker stubs

.v4_bx          0x0000000008006e5c        0x0
 .v4_bx         0x0000000008006e5c        0x0 linker stubs

.iplt           0x0000000008006e5c        0x0
 .iplt          0x0000000008006e5c        0x0 /Applications/ARM/bin/../lib/gcc/arm-none-eabi/10.3.1/thumb/v7-m/nofp/crtbegin.o

.rodata         0x0000000008006e60      0x278
                0x0000000008006e60                . = ALIGN (0x4)
 *(.rodata)
 *(.rodata*)
 .rodata.HAL_RCC_GetSysClockFreq.str1.4
                0x0000000008006e60       0x11 build/stm32f1xx_hal_rcc.o
 *fill*         0x0000000008006e71        0x3 
 .rodata.AHBPrescTable
                0x0000000008006e74       0x10 build/system_stm32f1xx.o
                0x0000000008006e74                AHBPrescTable
 .rodata.APBPrescTable
                0x0000000008006e84        0x8 build/system_stm32f1xx.o
                0x0000000008006e84                APBPrescTable
 .rodata._global_impure_ptr
                0x0000000008006e8c        0x4 /Applications/ARM/bin/../lib/gcc/arm-none-eabi/10.3.1/../../../../arm-none-eabi/lib/thumb/v7-m/nofp/libc.a(lib_a-impure.o)
                0x0000000008006e8c                _global_impure_ptr
 .rodata.CSWTCH.8
                0x0000000008006e90       0x18 /Applications/ARM/bin/../lib/gcc/arm-none-eabi/10.3.1/../../../../arm-none-eabi/lib/thumb/v7-m/nofp/libm.a(lib_a-e_atan2.o)
 .rodata.CSWTCH.9
                0x0000000008006ea8       0x18 /Applications/ARM/bin/../lib/gcc/arm-none-eabi/10.3.1/../../../../arm-none-eabi/lib/thumb/v7-m/nofp/libm.a(lib_a-e_atan2.o)
 .rodata.npio2_hw
                0x0000000008006ec0       0x80 /Applications/ARM/bin/../lib/gcc/arm-none-eabi/10.3.1/../../../../arm-none-eabi/lib/thumb/v7-m/nofp/libm.a(lib_a-e_rem_pio2.o)
 .rodata.two_over_pi
                0x0000000008006f40      0x108 /Applications/ARM/bin/../lib/gcc/arm-none-eabi/10.3.1/../../../../arm-none-eabi/lib/thumb/v7-m/nofp/libm.a(lib_a-e_rem_pio2.o)
 .rodata.PIo2   0x0000000008007048       0x40 /Applications/ARM/bin/../lib/gcc/arm-none-eabi/10.3.1/../../../../arm-none-eabi/lib/thumb/v7-m/nofp/libm.a(lib_a-k_rem_pio2.o)
 .rodata.init_jk
                0x0000000008007088       0x10 /Applications/ARM/bin/../lib/gcc/arm-none-eabi/10.3.1/../../../../arm-none-eabi/lib/thumb/v7-m/nofp/libm.a(lib_a-k_rem_pio2.o)
 .rodata.atanhi
                0x0000000008007098       0x20 /Applications/ARM/bin/../lib/gcc/arm-none-eabi/10.3.1/../../../../arm-none-eabi/lib/thumb/v7-m/nofp/libm.a(lib_a-s_atan.o)
 .rodata.atanlo
                0x00000000080070b8       0x20 /Applications/ARM/bin/../lib/gcc/arm-none-eabi/10.3.1/../../../../arm-none-eabi/lib/thumb/v7-m/nofp/libm.a(lib_a-s_atan.o)
                0x00000000080070d8                . = ALIGN (0x4)

.rel.dyn        0x00000000080070d8        0x0
 .rel.iplt      0x00000000080070d8        0x0 /Applications/ARM/bin/../lib/gcc/arm-none-eabi/10.3.1/thumb/v7-m/nofp/crtbegin.o

.ARM.extab
 *(.ARM.extab* .gnu.linkonce.armextab.*)

.ARM            0x00000000080070d8        0x0
                0x00000000080070d8                __exidx_start = .
 *(.ARM.exidx*)
                0x00000000080070d8                __exidx_end = .

.preinit_array  0x00000000080070d8        0x0
                0x00000000080070d8                PROVIDE (__preinit_array_start = .)
 *(.preinit_array*)
                0x00000000080070d8                PROVIDE (__preinit_array_end = .)

.init_array     0x00000000080070d8        0x8
                0x00000000080070d8                PROVIDE (__init_array_start = .)
 *(SORT_BY_NAME(.init_array.*))
 .init_array.00000
                0x00000000080070d8        0x4 /Applications/ARM/bin/../lib/gcc/arm-none-eabi/10.3.1/../../../../arm-none-eabi/lib/thumb/v7-m/nofp/libc.a(lib_a-__call_atexit.o)
 *(.init_array*)
 .init_array    0x00000000080070dc        0x4 /Applications/ARM/bin/../lib/gcc/arm-none-eabi/10.3.1/thumb/v7-m/nofp/crtbegin.o
                0x00000000080070e0                PROVIDE (__init_array_end = .)

.fini_array     0x00000000080070e0        0x4
                0x00000000080070e0                PROVIDE (__fini_array_start = .)
 *(SORT_BY_NAME(.fini_array.*))
 *(.fini_array*)
 .fini_array    0x00000000080070e0        0x4 /Applications/ARM/bin/../lib/gcc/arm-none-eabi/10.3.1/thumb/v7-m/nofp/crtbegin.o
                0x00000000080070e4                PROVIDE (__fini_array_end = .)
                0x00000000080070e4                _sidata = LOADADDR (.data)

.data           0x0000000020000000      0x4a4 load address 0x00000000080070e4
                0x0000000020000000                . = ALIGN (0x4)
                0x0000000020000000                _sdata = .
 *(.data)
 *(.data*)
 .data.P        0x0000000020000000       0x30 build/main.o
                0x0000000020000000                P
 .data.param    0x0000000020000030        0x8 build/main.o
                0x0000000020000030                param
 .data.tarid.1  0x0000000020000038        0x4 build/main.o
 .data.temp_goal
                0x000000002000003c        0x4 build/main.o
                0x000000002000003c                temp_goal
 .data.ulti_goal
                0x0000000020000040        0x4 build/main.o
                0x0000000020000040                ulti_goal
 .data.calibrateAcce
                0x0000000020000044        0x3 build/jy62.o
                0x0000000020000044                calibrateAcce
 *fill*         0x0000000020000047        0x1 
 .data.initAngle
                0x0000000020000048        0x3 build/jy62.o
                0x0000000020000048                initAngle
 *fill*         0x000000002000004b        0x1 
 .data.setBaud115200
                0x000000002000004c        0x3 build/jy62.o
                0x000000002000004c                setBaud115200
 *fill*         0x000000002000004f        0x1 
 .data.setHorizontal
                0x0000000020000050        0x3 build/jy62.o
                0x0000000020000050                setHorizontal
 *fill*         0x0000000020000053        0x1 
 .data.sleepAndAwake
                0x0000000020000054        0x3 build/jy62.o
                0x0000000020000054                sleepAndAwake
 *fill*         0x0000000020000057        0x1 
 .data.zigbeeSend
                0x0000000020000058        0xc build/zigbee_edc24.o
                0x0000000020000058                zigbeeSend
 .data.uwTickFreq
                0x0000000020000064        0x1 build/stm32f1xx_hal.o
                0x0000000020000064                uwTickFreq
 *fill*         0x0000000020000065        0x3 
 .data.uwTickPrio
                0x0000000020000068        0x4 build/stm32f1xx_hal.o
                0x0000000020000068                uwTickPrio
 .data.SystemCoreClock
                0x000000002000006c        0x4 build/system_stm32f1xx.o
                0x000000002000006c                SystemCoreClock
 .data._impure_ptr
                0x0000000020000070        0x4 /Applications/ARM/bin/../lib/gcc/arm-none-eabi/10.3.1/../../../../arm-none-eabi/lib/thumb/v7-m/nofp/libc.a(lib_a-impure.o)
                0x0000000020000070                _impure_ptr
 *fill*         0x0000000020000074        0x4 
 .data.impure_data
                0x0000000020000078      0x428 /Applications/ARM/bin/../lib/gcc/arm-none-eabi/10.3.1/../../../../arm-none-eabi/lib/thumb/v7-m/nofp/libc.a(lib_a-impure.o)
 .data.__atexit_recursive_mutex
                0x00000000200004a0        0x4 /Applications/ARM/bin/../lib/gcc/arm-none-eabi/10.3.1/../../../../arm-none-eabi/lib/thumb/v7-m/nofp/libc.a(lib_a-__call_atexit.o)
                0x00000000200004a0                __atexit_recursive_mutex
                0x00000000200004a4                . = ALIGN (0x4)
                0x00000000200004a4                _edata = .

.igot.plt       0x00000000200004a4        0x0 load address 0x0000000008007588
 .igot.plt      0x00000000200004a4        0x0 /Applications/ARM/bin/../lib/gcc/arm-none-eabi/10.3.1/thumb/v7-m/nofp/crtbegin.o
                0x00000000200004a4                . = ALIGN (0x4)

.bss            0x00000000200004a4     0x59f0 load address 0x0000000008007588
                0x00000000200004a4                _sbss = .
                0x00000000200004a4                __bss_start__ = _sbss
 *(.bss)
 .bss           0x00000000200004a4       0x1c /Applications/ARM/bin/../lib/gcc/arm-none-eabi/10.3.1/thumb/v7-m/nofp/crtbegin.o
 *(.bss*)
 .bss.Get_time  0x00000000200004c0      0x190 build/main.o
                0x00000000200004c0                Get_time
 .bss.Theta     0x0000000020000650        0x4 build/main.o
                0x0000000020000650                Theta
 .bss.V         0x0000000020000654        0x4 build/main.o
                0x0000000020000654                V
 .bss.block     0x0000000020000658     0x4000 build/main.o
                0x0000000020000658                block
 .bss.candidate
                0x0000000020004658      0x190 build/main.o
                0x0000000020004658                candidate
 .bss.candidate_dis
                0x00000000200047e8      0x190 build/main.o
                0x00000000200047e8                candidate_dis
 .bss.candidate_id
                0x0000000020004978      0x190 build/main.o
                0x0000000020004978                candidate_id
 .bss.candidate_type
                0x0000000020004b08      0x190 build/main.o
                0x0000000020004b08                candidate_type
 .bss.cc.4      0x0000000020004c98        0x4 build/main.o
 .bss.cnt_order
                0x0000000020004c9c        0x4 build/main.o
                0x0000000020004c9c                cnt_order
 .bss.dis       0x0000000020004ca0      0x240 build/main.o
                0x0000000020004ca0                dis
 .bss.is_mapped.2
                0x0000000020004ee0        0x4 build/main.o
 .bss.last_fix  0x0000000020004ee4        0x4 build/main.o
                0x0000000020004ee4                last_fix
 .bss.nxt       0x0000000020004ee8      0x240 build/main.o
                0x0000000020004ee8                nxt
 .bss.orders    0x0000000020005128      0x7d0 build/main.o
                0x0000000020005128                orders
 .bss.p1        0x00000000200058f8       0x18 build/main.o
                0x00000000200058f8                p1
 .bss.p2        0x0000000020005910       0x18 build/main.o
                0x0000000020005910                p2
 .bss.p3        0x0000000020005928       0x18 build/main.o
                0x0000000020005928                p3
 .bss.p4        0x0000000020005940       0x18 build/main.o
                0x0000000020005940                p4
 .bss.start_fix
                0x0000000020005958        0x4 build/main.o
                0x0000000020005958                start_fix
 .bss.tmpid.0   0x000000002000595c        0x4 build/main.o
 .bss.v.3       0x0000000020005960       0x14 build/main.o
 .bss.htim1     0x0000000020005974       0x48 build/tim.o
                0x0000000020005974                htim1
 .bss.htim2     0x00000000200059bc       0x48 build/tim.o
                0x00000000200059bc                htim2
 .bss.htim3     0x0000000020005a04       0x48 build/tim.o
                0x0000000020005a04                htim3
 .bss.htim4     0x0000000020005a4c       0x48 build/tim.o
                0x0000000020005a4c                htim4
 .bss.htim5     0x0000000020005a94       0x48 build/tim.o
                0x0000000020005a94                htim5
 .bss.htim8     0x0000000020005adc       0x48 build/tim.o
                0x0000000020005adc                htim8
 .bss.Accelerate
                0x0000000020005b24        0xc build/jy62.o
                0x0000000020005b24                Accelerate
 .bss.Angle     0x0000000020005b30        0xc build/jy62.o
                0x0000000020005b30                Angle
 .bss.Temperature
                0x0000000020005b3c        0x4 build/jy62.o
                0x0000000020005b3c                Temperature
 .bss.Velocity  0x0000000020005b40        0xc build/jy62.o
                0x0000000020005b40                Velocity
 .bss.i.1       0x0000000020005b4c        0x1 build/jy62.o
 *fill*         0x0000000020005b4d        0x3 
 .bss.jy62Message
                0x0000000020005b50        0xb build/jy62.o
                0x0000000020005b50                jy62Message
 *fill*         0x0000000020005b5b        0x1 
 .bss.jy62Receive
                0x0000000020005b5c        0xb build/jy62.o
                0x0000000020005b5c                jy62Receive
 *fill*         0x0000000020005b67        0x1 
 .bss.jy62_huart
                0x0000000020005b68        0x4 build/jy62.o
                0x0000000020005b68                jy62_huart
 .bss.sum.0     0x0000000020005b6c        0x1 build/jy62.o
 *fill*         0x0000000020005b6d        0x3 
 .bss.gameInfoMessage
                0x0000000020005b70       0x64 build/zigbee_edc24.o
                0x0000000020005b70                gameInfoMessage
 .bss.gameStatusMessage
                0x0000000020005bd4       0x96 build/zigbee_edc24.o
                0x0000000020005bd4                gameStatusMessage
 .bss.receive_flag
                0x0000000020005c6a        0x1 build/zigbee_edc24.o
                0x0000000020005c6a                receive_flag
 *fill*         0x0000000020005c6b        0x1 
 .bss.zigbeeMessage
                0x0000000020005c6c       0xc8 build/zigbee_edc24.o
                0x0000000020005c6c                zigbeeMessage
 .bss.zigbee_huart
                0x0000000020005d34        0x4 build/zigbee_edc24.o
                0x0000000020005d34                zigbee_huart
 .bss.uwTick    0x0000000020005d38        0x4 build/stm32f1xx_hal.o
                0x0000000020005d38                uwTick
 .bss.hdma_usart2_rx
                0x0000000020005d3c       0x44 build/usart.o
                0x0000000020005d3c                hdma_usart2_rx
 .bss.hdma_usart3_rx
                0x0000000020005d80       0x44 build/usart.o
                0x0000000020005d80                hdma_usart3_rx
 .bss.huart1    0x0000000020005dc4       0x44 build/usart.o
                0x0000000020005dc4                huart1
 .bss.huart2    0x0000000020005e08       0x44 build/usart.o
                0x0000000020005e08                huart2
 .bss.huart3    0x0000000020005e4c       0x44 build/usart.o
                0x0000000020005e4c                huart3
 .bss.__lock___atexit_recursive_mutex
                0x0000000020005e90        0x1 /Applications/ARM/bin/../lib/gcc/arm-none-eabi/10.3.1/../../../../arm-none-eabi/lib/thumb/v7-m/nofp/libc.a(lib_a-lock.o)
                0x0000000020005e90                __lock___atexit_recursive_mutex
 *(COMMON)
                0x0000000020005e94                . = ALIGN (0x4)
 *fill*         0x0000000020005e91        0x3 
                0x0000000020005e94                _ebss = .
                0x0000000020005e94                __bss_end__ = _ebss

._user_heap_stack
                0x0000000020005e94      0x604 load address 0x0000000008007588
                0x0000000020005e98                . = ALIGN (0x8)
 *fill*         0x0000000020005e94        0x4 
                0x0000000020005e98                PROVIDE (end = .)
                [!provide]                        PROVIDE (_end = .)
                0x0000000020006098                . = (. + _Min_Heap_Size)
 *fill*         0x0000000020005e98      0x200 
                0x0000000020006498                . = (. + _Min_Stack_Size)
 *fill*         0x0000000020006098      0x400 
                0x0000000020006498                . = ALIGN (0x8)

/DISCARD/
 libc.a(*)
 libm.a(*)
 libgcc.a(*)

.ARM.attributes
                0x0000000000000000       0x29
 *(.ARM.attributes)
 .ARM.attributes
                0x0000000000000000       0x1d /Applications/ARM/bin/../lib/gcc/arm-none-eabi/10.3.1/thumb/v7-m/nofp/crti.o
 .ARM.attributes
                0x000000000000001d       0x2d /Applications/ARM/bin/../lib/gcc/arm-none-eabi/10.3.1/thumb/v7-m/nofp/crtbegin.o
 .ARM.attributes
                0x000000000000004a       0x2d build/main.o
 .ARM.attributes
                0x0000000000000077       0x2d build/gpio.o
 .ARM.attributes
                0x00000000000000a4       0x2d build/tim.o
 .ARM.attributes
                0x00000000000000d1       0x2d build/jy62.o
 .ARM.attributes
                0x00000000000000fe       0x2d build/zigbee_edc24.o
 .ARM.attributes
                0x000000000000012b       0x2d build/stm32f1xx_it.o
 .ARM.attributes
                0x0000000000000158       0x2d build/stm32f1xx_hal_msp.o
 .ARM.attributes
                0x0000000000000185       0x2d build/stm32f1xx_hal_tim.o
 .ARM.attributes
                0x00000000000001b2       0x2d build/stm32f1xx_hal_tim_ex.o
 .ARM.attributes
                0x00000000000001df       0x2d build/stm32f1xx_hal.o
 .ARM.attributes
                0x000000000000020c       0x2d build/stm32f1xx_hal_rcc.o
 .ARM.attributes
                0x0000000000000239       0x2d build/stm32f1xx_hal_gpio.o
 .ARM.attributes
                0x0000000000000266       0x2d build/stm32f1xx_hal_dma.o
 .ARM.attributes
                0x0000000000000293       0x2d build/stm32f1xx_hal_cortex.o
 .ARM.attributes
                0x00000000000002c0       0x2d build/system_stm32f1xx.o
 .ARM.attributes
                0x00000000000002ed       0x2d build/dma.o
 .ARM.attributes
                0x000000000000031a       0x2d build/usart.o
 .ARM.attributes
                0x0000000000000347       0x2d build/stm32f1xx_hal_uart.o
 .ARM.attributes
                0x0000000000000374       0x21 build/startup_stm32f103xe.o
 .ARM.attributes
                0x0000000000000395       0x2d /Applications/ARM/bin/../lib/gcc/arm-none-eabi/10.3.1/../../../../arm-none-eabi/lib/thumb/v7-m/nofp/libc.a(lib_a-impure.o)
 .ARM.attributes
                0x00000000000003c2       0x2d /Applications/ARM/bin/../lib/gcc/arm-none-eabi/10.3.1/../../../../arm-none-eabi/lib/thumb/v7-m/nofp/libc.a(lib_a-init.o)
 .ARM.attributes
                0x00000000000003ef       0x2d /Applications/ARM/bin/../lib/gcc/arm-none-eabi/10.3.1/../../../../arm-none-eabi/lib/thumb/v7-m/nofp/libc.a(lib_a-memset.o)
 .ARM.attributes
                0x000000000000041c       0x2d /Applications/ARM/bin/../lib/gcc/arm-none-eabi/10.3.1/../../../../arm-none-eabi/lib/thumb/v7-m/nofp/libc.a(lib_a-__call_atexit.o)
 .ARM.attributes
                0x0000000000000449       0x2d /Applications/ARM/bin/../lib/gcc/arm-none-eabi/10.3.1/../../../../arm-none-eabi/lib/thumb/v7-m/nofp/libc.a(lib_a-atexit.o)
 .ARM.attributes
                0x0000000000000476       0x2d /Applications/ARM/bin/../lib/gcc/arm-none-eabi/10.3.1/../../../../arm-none-eabi/lib/thumb/v7-m/nofp/libc.a(lib_a-fini.o)
 .ARM.attributes
                0x00000000000004a3       0x2d /Applications/ARM/bin/../lib/gcc/arm-none-eabi/10.3.1/../../../../arm-none-eabi/lib/thumb/v7-m/nofp/libc.a(lib_a-lock.o)
 .ARM.attributes
                0x00000000000004d0       0x2d /Applications/ARM/bin/../lib/gcc/arm-none-eabi/10.3.1/../../../../arm-none-eabi/lib/thumb/v7-m/nofp/libc.a(lib_a-__atexit.o)
 .ARM.attributes
                0x00000000000004fd       0x2d /Applications/ARM/bin/../lib/gcc/arm-none-eabi/10.3.1/../../../../arm-none-eabi/lib/thumb/v7-m/nofp/libc.a(lib_a-errno.o)
 .ARM.attributes
                0x000000000000052a       0x2d /Applications/ARM/bin/../lib/gcc/arm-none-eabi/10.3.1/../../../../arm-none-eabi/lib/thumb/v7-m/nofp/libm.a(lib_a-s_cos.o)
 .ARM.attributes
                0x0000000000000557       0x2d /Applications/ARM/bin/../lib/gcc/arm-none-eabi/10.3.1/../../../../arm-none-eabi/lib/thumb/v7-m/nofp/libm.a(lib_a-s_sin.o)
 .ARM.attributes
                0x0000000000000584       0x2d /Applications/ARM/bin/../lib/gcc/arm-none-eabi/10.3.1/../../../../arm-none-eabi/lib/thumb/v7-m/nofp/libm.a(lib_a-w_atan2.o)
 .ARM.attributes
                0x00000000000005b1       0x2d /Applications/ARM/bin/../lib/gcc/arm-none-eabi/10.3.1/../../../../arm-none-eabi/lib/thumb/v7-m/nofp/libm.a(lib_a-w_sqrt.o)
 .ARM.attributes
                0x00000000000005de       0x2d /Applications/ARM/bin/../lib/gcc/arm-none-eabi/10.3.1/../../../../arm-none-eabi/lib/thumb/v7-m/nofp/libm.a(lib_a-e_atan2.o)
 .ARM.attributes
                0x000000000000060b       0x2d /Applications/ARM/bin/../lib/gcc/arm-none-eabi/10.3.1/../../../../arm-none-eabi/lib/thumb/v7-m/nofp/libm.a(lib_a-e_rem_pio2.o)
 .ARM.attributes
                0x0000000000000638       0x2d /Applications/ARM/bin/../lib/gcc/arm-none-eabi/10.3.1/../../../../arm-none-eabi/lib/thumb/v7-m/nofp/libm.a(lib_a-e_sqrt.o)
 .ARM.attributes
                0x0000000000000665       0x2d /Applications/ARM/bin/../lib/gcc/arm-none-eabi/10.3.1/../../../../arm-none-eabi/lib/thumb/v7-m/nofp/libm.a(lib_a-k_cos.o)
 .ARM.attributes
                0x0000000000000692       0x2d /Applications/ARM/bin/../lib/gcc/arm-none-eabi/10.3.1/../../../../arm-none-eabi/lib/thumb/v7-m/nofp/libm.a(lib_a-k_rem_pio2.o)
 .ARM.attributes
                0x00000000000006bf       0x2d /Applications/ARM/bin/../lib/gcc/arm-none-eabi/10.3.1/../../../../arm-none-eabi/lib/thumb/v7-m/nofp/libm.a(lib_a-k_sin.o)
 .ARM.attributes
                0x00000000000006ec       0x2d /Applications/ARM/bin/../lib/gcc/arm-none-eabi/10.3.1/../../../../arm-none-eabi/lib/thumb/v7-m/nofp/libm.a(lib_a-s_atan.o)
 .ARM.attributes
                0x0000000000000719       0x2d /Applications/ARM/bin/../lib/gcc/arm-none-eabi/10.3.1/../../../../arm-none-eabi/lib/thumb/v7-m/nofp/libm.a(lib_a-s_fabs.o)
 .ARM.attributes
                0x0000000000000746       0x2d /Applications/ARM/bin/../lib/gcc/arm-none-eabi/10.3.1/../../../../arm-none-eabi/lib/thumb/v7-m/nofp/libm.a(lib_a-s_floor.o)
 .ARM.attributes
                0x0000000000000773       0x2d /Applications/ARM/bin/../lib/gcc/arm-none-eabi/10.3.1/../../../../arm-none-eabi/lib/thumb/v7-m/nofp/libm.a(lib_a-s_scalbn.o)
 .ARM.attributes
                0x00000000000007a0       0x1d /Applications/ARM/bin/../lib/gcc/arm-none-eabi/10.3.1/thumb/v7-m/nofp/libgcc.a(_arm_addsubdf3.o)
 .ARM.attributes
                0x00000000000007bd       0x1d /Applications/ARM/bin/../lib/gcc/arm-none-eabi/10.3.1/thumb/v7-m/nofp/libgcc.a(_arm_muldivdf3.o)
 .ARM.attributes
                0x00000000000007da       0x1d /Applications/ARM/bin/../lib/gcc/arm-none-eabi/10.3.1/thumb/v7-m/nofp/libgcc.a(_arm_cmpdf2.o)
 .ARM.attributes
                0x00000000000007f7       0x1d /Applications/ARM/bin/../lib/gcc/arm-none-eabi/10.3.1/thumb/v7-m/nofp/libgcc.a(_arm_unorddf2.o)
 .ARM.attributes
                0x0000000000000814       0x1d /Applications/ARM/bin/../lib/gcc/arm-none-eabi/10.3.1/thumb/v7-m/nofp/libgcc.a(_arm_fixdfsi.o)
 .ARM.attributes
                0x0000000000000831       0x1d /Applications/ARM/bin/../lib/gcc/arm-none-eabi/10.3.1/thumb/v7-m/nofp/libgcc.a(_arm_truncdfsf2.o)
 .ARM.attributes
                0x000000000000084e       0x1d /Applications/ARM/bin/../lib/gcc/arm-none-eabi/10.3.1/thumb/v7-m/nofp/libgcc.a(_arm_addsubsf3.o)
 .ARM.attributes
                0x000000000000086b       0x1d /Applications/ARM/bin/../lib/gcc/arm-none-eabi/10.3.1/thumb/v7-m/nofp/libgcc.a(_arm_muldivsf3.o)
 .ARM.attributes
                0x0000000000000888       0x1d /Applications/ARM/bin/../lib/gcc/arm-none-eabi/10.3.1/thumb/v7-m/nofp/libgcc.a(_arm_cmpsf2.o)
 .ARM.attributes
                0x00000000000008a5       0x1d /Applications/ARM/bin/../lib/gcc/arm-none-eabi/10.3.1/thumb/v7-m/nofp/libgcc.a(_arm_fixsfsi.o)
 .ARM.attributes
                0x00000000000008c2       0x1d /Applications/ARM/bin/../lib/gcc/arm-none-eabi/10.3.1/thumb/v7-m/nofp/libgcc.a(_arm_fixunssfsi.o)
 .ARM.attributes
                0x00000000000008df       0x1d /Applications/ARM/bin/../lib/gcc/arm-none-eabi/10.3.1/thumb/v7-m/nofp/crtn.o
OUTPUT(build/PID.elf elf32-littlearm)
LOAD linker stubs
LOAD /Applications/ARM/bin/../lib/gcc/arm-none-eabi/10.3.1/../../../../arm-none-eabi/lib/thumb/v7-m/nofp/libc.a
LOAD /Applications/ARM/bin/../lib/gcc/arm-none-eabi/10.3.1/../../../../arm-none-eabi/lib/thumb/v7-m/nofp/libm.a
LOAD /Applications/ARM/bin/../lib/gcc/arm-none-eabi/10.3.1/thumb/v7-m/nofp/libgcc.a

.debug_info     0x0000000000000000    0x13664
 .debug_info    0x0000000000000000     0x3184 build/main.o
 .debug_info    0x0000000000003184      0x384 build/gpio.o
 .debug_info    0x0000000000003508     0x1771 build/tim.o
 .debug_info    0x0000000000004c79      0xd81 build/jy62.o
 .debug_info    0x00000000000059fa      0xf89 build/zigbee_edc24.o
 .debug_info    0x0000000000006983      0xb36 build/stm32f1xx_it.o
 .debug_info    0x00000000000074b9      0x238 build/stm32f1xx_hal_msp.o
 .debug_info    0x00000000000076f1     0x3df8 build/stm32f1xx_hal_tim.o
 .debug_info    0x000000000000b4e9     0x1b67 build/stm32f1xx_hal_tim_ex.o
 .debug_info    0x000000000000d050      0x8bb build/stm32f1xx_hal.o
 .debug_info    0x000000000000d90b      0xaec build/stm32f1xx_hal_rcc.o
 .debug_info    0x000000000000e3f7      0x6d7 build/stm32f1xx_hal_gpio.o
 .debug_info    0x000000000000eace      0x8ba build/stm32f1xx_hal_dma.o
 .debug_info    0x000000000000f388      0xe93 build/stm32f1xx_hal_cortex.o
 .debug_info    0x000000000001021b      0x26e build/system_stm32f1xx.o
 .debug_info    0x0000000000010489      0x3ab build/dma.o
 .debug_info    0x0000000000010834      0xffc build/usart.o
 .debug_info    0x0000000000011830     0x1e12 build/stm32f1xx_hal_uart.o
 .debug_info    0x0000000000013642       0x22 build/startup_stm32f103xe.o

.debug_abbrev   0x0000000000000000     0x29b9
 .debug_abbrev  0x0000000000000000      0x532 build/main.o
 .debug_abbrev  0x0000000000000532      0x13f build/gpio.o
 .debug_abbrev  0x0000000000000671      0x246 build/tim.o
 .debug_abbrev  0x00000000000008b7      0x20c build/jy62.o
 .debug_abbrev  0x0000000000000ac3      0x32f build/zigbee_edc24.o
 .debug_abbrev  0x0000000000000df2      0x198 build/stm32f1xx_it.o
 .debug_abbrev  0x0000000000000f8a       0xe7 build/stm32f1xx_hal_msp.o
 .debug_abbrev  0x0000000000001071      0x296 build/stm32f1xx_hal_tim.o
 .debug_abbrev  0x0000000000001307      0x298 build/stm32f1xx_hal_tim_ex.o
 .debug_abbrev  0x000000000000159f      0x1f7 build/stm32f1xx_hal.o
 .debug_abbrev  0x0000000000001796      0x29a build/stm32f1xx_hal_rcc.o
 .debug_abbrev  0x0000000000001a30      0x222 build/stm32f1xx_hal_gpio.o
 .debug_abbrev  0x0000000000001c52      0x262 build/stm32f1xx_hal_dma.o
 .debug_abbrev  0x0000000000001eb4      0x359 build/stm32f1xx_hal_cortex.o
 .debug_abbrev  0x000000000000220d      0x140 build/system_stm32f1xx.o
 .debug_abbrev  0x000000000000234d      0x117 build/dma.o
 .debug_abbrev  0x0000000000002464      0x298 build/usart.o
 .debug_abbrev  0x00000000000026fc      0x2ab build/stm32f1xx_hal_uart.o
 .debug_abbrev  0x00000000000029a7       0x12 build/startup_stm32f103xe.o

.debug_loc      0x0000000000000000     0xde07
 .debug_loc     0x0000000000000000     0x13cb build/main.o
 .debug_loc     0x00000000000013cb       0x38 build/gpio.o
 .debug_loc     0x0000000000001403      0x4ef build/tim.o
 .debug_loc     0x00000000000018f2      0x247 build/jy62.o
 .debug_loc     0x0000000000001b39      0x590 build/zigbee_edc24.o
 .debug_loc     0x00000000000020c9       0xc0 build/stm32f1xx_it.o
 .debug_loc     0x0000000000002189       0x41 build/stm32f1xx_hal_msp.o
 .debug_loc     0x00000000000021ca     0x5280 build/stm32f1xx_hal_tim.o
 .debug_loc     0x000000000000744a     0x1f72 build/stm32f1xx_hal_tim_ex.o
 .debug_loc     0x00000000000093bc      0x1e1 build/stm32f1xx_hal.o
 .debug_loc     0x000000000000959d      0x7ee build/stm32f1xx_hal_rcc.o
 .debug_loc     0x0000000000009d8b      0x551 build/stm32f1xx_hal_gpio.o
 .debug_loc     0x000000000000a2dc      0x8ea build/stm32f1xx_hal_dma.o
 .debug_loc     0x000000000000abc6      0x77f build/stm32f1xx_hal_cortex.o
 .debug_loc     0x000000000000b345       0xff build/system_stm32f1xx.o
 .debug_loc     0x000000000000b444       0x38 build/dma.o
 .debug_loc     0x000000000000b47c      0x310 build/usart.o
 .debug_loc     0x000000000000b78c     0x267b build/stm32f1xx_hal_uart.o

.debug_aranges  0x0000000000000000      0xe90
 .debug_aranges
                0x0000000000000000       0xd8 build/main.o
 .debug_aranges
                0x00000000000000d8       0x20 build/gpio.o
 .debug_aranges
                0x00000000000000f8       0x70 build/tim.o
 .debug_aranges
                0x0000000000000168       0xd0 build/jy62.o
 .debug_aranges
                0x0000000000000238       0xd8 build/zigbee_edc24.o
 .debug_aranges
                0x0000000000000310       0x88 build/stm32f1xx_it.o
 .debug_aranges
                0x0000000000000398       0x20 build/stm32f1xx_hal_msp.o
 .debug_aranges
                0x00000000000003b8      0x3d0 build/stm32f1xx_hal_tim.o
 .debug_aranges
                0x0000000000000788      0x168 build/stm32f1xx_hal_tim_ex.o
 .debug_aranges
                0x00000000000008f0       0xe0 build/stm32f1xx_hal.o
 .debug_aranges
                0x00000000000009d0       0x90 build/stm32f1xx_hal_rcc.o
 .debug_aranges
                0x0000000000000a60       0x58 build/stm32f1xx_hal_gpio.o
 .debug_aranges
                0x0000000000000ab8       0x80 build/stm32f1xx_hal_dma.o
 .debug_aranges
                0x0000000000000b38       0x90 build/stm32f1xx_hal_cortex.o
 .debug_aranges
                0x0000000000000bc8       0x28 build/system_stm32f1xx.o
 .debug_aranges
                0x0000000000000bf0       0x20 build/dma.o
 .debug_aranges
                0x0000000000000c10       0x58 build/usart.o
 .debug_aranges
                0x0000000000000c68      0x200 build/stm32f1xx_hal_uart.o
 .debug_aranges
                0x0000000000000e68       0x28 build/startup_stm32f103xe.o

.debug_ranges   0x0000000000000000     0x1018
 .debug_ranges  0x0000000000000000      0x2c8 build/main.o
 .debug_ranges  0x00000000000002c8       0x10 build/gpio.o
 .debug_ranges  0x00000000000002d8       0x60 build/tim.o
 .debug_ranges  0x0000000000000338       0xc0 build/jy62.o
 .debug_ranges  0x00000000000003f8       0xf8 build/zigbee_edc24.o
 .debug_ranges  0x00000000000004f0       0x78 build/stm32f1xx_it.o
 .debug_ranges  0x0000000000000568       0x10 build/stm32f1xx_hal_msp.o
 .debug_ranges  0x0000000000000578      0x3c0 build/stm32f1xx_hal_tim.o
 .debug_ranges  0x0000000000000938      0x158 build/stm32f1xx_hal_tim_ex.o
 .debug_ranges  0x0000000000000a90       0xd0 build/stm32f1xx_hal.o
 .debug_ranges  0x0000000000000b60       0xa0 build/stm32f1xx_hal_rcc.o
 .debug_ranges  0x0000000000000c00       0x48 build/stm32f1xx_hal_gpio.o
 .debug_ranges  0x0000000000000c48       0x70 build/stm32f1xx_hal_dma.o
 .debug_ranges  0x0000000000000cb8       0xe0 build/stm32f1xx_hal_cortex.o
 .debug_ranges  0x0000000000000d98       0x18 build/system_stm32f1xx.o
 .debug_ranges  0x0000000000000db0       0x10 build/dma.o
 .debug_ranges  0x0000000000000dc0       0x48 build/usart.o
 .debug_ranges  0x0000000000000e08      0x1f0 build/stm32f1xx_hal_uart.o
 .debug_ranges  0x0000000000000ff8       0x20 build/startup_stm32f103xe.o

.debug_line     0x0000000000000000     0xe540
 .debug_line    0x0000000000000000     0x1461 build/main.o
 .debug_line    0x0000000000001461      0x19c build/gpio.o
 .debug_line    0x00000000000015fd      0x889 build/tim.o
 .debug_line    0x0000000000001e86      0x56e build/jy62.o
 .debug_line    0x00000000000023f4      0x790 build/zigbee_edc24.o
 .debug_line    0x0000000000002b84      0x309 build/stm32f1xx_it.o
 .debug_line    0x0000000000002e8d      0x11e build/stm32f1xx_hal_msp.o
 .debug_line    0x0000000000002fab     0x46df build/stm32f1xx_hal_tim.o
 .debug_line    0x000000000000768a     0x1b68 build/stm32f1xx_hal_tim_ex.o
 .debug_line    0x00000000000091f2      0x4d0 build/stm32f1xx_hal.o
 .debug_line    0x00000000000096c2      0xbce build/stm32f1xx_hal_rcc.o
 .debug_line    0x000000000000a290      0x599 build/stm32f1xx_hal_gpio.o
 .debug_line    0x000000000000a829      0xc8d build/stm32f1xx_hal_dma.o
 .debug_line    0x000000000000b4b6      0x5db build/stm32f1xx_hal_cortex.o
 .debug_line    0x000000000000ba91      0x1e8 build/system_stm32f1xx.o
 .debug_line    0x000000000000bc79      0x143 build/dma.o
 .debug_line    0x000000000000bdbc      0x6b2 build/usart.o
 .debug_line    0x000000000000c46e     0x205d build/stm32f1xx_hal_uart.o
 .debug_line    0x000000000000e4cb       0x75 build/startup_stm32f103xe.o

.debug_str      0x0000000000000000     0x4017
 .debug_str     0x0000000000000000      0xf5f build/main.o
                                       0x107e (size before relaxing)
 .debug_str     0x0000000000000f5f       0x90 build/gpio.o
                                        0x248 (size before relaxing)
 .debug_str     0x0000000000000fef      0x7b1 build/tim.o
                                        0xf30 (size before relaxing)
 .debug_str     0x00000000000017a0      0x1d8 build/jy62.o
                                        0x7d2 (size before relaxing)
 .debug_str     0x0000000000001978      0x199 build/zigbee_edc24.o
                                        0x8fb (size before relaxing)
 .debug_str     0x0000000000001b11      0x175 build/stm32f1xx_it.o
                                        0x985 (size before relaxing)
 .debug_str     0x0000000000001c86       0x29 build/stm32f1xx_hal_msp.o
                                        0x1ea (size before relaxing)
 .debug_str     0x0000000000001caf      0xcd8 build/stm32f1xx_hal_tim.o
                                       0x1603 (size before relaxing)
 .debug_str     0x0000000000002987      0x46f build/stm32f1xx_hal_tim_ex.o
                                        0xe04 (size before relaxing)
 .debug_str     0x0000000000002df6      0x2ff build/stm32f1xx_hal.o
                                        0x8d3 (size before relaxing)
 .debug_str     0x00000000000030f5      0x1fe build/stm32f1xx_hal_rcc.o
                                        0x5f6 (size before relaxing)
 .debug_str     0x00000000000032f3      0x117 build/stm32f1xx_hal_gpio.o
                                        0x3cb (size before relaxing)
 .debug_str     0x000000000000340a      0x1f7 build/stm32f1xx_hal_dma.o
                                        0x5c8 (size before relaxing)
 .debug_str     0x0000000000003601      0x391 build/stm32f1xx_hal_cortex.o
                                        0x982 (size before relaxing)
 .debug_str     0x0000000000003992       0x4f build/system_stm32f1xx.o
                                        0x21f (size before relaxing)
 .debug_str     0x00000000000039e1        0xf build/dma.o
                                        0x58f (size before relaxing)
 .debug_str     0x00000000000039f0       0xc9 build/usart.o
                                        0xb59 (size before relaxing)
 .debug_str     0x0000000000003ab9      0x53a build/stm32f1xx_hal_uart.o
                                        0xc59 (size before relaxing)
 .debug_str     0x0000000000003ff3       0x24 build/startup_stm32f103xe.o
                                         0x3e (size before relaxing)

.comment        0x0000000000000000       0x49
 .comment       0x0000000000000000       0x49 build/main.o
                                         0x4a (size before relaxing)
 .comment       0x0000000000000049       0x4a build/gpio.o
 .comment       0x0000000000000049       0x4a build/tim.o
 .comment       0x0000000000000049       0x4a build/jy62.o
 .comment       0x0000000000000049       0x4a build/zigbee_edc24.o
 .comment       0x0000000000000049       0x4a build/stm32f1xx_it.o
 .comment       0x0000000000000049       0x4a build/stm32f1xx_hal_msp.o
 .comment       0x0000000000000049       0x4a build/stm32f1xx_hal_tim.o
 .comment       0x0000000000000049       0x4a build/stm32f1xx_hal_tim_ex.o
 .comment       0x0000000000000049       0x4a build/stm32f1xx_hal.o
 .comment       0x0000000000000049       0x4a build/stm32f1xx_hal_rcc.o
 .comment       0x0000000000000049       0x4a build/stm32f1xx_hal_gpio.o
 .comment       0x0000000000000049       0x4a build/stm32f1xx_hal_dma.o
 .comment       0x0000000000000049       0x4a build/stm32f1xx_hal_cortex.o
 .comment       0x0000000000000049       0x4a build/system_stm32f1xx.o
 .comment       0x0000000000000049       0x4a build/dma.o
 .comment       0x0000000000000049       0x4a build/usart.o
 .comment       0x0000000000000049       0x4a build/stm32f1xx_hal_uart.o

.debug_frame    0x0000000000000000     0x2f68
 .debug_frame   0x0000000000000000      0x2a0 build/main.o
 .debug_frame   0x00000000000002a0       0x38 build/gpio.o
 .debug_frame   0x00000000000002d8      0x164 build/tim.o
 .debug_frame   0x000000000000043c      0x1f4 build/jy62.o
 .debug_frame   0x0000000000000630      0x220 build/zigbee_edc24.o
 .debug_frame   0x0000000000000850      0x120 build/stm32f1xx_it.o
 .debug_frame   0x0000000000000970       0x28 build/stm32f1xx_hal_msp.o
 .debug_frame   0x0000000000000998      0xb04 build/stm32f1xx_hal_tim.o
 .debug_frame   0x000000000000149c      0x40c build/stm32f1xx_hal_tim_ex.o
 .debug_frame   0x00000000000018a8      0x1cc build/stm32f1xx_hal.o
 .debug_frame   0x0000000000001a74      0x190 build/stm32f1xx_hal_rcc.o
 .debug_frame   0x0000000000001c04       0xe4 build/stm32f1xx_hal_gpio.o
 .debug_frame   0x0000000000001ce8      0x140 build/stm32f1xx_hal_dma.o
 .debug_frame   0x0000000000001e28      0x118 build/stm32f1xx_hal_cortex.o
 .debug_frame   0x0000000000001f40       0x30 build/system_stm32f1xx.o
 .debug_frame   0x0000000000001f70       0x2c build/dma.o
 .debug_frame   0x0000000000001f9c      0x114 build/usart.o
 .debug_frame   0x00000000000020b0      0x5c4 build/stm32f1xx_hal_uart.o
 .debug_frame   0x0000000000002674       0x2c /Applications/ARM/bin/../lib/gcc/arm-none-eabi/10.3.1/../../../../arm-none-eabi/lib/thumb/v7-m/nofp/libc.a(lib_a-init.o)
 .debug_frame   0x00000000000026a0       0x2c /Applications/ARM/bin/../lib/gcc/arm-none-eabi/10.3.1/../../../../arm-none-eabi/lib/thumb/v7-m/nofp/libc.a(lib_a-memset.o)
 .debug_frame   0x00000000000026cc       0x5c /Applications/ARM/bin/../lib/gcc/arm-none-eabi/10.3.1/../../../../arm-none-eabi/lib/thumb/v7-m/nofp/libc.a(lib_a-__call_atexit.o)
 .debug_frame   0x0000000000002728       0x20 /Applications/ARM/bin/../lib/gcc/arm-none-eabi/10.3.1/../../../../arm-none-eabi/lib/thumb/v7-m/nofp/libc.a(lib_a-atexit.o)
 .debug_frame   0x0000000000002748       0x34 /Applications/ARM/bin/../lib/gcc/arm-none-eabi/10.3.1/../../../../arm-none-eabi/lib/thumb/v7-m/nofp/libc.a(lib_a-fini.o)
 .debug_frame   0x000000000000277c       0xb0 /Applications/ARM/bin/../lib/gcc/arm-none-eabi/10.3.1/../../../../arm-none-eabi/lib/thumb/v7-m/nofp/libc.a(lib_a-lock.o)
 .debug_frame   0x000000000000282c       0x34 /Applications/ARM/bin/../lib/gcc/arm-none-eabi/10.3.1/../../../../arm-none-eabi/lib/thumb/v7-m/nofp/libc.a(lib_a-__atexit.o)
 .debug_frame   0x0000000000002860       0x20 /Applications/ARM/bin/../lib/gcc/arm-none-eabi/10.3.1/../../../../arm-none-eabi/lib/thumb/v7-m/nofp/libc.a(lib_a-errno.o)
 .debug_frame   0x0000000000002880       0x3c /Applications/ARM/bin/../lib/gcc/arm-none-eabi/10.3.1/../../../../arm-none-eabi/lib/thumb/v7-m/nofp/libm.a(lib_a-s_cos.o)
 .debug_frame   0x00000000000028bc       0x38 /Applications/ARM/bin/../lib/gcc/arm-none-eabi/10.3.1/../../../../arm-none-eabi/lib/thumb/v7-m/nofp/libm.a(lib_a-s_sin.o)
 .debug_frame   0x00000000000028f4       0x20 /Applications/ARM/bin/../lib/gcc/arm-none-eabi/10.3.1/../../../../arm-none-eabi/lib/thumb/v7-m/nofp/libm.a(lib_a-w_atan2.o)
 .debug_frame   0x0000000000002914       0x30 /Applications/ARM/bin/../lib/gcc/arm-none-eabi/10.3.1/../../../../arm-none-eabi/lib/thumb/v7-m/nofp/libm.a(lib_a-w_sqrt.o)
 .debug_frame   0x0000000000002944       0x48 /Applications/ARM/bin/../lib/gcc/arm-none-eabi/10.3.1/../../../../arm-none-eabi/lib/thumb/v7-m/nofp/libm.a(lib_a-e_atan2.o)
 .debug_frame   0x000000000000298c       0x4c /Applications/ARM/bin/../lib/gcc/arm-none-eabi/10.3.1/../../../../arm-none-eabi/lib/thumb/v7-m/nofp/libm.a(lib_a-e_rem_pio2.o)
 .debug_frame   0x00000000000029d8       0x34 /Applications/ARM/bin/../lib/gcc/arm-none-eabi/10.3.1/../../../../arm-none-eabi/lib/thumb/v7-m/nofp/libm.a(lib_a-e_sqrt.o)
 .debug_frame   0x0000000000002a0c       0x4c /Applications/ARM/bin/../lib/gcc/arm-none-eabi/10.3.1/../../../../arm-none-eabi/lib/thumb/v7-m/nofp/libm.a(lib_a-k_cos.o)
 .debug_frame   0x0000000000002a58       0x58 /Applications/ARM/bin/../lib/gcc/arm-none-eabi/10.3.1/../../../../arm-none-eabi/lib/thumb/v7-m/nofp/libm.a(lib_a-k_rem_pio2.o)
 .debug_frame   0x0000000000002ab0       0x48 /Applications/ARM/bin/../lib/gcc/arm-none-eabi/10.3.1/../../../../arm-none-eabi/lib/thumb/v7-m/nofp/libm.a(lib_a-k_sin.o)
 .debug_frame   0x0000000000002af8       0x38 /Applications/ARM/bin/../lib/gcc/arm-none-eabi/10.3.1/../../../../arm-none-eabi/lib/thumb/v7-m/nofp/libm.a(lib_a-s_atan.o)
 .debug_frame   0x0000000000002b30       0x20 /Applications/ARM/bin/../lib/gcc/arm-none-eabi/10.3.1/../../../../arm-none-eabi/lib/thumb/v7-m/nofp/libm.a(lib_a-s_fabs.o)
 .debug_frame   0x0000000000002b50       0x30 /Applications/ARM/bin/../lib/gcc/arm-none-eabi/10.3.1/../../../../arm-none-eabi/lib/thumb/v7-m/nofp/libm.a(lib_a-s_floor.o)
 .debug_frame   0x0000000000002b80       0x2c /Applications/ARM/bin/../lib/gcc/arm-none-eabi/10.3.1/../../../../arm-none-eabi/lib/thumb/v7-m/nofp/libm.a(lib_a-s_scalbn.o)
 .debug_frame   0x0000000000002bac       0xac /Applications/ARM/bin/../lib/gcc/arm-none-eabi/10.3.1/thumb/v7-m/nofp/libgcc.a(_arm_addsubdf3.o)
 .debug_frame   0x0000000000002c58       0x50 /Applications/ARM/bin/../lib/gcc/arm-none-eabi/10.3.1/thumb/v7-m/nofp/libgcc.a(_arm_muldivdf3.o)
 .debug_frame   0x0000000000002ca8       0xc4 /Applications/ARM/bin/../lib/gcc/arm-none-eabi/10.3.1/thumb/v7-m/nofp/libgcc.a(_arm_cmpdf2.o)
 .debug_frame   0x0000000000002d6c       0x20 /Applications/ARM/bin/../lib/gcc/arm-none-eabi/10.3.1/thumb/v7-m/nofp/libgcc.a(_arm_unorddf2.o)
 .debug_frame   0x0000000000002d8c       0x24 /Applications/ARM/bin/../lib/gcc/arm-none-eabi/10.3.1/thumb/v7-m/nofp/libgcc.a(_arm_fixdfsi.o)
 .debug_frame   0x0000000000002db0       0x24 /Applications/ARM/bin/../lib/gcc/arm-none-eabi/10.3.1/thumb/v7-m/nofp/libgcc.a(_arm_truncdfsf2.o)
 .debug_frame   0x0000000000002dd4       0x4c /Applications/ARM/bin/../lib/gcc/arm-none-eabi/10.3.1/thumb/v7-m/nofp/libgcc.a(_arm_addsubsf3.o)
 .debug_frame   0x0000000000002e20       0x38 /Applications/ARM/bin/../lib/gcc/arm-none-eabi/10.3.1/thumb/v7-m/nofp/libgcc.a(_arm_muldivsf3.o)
 .debug_frame   0x0000000000002e58       0xc8 /Applications/ARM/bin/../lib/gcc/arm-none-eabi/10.3.1/thumb/v7-m/nofp/libgcc.a(_arm_cmpsf2.o)
 .debug_frame   0x0000000000002f20       0x24 /Applications/ARM/bin/../lib/gcc/arm-none-eabi/10.3.1/thumb/v7-m/nofp/libgcc.a(_arm_fixsfsi.o)
 .debug_frame   0x0000000000002f44       0x24 /Applications/ARM/bin/../lib/gcc/arm-none-eabi/10.3.1/thumb/v7-m/nofp/libgcc.a(_arm_fixunssfsi.o)

.stabstr        0x0000000000000000      0x1b9
 .stabstr       0x0000000000000000      0x1b9 /Applications/ARM/bin/../lib/gcc/arm-none-eabi/10.3.1/../../../../arm-none-eabi/lib/thumb/v7-m/nofp/libnosys.a(close.o)

Cross Reference Table

Symbol                                            File
ADC1_2_IRQHandler                                 build/startup_stm32f103xe.o
ADC3_IRQHandler                                   build/startup_stm32f103xe.o
AHBPrescTable                                     build/system_stm32f1xx.o
                                                  build/stm32f1xx_hal_rcc.o
APBPrescTable                                     build/system_stm32f1xx.o
                                                  build/stm32f1xx_hal_rcc.o
Accelerate                                        build/jy62.o
Angle                                             build/jy62.o
BusFault_Handler                                  build/stm32f1xx_it.o
CAN1_RX1_IRQHandler                               build/startup_stm32f103xe.o
CAN1_SCE_IRQHandler                               build/startup_stm32f103xe.o
CD                                                build/main.o
Calibrate                                         build/jy62.o
                                                  build/main.o
DMA1_Channel1_IRQHandler                          build/startup_stm32f103xe.o
DMA1_Channel2_IRQHandler                          build/startup_stm32f103xe.o
DMA1_Channel3_IRQHandler                          build/stm32f1xx_it.o
DMA1_Channel4_IRQHandler                          build/startup_stm32f103xe.o
DMA1_Channel5_IRQHandler                          build/startup_stm32f103xe.o
DMA1_Channel6_IRQHandler                          build/stm32f1xx_it.o
DMA1_Channel7_IRQHandler                          build/startup_stm32f103xe.o
DMA2_Channel1_IRQHandler                          build/startup_stm32f103xe.o
DMA2_Channel2_IRQHandler                          build/startup_stm32f103xe.o
DMA2_Channel3_IRQHandler                          build/startup_stm32f103xe.o
DMA2_Channel4_5_IRQHandler                        build/startup_stm32f103xe.o
DebugMon_Handler                                  build/stm32f1xx_it.o
Decode                                            build/jy62.o
DecodeAccelerate                                  build/jy62.o
DecodeAngle                                       build/jy62.o
DecodeTemperature                                 build/jy62.o
DecodeVelocity                                    build/jy62.o
Default_Handler                                   build/startup_stm32f103xe.o
EXTI0_IRQHandler                                  build/startup_stm32f103xe.o
EXTI15_10_IRQHandler                              build/startup_stm32f103xe.o
EXTI1_IRQHandler                                  build/startup_stm32f103xe.o
EXTI2_IRQHandler                                  build/startup_stm32f103xe.o
EXTI3_IRQHandler                                  build/startup_stm32f103xe.o
EXTI4_IRQHandler                                  build/startup_stm32f103xe.o
EXTI9_5_IRQHandler                                build/startup_stm32f103xe.o
Error_Handler                                     build/main.o
                                                  build/usart.o
                                                  build/tim.o
FLASH_IRQHandler                                  build/startup_stm32f103xe.o
FLASH_PageErase                                   build/stm32f1xx_hal_flash_ex.o
                                                  build/stm32f1xx_hal_flash.o
FLASH_WaitForLastOperation                        build/stm32f1xx_hal_flash.o
                                                  build/stm32f1xx_hal_flash_ex.o
FSMC_IRQHandler                                   build/startup_stm32f103xe.o
GetAccX                                           build/jy62.o
GetAccY                                           build/jy62.o
GetAccZ                                           build/jy62.o
GetPitch                                          build/jy62.o
GetPosition                                       build/main.o
GetRoll                                           build/jy62.o
GetTemperature                                    build/jy62.o
GetVeloX                                          build/jy62.o
GetVeloY                                          build/jy62.o
GetVeloZ                                          build/jy62.o
GetYaw                                            build/jy62.o
                                                  build/main.o
Get_time                                          build/main.o
H                                                 build/main.o
HAL_DBGMCU_DisableDBGSleepMode                    build/stm32f1xx_hal.o
HAL_DBGMCU_DisableDBGStandbyMode                  build/stm32f1xx_hal.o
HAL_DBGMCU_DisableDBGStopMode                     build/stm32f1xx_hal.o
HAL_DBGMCU_EnableDBGSleepMode                     build/stm32f1xx_hal.o
HAL_DBGMCU_EnableDBGStandbyMode                   build/stm32f1xx_hal.o
HAL_DBGMCU_EnableDBGStopMode                      build/stm32f1xx_hal.o
HAL_DMA_Abort                                     build/stm32f1xx_hal_dma.o
                                                  build/stm32f1xx_hal_uart.o
HAL_DMA_Abort_IT                                  build/stm32f1xx_hal_dma.o
                                                  build/stm32f1xx_hal_uart.o
                                                  build/stm32f1xx_hal_tim_ex.o
                                                  build/stm32f1xx_hal_tim.o
HAL_DMA_DeInit                                    build/stm32f1xx_hal_dma.o
                                                  build/usart.o
HAL_DMA_GetError                                  build/stm32f1xx_hal_dma.o
                                                  build/stm32f1xx_hal_uart.o
HAL_DMA_GetState                                  build/stm32f1xx_hal_dma.o
HAL_DMA_IRQHandler                                build/stm32f1xx_hal_dma.o
                                                  build/stm32f1xx_it.o
HAL_DMA_Init                                      build/stm32f1xx_hal_dma.o
                                                  build/usart.o
HAL_DMA_PollForTransfer                           build/stm32f1xx_hal_dma.o
HAL_DMA_RegisterCallback                          build/stm32f1xx_hal_dma.o
HAL_DMA_Start                                     build/stm32f1xx_hal_dma.o
HAL_DMA_Start_IT                                  build/stm32f1xx_hal_dma.o
                                                  build/stm32f1xx_hal_uart.o
                                                  build/stm32f1xx_hal_tim_ex.o
                                                  build/stm32f1xx_hal_tim.o
HAL_DMA_UnRegisterCallback                        build/stm32f1xx_hal_dma.o
HAL_DeInit                                        build/stm32f1xx_hal.o
HAL_Delay                                         build/stm32f1xx_hal.o
                                                  build/main.o
HAL_EXTI_ClearConfigLine                          build/stm32f1xx_hal_exti.o
HAL_EXTI_ClearPending                             build/stm32f1xx_hal_exti.o
HAL_EXTI_GenerateSWI                              build/stm32f1xx_hal_exti.o
HAL_EXTI_GetConfigLine                            build/stm32f1xx_hal_exti.o
HAL_EXTI_GetHandle                                build/stm32f1xx_hal_exti.o
HAL_EXTI_GetPending                               build/stm32f1xx_hal_exti.o
HAL_EXTI_IRQHandler                               build/stm32f1xx_hal_exti.o
HAL_EXTI_RegisterCallback                         build/stm32f1xx_hal_exti.o
HAL_EXTI_SetConfigLine                            build/stm32f1xx_hal_exti.o
HAL_FLASHEx_Erase                                 build/stm32f1xx_hal_flash_ex.o
HAL_FLASHEx_Erase_IT                              build/stm32f1xx_hal_flash_ex.o
HAL_FLASHEx_OBErase                               build/stm32f1xx_hal_flash_ex.o
HAL_FLASHEx_OBGetConfig                           build/stm32f1xx_hal_flash_ex.o
HAL_FLASHEx_OBGetUserData                         build/stm32f1xx_hal_flash_ex.o
HAL_FLASHEx_OBProgram                             build/stm32f1xx_hal_flash_ex.o
HAL_FLASH_EndOfOperationCallback                  build/stm32f1xx_hal_flash.o
HAL_FLASH_GetError                                build/stm32f1xx_hal_flash.o
HAL_FLASH_IRQHandler                              build/stm32f1xx_hal_flash.o
HAL_FLASH_Lock                                    build/stm32f1xx_hal_flash.o
HAL_FLASH_OB_Launch                               build/stm32f1xx_hal_flash.o
HAL_FLASH_OB_Lock                                 build/stm32f1xx_hal_flash.o
HAL_FLASH_OB_Unlock                               build/stm32f1xx_hal_flash.o
HAL_FLASH_OperationErrorCallback                  build/stm32f1xx_hal_flash.o
HAL_FLASH_Program                                 build/stm32f1xx_hal_flash.o
HAL_FLASH_Program_IT                              build/stm32f1xx_hal_flash.o
HAL_FLASH_Unlock                                  build/stm32f1xx_hal_flash.o
HAL_GPIOEx_ConfigEventout                         build/stm32f1xx_hal_gpio_ex.o
HAL_GPIOEx_DisableEventout                        build/stm32f1xx_hal_gpio_ex.o